main.c:63:1:__io_putchar	16	static
main.c:69:5:main	16	static
main.c:122:5:Loop3_NoObject	248	static
main.c:176:5:Loop4_OuterLoop	264	static
main.c:311:6:SystemClock_Config	96	static
main.c:370:13:MX_I2C1_Init	8	static
main.c:416:13:MX_I2C4_Init	8	static
main.c:462:13:MX_RTC_Init	32	static
main.c:511:13:MX_TIM16_Init	80	static
main.c:573:13:MX_UART4_Init	8	static
main.c:621:13:MX_USB_OTG_FS_PCD_Init	8	static
main.c:655:13:MX_GPIO_Init	56	static
main.c:757:6:Error_Handler	4	static,ignoring_inline_asm
