main.c:93:1:__io_putchar	16	static
main.c:109:5:main	88	static
main.c:223:6:magcalMPU9250	80	static
main.c:276:5:GetGyroData	16	static
main.c:284:5:GetAccelData	16	static
main.c:292:5:GetMagData	24	static
main.c:317:5:WrByte	16	static
main.c:327:5:_I2CWrite	40	static
main.c:337:5:RdByte	24	static
main.c:349:5:_I2CRead	40	static
main.c:360:5:ReadMulti	24	static
main.c:376:6:SystemClock_Config	88	static
main.c:422:13:MX_I2C2_Init	8	static
main.c:456:13:MX_USART2_UART_Init	8	static
main.c:489:13:MX_GPIO_Init	24	static
main.c:507:6:Error_Handler	4	static,ignoring_inline_asm
