Archive member included to satisfy reference by file (symbol)

d:/st/stm32cubeide_1.8.0/stm32cubeide/plugins/com.st.stm32cube.ide.mcu.externaltools.gnu-tools-for-stm32.9-2020-q2-update.win32_2.0.0.202105311346/tools/bin/../lib/gcc/arm-none-eabi/9.3.1/../../../../arm-none-eabi/lib/thumb/v7e-m+fp/hard\libc_nano.a(lib_a-errno.o)
                              ./Core/Src/syscalls.o (__errno)
d:/st/stm32cubeide_1.8.0/stm32cubeide/plugins/com.st.stm32cube.ide.mcu.externaltools.gnu-tools-for-stm32.9-2020-q2-update.win32_2.0.0.202105311346/tools/bin/../lib/gcc/arm-none-eabi/9.3.1/../../../../arm-none-eabi/lib/thumb/v7e-m+fp/hard\libc_nano.a(lib_a-exit.o)
                              d:/st/stm32cubeide_1.8.0/stm32cubeide/plugins/com.st.stm32cube.ide.mcu.externaltools.gnu-tools-for-stm32.9-2020-q2-update.win32_2.0.0.202105311346/tools/bin/../lib/gcc/arm-none-eabi/9.3.1/../../../../arm-none-eabi/lib/thumb/v7e-m+fp/hard/crt0.o (exit)
d:/st/stm32cubeide_1.8.0/stm32cubeide/plugins/com.st.stm32cube.ide.mcu.externaltools.gnu-tools-for-stm32.9-2020-q2-update.win32_2.0.0.202105311346/tools/bin/../lib/gcc/arm-none-eabi/9.3.1/../../../../arm-none-eabi/lib/thumb/v7e-m+fp/hard\libc_nano.a(lib_a-fclose.o)
                              ./Drivers/VL53L0x/Api/platform/src/vl53l0x_platform_log.o (fclose)
d:/st/stm32cubeide_1.8.0/stm32cubeide/plugins/com.st.stm32cube.ide.mcu.externaltools.gnu-tools-for-stm32.9-2020-q2-update.win32_2.0.0.202105311346/tools/bin/../lib/gcc/arm-none-eabi/9.3.1/../../../../arm-none-eabi/lib/thumb/v7e-m+fp/hard\libc_nano.a(lib_a-fflush.o)
                              d:/st/stm32cubeide_1.8.0/stm32cubeide/plugins/com.st.stm32cube.ide.mcu.externaltools.gnu-tools-for-stm32.9-2020-q2-update.win32_2.0.0.202105311346/tools/bin/../lib/gcc/arm-none-eabi/9.3.1/../../../../arm-none-eabi/lib/thumb/v7e-m+fp/hard\libc_nano.a(lib_a-fclose.o) (__sflush_r)
d:/st/stm32cubeide_1.8.0/stm32cubeide/plugins/com.st.stm32cube.ide.mcu.externaltools.gnu-tools-for-stm32.9-2020-q2-update.win32_2.0.0.202105311346/tools/bin/../lib/gcc/arm-none-eabi/9.3.1/../../../../arm-none-eabi/lib/thumb/v7e-m+fp/hard\libc_nano.a(lib_a-findfp.o)
                              d:/st/stm32cubeide_1.8.0/stm32cubeide/plugins/com.st.stm32cube.ide.mcu.externaltools.gnu-tools-for-stm32.9-2020-q2-update.win32_2.0.0.202105311346/tools/bin/../lib/gcc/arm-none-eabi/9.3.1/../../../../arm-none-eabi/lib/thumb/v7e-m+fp/hard\libc_nano.a(lib_a-fclose.o) (__sfp_lock_acquire)
d:/st/stm32cubeide_1.8.0/stm32cubeide/plugins/com.st.stm32cube.ide.mcu.externaltools.gnu-tools-for-stm32.9-2020-q2-update.win32_2.0.0.202105311346/tools/bin/../lib/gcc/arm-none-eabi/9.3.1/../../../../arm-none-eabi/lib/thumb/v7e-m+fp/hard\libc_nano.a(lib_a-fopen.o)
                              ./Drivers/VL53L0x/Api/platform/src/vl53l0x_platform_log.o (fopen)
d:/st/stm32cubeide_1.8.0/stm32cubeide/plugins/com.st.stm32cube.ide.mcu.externaltools.gnu-tools-for-stm32.9-2020-q2-update.win32_2.0.0.202105311346/tools/bin/../lib/gcc/arm-none-eabi/9.3.1/../../../../arm-none-eabi/lib/thumb/v7e-m+fp/hard\libc_nano.a(lib_a-fprintf.o)
                              ./Drivers/VL53L0x/Api/platform/src/vl53l0x_platform_log.o (fprintf)
d:/st/stm32cubeide_1.8.0/stm32cubeide/plugins/com.st.stm32cube.ide.mcu.externaltools.gnu-tools-for-stm32.9-2020-q2-update.win32_2.0.0.202105311346/tools/bin/../lib/gcc/arm-none-eabi/9.3.1/../../../../arm-none-eabi/lib/thumb/v7e-m+fp/hard\libc_nano.a(lib_a-fseek.o)
                              d:/st/stm32cubeide_1.8.0/stm32cubeide/plugins/com.st.stm32cube.ide.mcu.externaltools.gnu-tools-for-stm32.9-2020-q2-update.win32_2.0.0.202105311346/tools/bin/../lib/gcc/arm-none-eabi/9.3.1/../../../../arm-none-eabi/lib/thumb/v7e-m+fp/hard\libc_nano.a(lib_a-fopen.o) (_fseek_r)
d:/st/stm32cubeide_1.8.0/stm32cubeide/plugins/com.st.stm32cube.ide.mcu.externaltools.gnu-tools-for-stm32.9-2020-q2-update.win32_2.0.0.202105311346/tools/bin/../lib/gcc/arm-none-eabi/9.3.1/../../../../arm-none-eabi/lib/thumb/v7e-m+fp/hard\libc_nano.a(lib_a-fseeko.o)
                              d:/st/stm32cubeide_1.8.0/stm32cubeide/plugins/com.st.stm32cube.ide.mcu.externaltools.gnu-tools-for-stm32.9-2020-q2-update.win32_2.0.0.202105311346/tools/bin/../lib/gcc/arm-none-eabi/9.3.1/../../../../arm-none-eabi/lib/thumb/v7e-m+fp/hard\libc_nano.a(lib_a-fseek.o) (_fseeko_r)
d:/st/stm32cubeide_1.8.0/stm32cubeide/plugins/com.st.stm32cube.ide.mcu.externaltools.gnu-tools-for-stm32.9-2020-q2-update.win32_2.0.0.202105311346/tools/bin/../lib/gcc/arm-none-eabi/9.3.1/../../../../arm-none-eabi/lib/thumb/v7e-m+fp/hard\libc_nano.a(lib_a-ftello.o)
                              d:/st/stm32cubeide_1.8.0/stm32cubeide/plugins/com.st.stm32cube.ide.mcu.externaltools.gnu-tools-for-stm32.9-2020-q2-update.win32_2.0.0.202105311346/tools/bin/../lib/gcc/arm-none-eabi/9.3.1/../../../../arm-none-eabi/lib/thumb/v7e-m+fp/hard\libc_nano.a(lib_a-fseeko.o) (_ftello_r)
[...]
Memory Configuration

Name             Origin             Length             Attributes
RAM              0x0000000020000000 0x0000000000020000 xrw
FLASH            0x0000000008000000 0x0000000000080000 xr
*default*        0x0000000000000000 0xffffffffffffffff

Linker script and memory map

LOAD d:/st/stm32cubeide_1.8.0/stm32cubeide/plugins/com.st.stm32cube.ide.mcu.externaltools.gnu-tools-for-stm32.9-2020-q2-update.win32_2.0.0.202105311346/tools/bin/../lib/gcc/arm-none-eabi/9.3.1/thumb/v7e-m+fp/hard/crti.o
LOAD d:/st/stm32cubeide_1.8.0/stm32cubeide/plugins/com.st.stm32cube.ide.mcu.externaltools.gnu-tools-for-stm32.9-2020-q2-update.win32_2.0.0.202105311346/tools/bin/../lib/gcc/arm-none-eabi/9.3.1/thumb/v7e-m+fp/hard/crtbegin.o
LOAD d:/st/stm32cubeide_1.8.0/stm32cubeide/plugins/com.st.stm32cube.ide.mcu.externaltools.gnu-tools-for-stm32.9-2020-q2-update.win32_2.0.0.202105311346/tools/bin/../lib/gcc/arm-none-eabi/9.3.1/../../../../arm-none-eabi/lib/thumb/v7e-m+fp/hard/crt0.o
LOAD ./Core/Src/bretts_helper.o
LOAD ./Core/Src/main.o
LOAD ./Core/Src/stm32f4xx_hal_msp.o
LOAD ./Core/Src/stm32f4xx_it.o
LOAD ./Core/Src/syscalls.o
LOAD ./Core/Src/sysmem.o
LOAD ./Core/Src/system_stm32f4xx.o
LOAD ./Core/Startup/startup_stm32f446retx.o
LOAD ./Drivers/STM32F4xx_HAL_Driver/Src/stm32f4xx_hal.o
LOAD ./Drivers/STM32F4xx_HAL_Driver/Src/stm32f4xx_hal_cortex.o
LOAD ./Drivers/STM32F4xx_HAL_Driver/Src/stm32f4xx_hal_dma.o
LOAD ./Drivers/STM32F4xx_HAL_Driver/Src/stm32f4xx_hal_dma_ex.o
LOAD ./Drivers/STM32F4xx_HAL_Driver/Src/stm32f4xx_hal_exti.o
LOAD ./Drivers/STM32F4xx_HAL_Driver/Src/stm32f4xx_hal_flash.o
LOAD ./Drivers/STM32F4xx_HAL_Driver/Src/stm32f4xx_hal_flash_ex.o
LOAD ./Drivers/STM32F4xx_HAL_Driver/Src/stm32f4xx_hal_flash_ramfunc.o
LOAD ./Drivers/STM32F4xx_HAL_Driver/Src/stm32f4xx_hal_gpio.o
LOAD ./Drivers/STM32F4xx_HAL_Driver/Src/stm32f4xx_hal_i2c.o
LOAD ./Drivers/STM32F4xx_HAL_Driver/Src/stm32f4xx_hal_i2c_ex.o
LOAD ./Drivers/STM32F4xx_HAL_Driver/Src/stm32f4xx_hal_pwr.o
LOAD ./Drivers/STM32F4xx_HAL_Driver/Src/stm32f4xx_hal_pwr_ex.o
LOAD ./Drivers/STM32F4xx_HAL_Driver/Src/stm32f4xx_hal_rcc.o
LOAD ./Drivers/STM32F4xx_HAL_Driver/Src/stm32f4xx_hal_rcc_ex.o
LOAD ./Drivers/STM32F4xx_HAL_Driver/Src/stm32f4xx_hal_tim.o
LOAD ./Drivers/STM32F4xx_HAL_Driver/Src/stm32f4xx_hal_tim_ex.o
LOAD ./Drivers/STM32F4xx_HAL_Driver/Src/stm32f4xx_hal_uart.o
LOAD ./Drivers/VL53L0x/Api/core/src/vl53l0x_api.o
LOAD ./Drivers/VL53L0x/Api/core/src/vl53l0x_api_calibration.o
LOAD ./Drivers/VL53L0x/Api/core/src/vl53l0x_api_core.o
LOAD ./Drivers/VL53L0x/Api/core/src/vl53l0x_api_ranging.o
LOAD ./Drivers/VL53L0x/Api/core/src/vl53l0x_api_strings.o
LOAD ./Drivers/VL53L0x/Api/platform/src/vl53l0x_platform.o
LOAD ./Drivers/VL53L0x/Api/platform/src/vl53l0x_platform_log.o
START GROUP
LOAD d:/st/stm32cubeide_1.8.0/stm32cubeide/plugins/com.st.stm32cube.ide.mcu.externaltools.gnu-tools-for-stm32.9-2020-q2-update.win32_2.0.0.202105311346/tools/bin/../lib/gcc/arm-none-eabi/9.3.1/../../../../arm-none-eabi/lib/thumb/v7e-m+fp/hard\libc_nano.a
LOAD d:/st/stm32cubeide_1.8.0/stm32cubeide/plugins/com.st.stm32cube.ide.mcu.externaltools.gnu-tools-for-stm32.9-2020-q2-update.win32_2.0.0.202105311346/tools/bin/../lib/gcc/arm-none-eabi/9.3.1/../../../../arm-none-eabi/lib/thumb/v7e-m+fp/hard\libm.a
END GROUP
START GROUP
LOAD d:/st/stm32cubeide_1.8.0/stm32cubeide/plugins/com.st.stm32cube.ide.mcu.externaltools.gnu-tools-for-stm32.9-2020-q2-update.win32_2.0.0.202105311346/tools/bin/../lib/gcc/arm-none-eabi/9.3.1/thumb/v7e-m+fp/hard\libgcc.a
LOAD d:/st/stm32cubeide_1.8.0/stm32cubeide/plugins/com.st.stm32cube.ide.mcu.externaltools.gnu-tools-for-stm32.9-2020-q2-update.win32_2.0.0.202105311346/tools/bin/../lib/gcc/arm-none-eabi/9.3.1/../../../../arm-none-eabi/lib/thumb/v7e-m+fp/hard\libc_nano.a
END GROUP
START GROUP
LOAD d:/st/stm32cubeide_1.8.0/stm32cubeide/plugins/com.st.stm32cube.ide.mcu.externaltools.gnu-tools-for-stm32.9-2020-q2-update.win32_2.0.0.202105311346/tools/bin/../lib/gcc/arm-none-eabi/9.3.1/thumb/v7e-m+fp/hard\libgcc.a
LOAD d:/st/stm32cubeide_1.8.0/stm32cubeide/plugins/com.st.stm32cube.ide.mcu.externaltools.gnu-tools-for-stm32.9-2020-q2-update.win32_2.0.0.202105311346/tools/bin/../lib/gcc/arm-none-eabi/9.3.1/../../../../arm-none-eabi/lib/thumb/v7e-m+fp/hard\libc_nano.a
LOAD d:/st/stm32cubeide_1.8.0/stm32cubeide/plugins/com.st.stm32cube.ide.mcu.externaltools.gnu-tools-for-stm32.9-2020-q2-update.win32_2.0.0.202105311346/tools/bin/../lib/gcc/arm-none-eabi/9.3.1/../../../../arm-none-eabi/lib/thumb/v7e-m+fp/hard\libnosys.a
END GROUP
START GROUP
LOAD d:/st/stm32cubeide_1.8.0/stm32cubeide/plugins/com.st.stm32cube.ide.mcu.externaltools.gnu-tools-for-stm32.9-2020-q2-update.win32_2.0.0.202105311346/tools/bin/../lib/gcc/arm-none-eabi/9.3.1/thumb/v7e-m+fp/hard\libgcc.a
LOAD d:/st/stm32cubeide_1.8.0/stm32cubeide/plugins/com.st.stm32cube.ide.mcu.externaltools.gnu-tools-for-stm32.9-2020-q2-update.win32_2.0.0.202105311346/tools/bin/../lib/gcc/arm-none-eabi/9.3.1/../../../../arm-none-eabi/lib/thumb/v7e-m+fp/hard\libc_nano.a
LOAD d:/st/stm32cubeide_1.8.0/stm32cubeide/plugins/com.st.stm32cube.ide.mcu.externaltools.gnu-tools-for-stm32.9-2020-q2-update.win32_2.0.0.202105311346/tools/bin/../lib/gcc/arm-none-eabi/9.3.1/../../../../arm-none-eabi/lib/thumb/v7e-m+fp/hard\libnosys.a
END GROUP
LOAD d:/st/stm32cubeide_1.8.0/stm32cubeide/plugins/com.st.stm32cube.ide.mcu.externaltools.gnu-tools-for-stm32.9-2020-q2-update.win32_2.0.0.202105311346/tools/bin/../lib/gcc/arm-none-eabi/9.3.1/thumb/v7e-m+fp/hard/crtend.o
LOAD d:/st/stm32cubeide_1.8.0/stm32cubeide/plugins/com.st.stm32cube.ide.mcu.externaltools.gnu-tools-for-stm32.9-2020-q2-update.win32_2.0.0.202105311346/tools/bin/../lib/gcc/arm-none-eabi/9.3.1/thumb/v7e-m+fp/hard/crtn.o
                0x0000000020020000                _estack = (ORIGIN (RAM) + LENGTH (RAM))
                0x0000000000000200                _Min_Heap_Size = 0x200
                0x0000000000000400                _Min_Stack_Size = 0x400

.isr_vector     0x0000000008000000      0x1c4
                0x0000000008000000                . = ALIGN (0x4)
 *(.isr_vector)
 .isr_vector    0x0000000008000000      0x1c4 ./Core/Startup/startup_stm32f446retx.o
                0x0000000008000000                g_pfnVectors
                0x00000000080001c4                . = ALIGN (0x4)

.text           0x00000000080001d0     0xb940
                0x00000000080001d0                . = ALIGN (0x4)
 *(.text)
 .text          0x00000000080001d0       0x40 d:/st/stm32cubeide_1.8.0/stm32cubeide/plugins/com.st.stm32cube.ide.mcu.externaltools.gnu-tools-for-stm32.9-2020-q2-update.win32_2.0.0.202105311346/tools/bin/../lib/gcc/arm-none-eabi/9.3.1/thumb/v7e-m+fp/hard/crtbegin.o
 .text          0x0000000008000210       0x10 d:/st/stm32cubeide_1.8.0/stm32cubeide/plugins/com.st.stm32cube.ide.mcu.externaltools.gnu-tools-for-stm32.9-2020-q2-update.win32_2.0.0.202105311346/tools/bin/../lib/gcc/arm-none-eabi/9.3.1/../../../../arm-none-eabi/lib/thumb/v7e-m+fp/hard\libc_nano.a(lib_a-strlen.o)
                0x0000000008000210                strlen
 .text          0x0000000008000220       0xa0 d:/st/stm32cubeide_1.8.0/stm32cubeide/plugins/com.st.stm32cube.ide.mcu.externaltools.gnu-tools-for-stm32.9-2020-q2-update.win32_2.0.0.202105311346/tools/bin/../lib/gcc/arm-none-eabi/9.3.1/../../../../arm-none-eabi/lib/thumb/v7e-m+fp/hard\libc_nano.a(lib_a-memchr.o)
                0x0000000008000220                memchr
 .text          0x00000000080002c0      0x378 d:/st/stm32cubeide_1.8.0/stm32cubeide/plugins/com.st.stm32cube.ide.mcu.externaltools.gnu-tools-for-stm32.9-2020-q2-update.win32_2.0.0.202105311346/tools/bin/../lib/gcc/arm-none-eabi/9.3.1/thumb/v7e-m+fp/hard\libgcc.a(_arm_addsubdf3.o)
                0x00000000080002c0                __aeabi_drsub
                0x00000000080002c8                __aeabi_dsub
                0x00000000080002c8                __subdf3
                0x00000000080002cc                __aeabi_dadd
                0x00000000080002cc                __adddf3
                0x0000000008000544                __floatunsidf
                0x0000000008000544                __aeabi_ui2d
                0x0000000008000564                __floatsidf
                0x0000000008000564                __aeabi_i2d
                0x0000000008000588                __aeabi_f2d
                0x0000000008000588                __extendsfdf2
                0x00000000080005cc                __floatundidf
                0x00000000080005cc                __aeabi_ul2d
                0x00000000080005dc                __floatdidf
                0x00000000080005dc                __aeabi_l2d
 .text          0x0000000008000638      0x424 d:/st/stm32cubeide_1.8.0/stm32cubeide/plugins/com.st.stm32cube.ide.mcu.externaltools.gnu-tools-for-stm32.9-2020-q2-update.win32_2.0.0.202105311346/tools/bin/../lib/gcc/arm-none-eabi/9.3.1/thumb/v7e-m+fp/hard\libgcc.a(_arm_muldivdf3.o)
                0x0000000008000638                __aeabi_dmul
                0x0000000008000638                __muldf3
                0x000000000800088c                __divdf3
                0x000000000800088c                __aeabi_ddiv
 .text          0x0000000008000a5c      0x110 d:/st/stm32cubeide_1.8.0/stm32cubeide/plugins/com.st.stm32cube.ide.mcu.externaltools.gnu-tools-for-stm32.9-2020-q2-update.win32_2.0.0.202105311346/tools/bin/../lib/gcc/arm-none-eabi/9.3.1/thumb/v7e-m+fp/hard\libgcc.a(_arm_cmpdf2.o)
                0x0000000008000a5c                __gtdf2
                0x0000000008000a5c                __gedf2
                0x0000000008000a64                __ltdf2
                0x0000000008000a64                __ledf2
                0x0000000008000a6c                __nedf2
                0x0000000008000a6c                __eqdf2
                0x0000000008000a6c                __cmpdf2
                0x0000000008000ae8                __aeabi_cdrcmple
                0x0000000008000af8                __aeabi_cdcmpeq
                0x0000000008000af8                __aeabi_cdcmple
                0x0000000008000b08                __aeabi_dcmpeq
                0x0000000008000b1c                __aeabi_dcmplt
                0x0000000008000b30                __aeabi_dcmple
                0x0000000008000b44                __aeabi_dcmpge
                0x0000000008000b58                __aeabi_dcmpgt
 .text          0x0000000008000b6c       0x2c d:/st/stm32cubeide_1.8.0/stm32cubeide/plugins/com.st.stm32cube.ide.mcu.externaltools.gnu-tools-for-stm32.9-2020-q2-update.win32_2.0.0.202105311346/tools/bin/../lib/gcc/arm-none-eabi/9.3.1/thumb/v7e-m+fp/hard\libgcc.a(_arm_unorddf2.o)
                0x0000000008000b6c                __unorddf2
                0x0000000008000b6c                __aeabi_dcmpun
 .text          0x0000000008000b98       0x50 d:/st/stm32cubeide_1.8.0/stm32cubeide/plugins/com.st.stm32cube.ide.mcu.externaltools.gnu-tools-for-stm32.9-2020-q2-update.win32_2.0.0.202105311346/tools/bin/../lib/gcc/arm-none-eabi/9.3.1/thumb/v7e-m+fp/hard\libgcc.a(_arm_fixdfsi.o)
                0x0000000008000b98                __aeabi_d2iz
                0x0000000008000b98                __fixdfsi
 .text          0x0000000008000be8       0x30 d:/st/stm32cubeide_1.8.0/stm32cubeide/plugins/com.st.stm32cube.ide.mcu.externaltools.gnu-tools-for-stm32.9-2020-q2-update.win32_2.0.0.202105311346/tools/bin/../lib/gcc/arm-none-eabi/9.3.1/thumb/v7e-m+fp/hard\libgcc.a(_aeabi_uldivmod.o)
                0x0000000008000be8                __aeabi_uldivmod
 .text          0x0000000008000c18      0x2c4 d:/st/stm32cubeide_1.8.0/stm32cubeide/plugins/com.st.stm32cube.ide.mcu.externaltools.gnu-tools-for-stm32.9-2020-q2-update.win32_2.0.0.202105311346/tools/bin/../lib/gcc/arm-none-eabi/9.3.1/thumb/v7e-m+fp/hard\libgcc.a(_udivmoddi4.o)
                0x0000000008000c18                __udivmoddi4
 .text          0x0000000008000edc        0x4 d:/st/stm32cubeide_1.8.0/stm32cubeide/plugins/com.st.stm32cube.ide.mcu.externaltools.gnu-tools-for-stm32.9-2020-q2-update.win32_2.0.0.202105311346/tools/bin/../lib/gcc/arm-none-eabi/9.3.1/thumb/v7e-m+fp/hard\libgcc.a(_dvmd_tls.o)
                0x0000000008000edc                __aeabi_idiv0
                0x0000000008000edc                __aeabi_ldiv0
 *(.text*)
 .text.Brett_IR_StartSingle
                0x0000000008000ee0       0x5c ./Core/Src/bretts_helper.o
                0x0000000008000ee0                Brett_IR_StartSingle
 .text.Brett_IR_InitIrSensor
                0x0000000008000f3c      0x104 ./Core/Src/bretts_helper.o
                0x0000000008000f3c                Brett_IR_InitIrSensor
 .text.Brett_IR_SetHighSpeed
                0x0000000008001040       0x64 ./Core/Src/bretts_helper.o
                0x0000000008001040                Brett_IR_SetHighSpeed
 .text.Brett_IR_SetHighAcc
                0x00000000080010a4       0x64 ./Core/Src/bretts_helper.o
                0x00000000080010a4                Brett_IR_SetHighAcc
 .text.Brett_IR_SetLongRange
                0x0000000008001108       0x80 ./Core/Src/bretts_helper.o
                0x0000000008001108                Brett_IR_SetLongRange
 .text.__io_putchar
                0x0000000008001188       0x24 ./Core/Src/main.o
                0x0000000008001188                __io_putchar
 .text.main     0x00000000080011ac      0x150 ./Core/Src/main.o
                0x00000000080011ac                main
 .text.SystemClock_Config
                0x00000000080012fc       0xdc ./Core/Src/main.o
                0x00000000080012fc                SystemClock_Config
 .text.MX_I2C2_Init
                0x00000000080013d8       0x5c ./Core/Src/main.o
 .text.MX_USART2_UART_Init
                0x0000000008001434       0x54 ./Core/Src/main.o
 .text.MX_GPIO_Init
                0x0000000008001488       0x7c ./Core/Src/main.o
 .text.Error_Handler
                0x0000000008001504        0xa ./Core/Src/main.o
                0x0000000008001504                Error_Handler
 *fill*         0x000000000800150e        0x2 
 .text.HAL_MspInit
                0x0000000008001510       0x50 ./Core/Src/stm32f4xx_hal_msp.o
                0x0000000008001510                HAL_MspInit
 .text.HAL_I2C_MspInit
                0x0000000008001560       0xd4 ./Core/Src/stm32f4xx_hal_msp.o
                0x0000000008001560                HAL_I2C_MspInit
 .text.HAL_UART_MspInit
                0x0000000008001634       0x90 ./Core/Src/stm32f4xx_hal_msp.o
                0x0000000008001634                HAL_UART_MspInit
 .text.NMI_Handler
                0x00000000080016c4        0x6 ./Core/Src/stm32f4xx_it.o
                0x00000000080016c4                NMI_Handler
 .text.HardFault_Handler
                0x00000000080016ca        0x6 ./Core/Src/stm32f4xx_it.o
                0x00000000080016ca                HardFault_Handler
 .text.MemManage_Handler
                0x00000000080016d0        0x6 ./Core/Src/stm32f4xx_it.o
                0x00000000080016d0                MemManage_Handler
 .text.BusFault_Handler
                0x00000000080016d6        0x6 ./Core/Src/stm32f4xx_it.o
                0x00000000080016d6                BusFault_Handler
 .text.UsageFault_Handler
                0x00000000080016dc        0x6 ./Core/Src/stm32f4xx_it.o
                0x00000000080016dc                UsageFault_Handler
 .text.SVC_Handler
                0x00000000080016e2        0xe ./Core/Src/stm32f4xx_it.o
                0x00000000080016e2                SVC_Handler
 .text.DebugMon_Handler
                0x00000000080016f0        0xe ./Core/Src/stm32f4xx_it.o
                0x00000000080016f0                DebugMon_Handler
 .text.PendSV_Handler
                0x00000000080016fe        0xe ./Core/Src/stm32f4xx_it.o
                0x00000000080016fe                PendSV_Handler
 .text.SysTick_Handler
                0x000000000800170c        0xc ./Core/Src/stm32f4xx_it.o
                0x000000000800170c                SysTick_Handler
 .text._getpid  0x0000000008001718       0x10 ./Core/Src/syscalls.o
                0x0000000008001718                _getpid
 .text._kill    0x0000000008001728       0x20 ./Core/Src/syscalls.o
                0x0000000008001728                _kill
 .text._exit    0x0000000008001748       0x14 ./Core/Src/syscalls.o
                0x0000000008001748                _exit
 .text._read    0x000000000800175c       0x3a ./Core/Src/syscalls.o
                0x000000000800175c                _read
 .text._write   0x0000000008001796       0x38 ./Core/Src/syscalls.o
                0x0000000008001796                _write
 .text._close   0x00000000080017ce       0x18 ./Core/Src/syscalls.o
                0x00000000080017ce                _close
 .text._fstat   0x00000000080017e6       0x20 ./Core/Src/syscalls.o
                0x00000000080017e6                _fstat
 .text._isatty  0x0000000008001806       0x16 ./Core/Src/syscalls.o
                0x0000000008001806                _isatty
 .text._lseek   0x000000000800181c       0x1a ./Core/Src/syscalls.o
                0x000000000800181c                _lseek
 *fill*         0x0000000008001836        0x2 
 .text._sbrk    0x0000000008001838       0x6c ./Core/Src/sysmem.o
                0x0000000008001838                _sbrk
 .text.SystemInit
                0x00000000080018a4       0x24 ./Core/Src/system_stm32f4xx.o
                0x00000000080018a4                SystemInit
 .text.Reset_Handler
                0x00000000080018c8       0x50 ./Core/Startup/startup_stm32f446retx.o
                0x00000000080018c8                Reset_Handler
 .text.Default_Handler
                0x0000000008001918        0x2 ./Core/Startup/startup_stm32f446retx.o
                0x0000000008001918                RTC_Alarm_IRQHandler
                0x0000000008001918                EXTI2_IRQHandler
                0x0000000008001918                TIM8_CC_IRQHandler
                0x0000000008001918                FMPI2C1_EV_IRQHandler
                0x0000000008001918                SPI4_IRQHandler
                0x0000000008001918                TIM1_CC_IRQHandler
                0x0000000008001918                DMA2_Stream5_IRQHandler
                0x0000000008001918                DMA1_Stream5_IRQHandler
                0x0000000008001918                PVD_IRQHandler
                0x0000000008001918                SDIO_IRQHandler
                0x0000000008001918                TAMP_STAMP_IRQHandler
                0x0000000008001918                CAN2_RX1_IRQHandler
                0x0000000008001918                EXTI3_IRQHandler
                0x0000000008001918                TIM8_TRG_COM_TIM14_IRQHandler
                0x0000000008001918                TIM1_UP_TIM10_IRQHandler
                0x0000000008001918                TIM8_UP_TIM13_IRQHandler
                0x0000000008001918                I2C3_ER_IRQHandler
                0x0000000008001918                EXTI0_IRQHandler
                0x0000000008001918                I2C2_EV_IRQHandler
                0x0000000008001918                DMA1_Stream2_IRQHandler
                0x0000000008001918                CAN1_RX0_IRQHandler
                0x0000000008001918                FPU_IRQHandler
                0x0000000008001918                OTG_HS_WKUP_IRQHandler
                0x0000000008001918                CAN2_SCE_IRQHandler
                0x0000000008001918                DMA2_Stream2_IRQHandler
                0x0000000008001918                SPI1_IRQHandler
                0x0000000008001918                TIM6_DAC_IRQHandler
                0x0000000008001918                TIM1_BRK_TIM9_IRQHandler
                0x0000000008001918                DCMI_IRQHandler
                0x0000000008001918                CAN2_RX0_IRQHandler
                0x0000000008001918                DMA2_Stream3_IRQHandler
                0x0000000008001918                SAI2_IRQHandler
                0x0000000008001918                USART6_IRQHandler
                0x0000000008001918                USART3_IRQHandler
                0x0000000008001918                CAN1_RX1_IRQHandler
                0x0000000008001918                UART5_IRQHandler
                0x0000000008001918                DMA2_Stream0_IRQHandler
                0x0000000008001918                TIM4_IRQHandler
                0x0000000008001918                QUADSPI_IRQHandler
                0x0000000008001918                I2C1_EV_IRQHandler
                0x0000000008001918                DMA1_Stream6_IRQHandler
                0x0000000008001918                DMA1_Stream1_IRQHandler
                0x0000000008001918                UART4_IRQHandler
                0x0000000008001918                TIM3_IRQHandler
                0x0000000008001918                RCC_IRQHandler
                0x0000000008001918                TIM8_BRK_TIM12_IRQHandler
                0x0000000008001918                Default_Handler
                0x0000000008001918                CEC_IRQHandler
                0x0000000008001918                EXTI15_10_IRQHandler
                0x0000000008001918                ADC_IRQHandler
                0x0000000008001918                DMA1_Stream7_IRQHandler
                0x0000000008001918                TIM7_IRQHandler
                0x0000000008001918                CAN2_TX_IRQHandler
                0x0000000008001918                TIM5_IRQHandler
                0x0000000008001918                DMA2_Stream7_IRQHandler
                0x0000000008001918                I2C3_EV_IRQHandler
                0x0000000008001918                EXTI9_5_IRQHandler
                0x0000000008001918                RTC_WKUP_IRQHandler
                0x0000000008001918                SPDIF_RX_IRQHandler
                0x0000000008001918                SPI2_IRQHandler
                0x0000000008001918                OTG_HS_EP1_IN_IRQHandler
                0x0000000008001918                DMA1_Stream0_IRQHandler
                0x0000000008001918                CAN1_TX_IRQHandler
                0x0000000008001918                FMPI2C1_ER_IRQHandler
                0x0000000008001918                EXTI4_IRQHandler
                0x0000000008001918                OTG_HS_EP1_OUT_IRQHandler
                0x0000000008001918                WWDG_IRQHandler
                0x0000000008001918                TIM2_IRQHandler
                0x0000000008001918                OTG_FS_WKUP_IRQHandler
                0x0000000008001918                TIM1_TRG_COM_TIM11_IRQHandler
                0x0000000008001918                OTG_HS_IRQHandler
                0x0000000008001918                EXTI1_IRQHandler
                0x0000000008001918                USART2_IRQHandler
                0x0000000008001918                I2C2_ER_IRQHandler
                0x0000000008001918                DMA2_Stream1_IRQHandler
                0x0000000008001918                CAN1_SCE_IRQHandler
                0x0000000008001918                FLASH_IRQHandler
                0x0000000008001918                DMA2_Stream4_IRQHandler
                0x0000000008001918                USART1_IRQHandler
                0x0000000008001918                OTG_FS_IRQHandler
                0x0000000008001918                SPI3_IRQHandler
                0x0000000008001918                DMA1_Stream4_IRQHandler
                0x0000000008001918                I2C1_ER_IRQHandler
                0x0000000008001918                FMC_IRQHandler
                0x0000000008001918                DMA2_Stream6_IRQHandler
                0x0000000008001918                SAI1_IRQHandler
                0x0000000008001918                DMA1_Stream3_IRQHandler
 *fill*         0x000000000800191a        0x2 
 .text.HAL_Init
                0x000000000800191c       0x44 ./Drivers/STM32F4xx_HAL_Driver/Src/stm32f4xx_hal.o
                0x000000000800191c                HAL_Init
 .text.HAL_InitTick
                0x0000000008001960       0x60 ./Drivers/STM32F4xx_HAL_Driver/Src/stm32f4xx_hal.o
                0x0000000008001960                HAL_InitTick
 .text.HAL_IncTick
                0x00000000080019c0       0x28 ./Drivers/STM32F4xx_HAL_Driver/Src/stm32f4xx_hal.o
                0x00000000080019c0                HAL_IncTick
 .text.HAL_GetTick
                0x00000000080019e8       0x18 ./Drivers/STM32F4xx_HAL_Driver/Src/stm32f4xx_hal.o
                0x00000000080019e8                HAL_GetTick
 .text.HAL_Delay
                0x0000000008001a00       0x48 ./Drivers/STM32F4xx_HAL_Driver/Src/stm32f4xx_hal.o
                0x0000000008001a00                HAL_Delay
 .text.__NVIC_SetPriorityGrouping
                0x0000000008001a48       0x48 ./Drivers/STM32F4xx_HAL_Driver/Src/stm32f4xx_hal_cortex.o
 .text.__NVIC_GetPriorityGrouping
                0x0000000008001a90       0x1c ./Drivers/STM32F4xx_HAL_Driver/Src/stm32f4xx_hal_cortex.o
 .text.__NVIC_SetPriority
                0x0000000008001aac       0x54 ./Drivers/STM32F4xx_HAL_Driver/Src/stm32f4xx_hal_cortex.o
 .text.NVIC_EncodePriority
                0x0000000008001b00       0x66 ./Drivers/STM32F4xx_HAL_Driver/Src/stm32f4xx_hal_cortex.o
 *fill*         0x0000000008001b66        0x2 
 .text.SysTick_Config
                0x0000000008001b68       0x44 ./Drivers/STM32F4xx_HAL_Driver/Src/stm32f4xx_hal_cortex.o
 .text.HAL_NVIC_SetPriorityGrouping
                0x0000000008001bac       0x16 ./Drivers/STM32F4xx_HAL_Driver/Src/stm32f4xx_hal_cortex.o
                0x0000000008001bac                HAL_NVIC_SetPriorityGrouping
 .text.HAL_NVIC_SetPriority
                0x0000000008001bc2       0x38 ./Drivers/STM32F4xx_HAL_Driver/Src/stm32f4xx_hal_cortex.o
                0x0000000008001bc2                HAL_NVIC_SetPriority
 .text.HAL_SYSTICK_Config
                0x0000000008001bfa       0x18 ./Drivers/STM32F4xx_HAL_Driver/Src/stm32f4xx_hal_cortex.o
                0x0000000008001bfa                HAL_SYSTICK_Config
 *fill*         0x0000000008001c12        0x2 
 .text.HAL_GPIO_Init
                0x0000000008001c14      0x328 ./Drivers/STM32F4xx_HAL_Driver/Src/stm32f4xx_hal_gpio.o
                0x0000000008001c14                HAL_GPIO_Init
 .text.HAL_GPIO_WritePin
                0x0000000008001f3c       0x32 ./Drivers/STM32F4xx_HAL_Driver/Src/stm32f4xx_hal_gpio.o
                0x0000000008001f3c                HAL_GPIO_WritePin
 *fill*         0x0000000008001f6e        0x2 
 .text.HAL_I2C_Init
                0x0000000008001f70      0x288 ./Drivers/STM32F4xx_HAL_Driver/Src/stm32f4xx_hal_i2c.o
                0x0000000008001f70                HAL_I2C_Init
 .text.HAL_I2C_Master_Transmit
                0x00000000080021f8      0x1fc ./Drivers/STM32F4xx_HAL_Driver/Src/stm32f4xx_hal_i2c.o
                0x00000000080021f8                HAL_I2C_Master_Transmit
 .text.HAL_I2C_Master_Receive
                0x00000000080023f4      0x44c ./Drivers/STM32F4xx_HAL_Driver/Src/stm32f4xx_hal_i2c.o
                0x00000000080023f4                HAL_I2C_Master_Receive
 .text.I2C_MasterRequestWrite
                0x0000000008002840      0x104 ./Drivers/STM32F4xx_HAL_Driver/Src/stm32f4xx_hal_i2c.o
 .text.I2C_MasterRequestRead
                0x0000000008002944      0x19c ./Drivers/STM32F4xx_HAL_Driver/Src/stm32f4xx_hal_i2c.o
 .text.I2C_WaitOnFlagUntilTimeout
                0x0000000008002ae0       0xae ./Drivers/STM32F4xx_HAL_Driver/Src/stm32f4xx_hal_i2c.o
 .text.I2C_WaitOnMasterAddressFlagUntilTimeout
                0x0000000008002b8e       0xfe ./Drivers/STM32F4xx_HAL_Driver/Src/stm32f4xx_hal_i2c.o
 .text.I2C_WaitOnTXEFlagUntilTimeout
                0x0000000008002c8c       0x82 ./Drivers/STM32F4xx_HAL_Driver/Src/stm32f4xx_hal_i2c.o
 .text.I2C_WaitOnBTFFlagUntilTimeout
                0x0000000008002d0e       0x82 ./Drivers/STM32F4xx_HAL_Driver/Src/stm32f4xx_hal_i2c.o
 .text.I2C_WaitOnRXNEFlagUntilTimeout
                0x0000000008002d90       0xac ./Drivers/STM32F4xx_HAL_Driver/Src/stm32f4xx_hal_i2c.o
 .text.I2C_IsAcknowledgeFailed
                0x0000000008002e3c       0x5e ./Drivers/STM32F4xx_HAL_Driver/Src/stm32f4xx_hal_i2c.o
 *fill*         0x0000000008002e9a        0x2 
 .text.HAL_RCC_ClockConfig
                0x0000000008002e9c      0x1cc ./Drivers/STM32F4xx_HAL_Driver/Src/stm32f4xx_hal_rcc.o
                0x0000000008002e9c                HAL_RCC_ClockConfig
 .text.HAL_RCC_GetHCLKFreq
                0x0000000008003068       0x18 ./Drivers/STM32F4xx_HAL_Driver/Src/stm32f4xx_hal_rcc.o
                0x0000000008003068                HAL_RCC_GetHCLKFreq
 .text.HAL_RCC_GetPCLK1Freq
                0x0000000008003080       0x28 ./Drivers/STM32F4xx_HAL_Driver/Src/stm32f4xx_hal_rcc.o
                0x0000000008003080                HAL_RCC_GetPCLK1Freq
 .text.HAL_RCC_GetPCLK2Freq
                0x00000000080030a8       0x28 ./Drivers/STM32F4xx_HAL_Driver/Src/stm32f4xx_hal_rcc.o
                0x00000000080030a8                HAL_RCC_GetPCLK2Freq
 .text.HAL_RCC_GetSysClockFreq
                0x00000000080030d0      0x364 ./Drivers/STM32F4xx_HAL_Driver/Src/stm32f4xx_hal_rcc_ex.o
                0x00000000080030d0                HAL_RCC_GetSysClockFreq
 .text.HAL_RCC_OscConfig
                0x0000000008003434      0x53c ./Drivers/STM32F4xx_HAL_Driver/Src/stm32f4xx_hal_rcc_ex.o
                0x0000000008003434                HAL_RCC_OscConfig
 .text.HAL_UART_Init
                0x0000000008003970       0x9a ./Drivers/STM32F4xx_HAL_Driver/Src/stm32f4xx_hal_uart.o
                0x0000000008003970                HAL_UART_Init
 .text.HAL_UART_Transmit
                0x0000000008003a0a      0x124 ./Drivers/STM32F4xx_HAL_Driver/Src/stm32f4xx_hal_uart.o
                0x0000000008003a0a                HAL_UART_Transmit
 .text.UART_WaitOnFlagUntilTimeout
                0x0000000008003b2e       0xdc ./Drivers/STM32F4xx_HAL_Driver/Src/stm32f4xx_hal_uart.o
 *fill*         0x0000000008003c0a        0x2 
 .text.UART_SetConfig
                0x0000000008003c0c      0x390 ./Drivers/STM32F4xx_HAL_Driver/Src/stm32f4xx_hal_uart.o
 .text.VL53L0X_GetOffsetCalibrationDataMicroMeter
                0x0000000008003f9c       0x26 ./Drivers/VL53L0x/Api/core/src/vl53l0x_api.o
                0x0000000008003f9c                VL53L0X_GetOffsetCalibrationDataMicroMeter
 *fill*         0x0000000008003fc2        0x2 
 .text.VL53L0X_DataInit
                0x0000000008003fc4      0x30c ./Drivers/VL53L0x/Api/core/src/vl53l0x_api.o
                0x0000000008003fc4                VL53L0X_DataInit
 .text.VL53L0X_StaticInit
                0x00000000080042d0      0x308 ./Drivers/VL53L0x/Api/core/src/vl53l0x_api.o
                0x00000000080042d0                VL53L0X_StaticInit
 .text.VL53L0X_WaitDeviceBooted
                0x00000000080045d8       0x1c ./Drivers/VL53L0x/Api/core/src/vl53l0x_api.o
                0x00000000080045d8                VL53L0X_WaitDeviceBooted
 .text.VL53L0X_GetDeviceParameters
                0x00000000080045f4      0x16a ./Drivers/VL53L0x/Api/core/src/vl53l0x_api.o
                0x00000000080045f4                VL53L0X_GetDeviceParameters
 *fill*         0x000000000800475e        0x2 
 .text.VL53L0X_SetDeviceMode
                0x0000000008004760       0x58 ./Drivers/VL53L0x/Api/core/src/vl53l0x_api.o
                0x0000000008004760                VL53L0X_SetDeviceMode
 .text.VL53L0X_GetDeviceMode
                0x00000000080047b8       0x26 ./Drivers/VL53L0x/Api/core/src/vl53l0x_api.o
                0x00000000080047b8                VL53L0X_GetDeviceMode
 .text.VL53L0X_GetFractionEnable
                0x00000000080047de       0x3e ./Drivers/VL53L0x/Api/core/src/vl53l0x_api.o
                0x00000000080047de                VL53L0X_GetFractionEnable
 .text.VL53L0X_SetMeasurementTimingBudgetMicroSeconds
                0x000000000800481c       0x26 ./Drivers/VL53L0x/Api/core/src/vl53l0x_api.o
                0x000000000800481c                VL53L0X_SetMeasurementTimingBudgetMicroSeconds
 .text.VL53L0X_GetMeasurementTimingBudgetMicroSeconds
                0x0000000008004842       0x26 ./Drivers/VL53L0x/Api/core/src/vl53l0x_api.o
                0x0000000008004842                VL53L0X_GetMeasurementTimingBudgetMicroSeconds
 .text.VL53L0X_SetVcselPulsePeriod
                0x0000000008004868       0x30 ./Drivers/VL53L0x/Api/core/src/vl53l0x_api.o
                0x0000000008004868                VL53L0X_SetVcselPulsePeriod
 .text.VL53L0X_GetVcselPulsePeriod
                0x0000000008004898       0x2e ./Drivers/VL53L0x/Api/core/src/vl53l0x_api.o
                0x0000000008004898                VL53L0X_GetVcselPulsePeriod
 *fill*         0x00000000080048c6        0x2 
 .text.VL53L0X_SetSequenceStepEnable
                0x00000000080048c8      0x144 ./Drivers/VL53L0x/Api/core/src/vl53l0x_api.o
                0x00000000080048c8                VL53L0X_SetSequenceStepEnable
 .text.sequence_step_enabled
                0x0000000008004a0c       0xa4 ./Drivers/VL53L0x/Api/core/src/vl53l0x_api.o
                0x0000000008004a0c                sequence_step_enabled
 .text.VL53L0X_GetSequenceStepEnables
                0x0000000008004ab0       0xb0 ./Drivers/VL53L0x/Api/core/src/vl53l0x_api.o
                0x0000000008004ab0                VL53L0X_GetSequenceStepEnables
 .text.VL53L0X_GetInterMeasurementPeriodMilliSeconds
                0x0000000008004b60       0x68 ./Drivers/VL53L0x/Api/core/src/vl53l0x_api.o
                0x0000000008004b60                VL53L0X_GetInterMeasurementPeriodMilliSeconds
 .text.VL53L0X_GetXTalkCompensationEnable
                0x0000000008004bc8       0x2a ./Drivers/VL53L0x/Api/core/src/vl53l0x_api.o
                0x0000000008004bc8                VL53L0X_GetXTalkCompensationEnable
 .text.VL53L0X_GetXTalkCompensationRateMegaCps
                0x0000000008004bf2       0x66 ./Drivers/VL53L0x/Api/core/src/vl53l0x_api.o
                0x0000000008004bf2                VL53L0X_GetXTalkCompensationRateMegaCps
 .text.VL53L0X_SetLimitCheckEnable
                0x0000000008004c58      0x118 ./Drivers/VL53L0x/Api/core/src/vl53l0x_api.o
                0x0000000008004c58                VL53L0X_SetLimitCheckEnable
 .text.VL53L0X_GetLimitCheckEnable
                0x0000000008004d70       0x46 ./Drivers/VL53L0x/Api/core/src/vl53l0x_api.o
                0x0000000008004d70                VL53L0X_GetLimitCheckEnable
 *fill*         0x0000000008004db6        0x2 
 .text.VL53L0X_SetLimitCheckValue
                0x0000000008004db8       0xc4 ./Drivers/VL53L0x/Api/core/src/vl53l0x_api.o
                0x0000000008004db8                VL53L0X_SetLimitCheckValue
 .text.VL53L0X_GetLimitCheckValue
                0x0000000008004e7c      0x11c ./Drivers/VL53L0x/Api/core/src/vl53l0x_api.o
                0x0000000008004e7c                VL53L0X_GetLimitCheckValue
 .text.VL53L0X_GetWrapAroundCheckEnable
                0x0000000008004f98       0x64 ./Drivers/VL53L0x/Api/core/src/vl53l0x_api.o
                0x0000000008004f98                VL53L0X_GetWrapAroundCheckEnable
 .text.VL53L0X_PerformSingleMeasurement
                0x0000000008004ffc       0x68 ./Drivers/VL53L0x/Api/core/src/vl53l0x_api.o
                0x0000000008004ffc                VL53L0X_PerformSingleMeasurement
 .text.VL53L0X_PerformRefCalibration
                0x0000000008005064       0x2c ./Drivers/VL53L0x/Api/core/src/vl53l0x_api.o
                0x0000000008005064                VL53L0X_PerformRefCalibration
 .text.VL53L0X_CheckAndLoadInterruptSettings
                0x0000000008005090      0x1e4 ./Drivers/VL53L0x/Api/core/src/vl53l0x_api.o
                0x0000000008005090                VL53L0X_CheckAndLoadInterruptSettings
 .text.VL53L0X_StartMeasurement
                0x0000000008005274      0x184 ./Drivers/VL53L0x/Api/core/src/vl53l0x_api.o
                0x0000000008005274                VL53L0X_StartMeasurement
 .text.VL53L0X_GetMeasurementDataReady
                0x00000000080053f8       0x80 ./Drivers/VL53L0x/Api/core/src/vl53l0x_api.o
                0x00000000080053f8                VL53L0X_GetMeasurementDataReady
 .text.VL53L0X_GetRangingMeasurementData
                0x0000000008005478      0x248 ./Drivers/VL53L0x/Api/core/src/vl53l0x_api.o
                0x0000000008005478                VL53L0X_GetRangingMeasurementData
 .text.VL53L0X_PerformSingleRangingMeasurement
                0x00000000080056c0       0x60 ./Drivers/VL53L0x/Api/core/src/vl53l0x_api.o
                0x00000000080056c0                VL53L0X_PerformSingleRangingMeasurement
 .text.VL53L0X_SetGpioConfig
                0x0000000008005720      0x248 ./Drivers/VL53L0x/Api/core/src/vl53l0x_api.o
                0x0000000008005720                VL53L0X_SetGpioConfig
 .text.VL53L0X_GetInterruptThresholds
                0x0000000008005968       0x6c ./Drivers/VL53L0x/Api/core/src/vl53l0x_api.o
                0x0000000008005968                VL53L0X_GetInterruptThresholds
 .text.VL53L0X_ClearInterruptMask
                0x00000000080059d4       0x80 ./Drivers/VL53L0x/Api/core/src/vl53l0x_api.o
                0x00000000080059d4                VL53L0X_ClearInterruptMask
 .text.VL53L0X_GetInterruptMaskStatus
                0x0000000008005a54       0x44 ./Drivers/VL53L0x/Api/core/src/vl53l0x_api.o
                0x0000000008005a54                VL53L0X_GetInterruptMaskStatus
 .text.VL53L0X_PerformRefSpadManagement
                0x0000000008005a98       0x2a ./Drivers/VL53L0x/Api/core/src/vl53l0x_api.o
                0x0000000008005a98                VL53L0X_PerformRefSpadManagement
 .text.VL53L0X_get_offset_calibration_data_micro_meter
                0x0000000008005ac2       0x7e ./Drivers/VL53L0x/Api/core/src/vl53l0x_api_calibration.o
                0x0000000008005ac2                VL53L0X_get_offset_calibration_data_micro_meter
 .text.get_next_good_spad
                0x0000000008005b40       0xbc ./Drivers/VL53L0x/Api/core/src/vl53l0x_api_calibration.o
                0x0000000008005b40                get_next_good_spad
 .text.is_aperture
                0x0000000008005bfc       0x34 ./Drivers/VL53L0x/Api/core/src/vl53l0x_api_calibration.o
                0x0000000008005bfc                is_aperture
 .text.enable_spad_bit
                0x0000000008005c30       0x70 ./Drivers/VL53L0x/Api/core/src/vl53l0x_api_calibration.o
                0x0000000008005c30                enable_spad_bit
 .text.set_ref_spad_map
                0x0000000008005ca0       0x26 ./Drivers/VL53L0x/Api/core/src/vl53l0x_api_calibration.o
                0x0000000008005ca0                set_ref_spad_map
 .text.get_ref_spad_map
                0x0000000008005cc6       0x26 ./Drivers/VL53L0x/Api/core/src/vl53l0x_api_calibration.o
                0x0000000008005cc6                get_ref_spad_map
 .text.enable_ref_spads
                0x0000000008005cec       0xf8 ./Drivers/VL53L0x/Api/core/src/vl53l0x_api_calibration.o
                0x0000000008005cec                enable_ref_spads
 .text.perform_ref_signal_measurement
                0x0000000008005de4       0xd4 ./Drivers/VL53L0x/Api/core/src/vl53l0x_api_calibration.o
                0x0000000008005de4                perform_ref_signal_measurement
 .text.VL53L0X_perform_ref_spad_management
                0x0000000008005eb8      0x418 ./Drivers/VL53L0x/Api/core/src/vl53l0x_api_calibration.o
                0x0000000008005eb8                VL53L0X_perform_ref_spad_management
 .text.VL53L0X_set_reference_spads
                0x00000000080062d0      0x14a ./Drivers/VL53L0x/Api/core/src/vl53l0x_api_calibration.o
                0x00000000080062d0                VL53L0X_set_reference_spads
 .text.VL53L0X_perform_single_ref_calibration
                0x000000000800641a       0x76 ./Drivers/VL53L0x/Api/core/src/vl53l0x_api_calibration.o
                0x000000000800641a                VL53L0X_perform_single_ref_calibration
 .text.VL53L0X_ref_calibration_io
                0x0000000008006490      0x132 ./Drivers/VL53L0x/Api/core/src/vl53l0x_api_calibration.o
                0x0000000008006490                VL53L0X_ref_calibration_io
 .text.VL53L0X_perform_vhv_calibration
                0x00000000080065c2       0xce ./Drivers/VL53L0x/Api/core/src/vl53l0x_api_calibration.o
                0x00000000080065c2                VL53L0X_perform_vhv_calibration
 .text.VL53L0X_perform_phase_calibration
                0x0000000008006690       0xca ./Drivers/VL53L0x/Api/core/src/vl53l0x_api_calibration.o
                0x0000000008006690                VL53L0X_perform_phase_calibration
 .text.VL53L0X_perform_ref_calibration
                0x000000000800675a       0x7a ./Drivers/VL53L0x/Api/core/src/vl53l0x_api_calibration.o
                0x000000000800675a                VL53L0X_perform_ref_calibration
 .text.VL53L0X_measurement_poll_for_completion
                0x00000000080067d4       0x60 ./Drivers/VL53L0x/Api/core/src/vl53l0x_api_core.o
                0x00000000080067d4                VL53L0X_measurement_poll_for_completion
 .text.VL53L0X_decode_vcsel_period
                0x0000000008006834       0x26 ./Drivers/VL53L0x/Api/core/src/vl53l0x_api_core.o
                0x0000000008006834                VL53L0X_decode_vcsel_period
 .text.VL53L0X_encode_vcsel_period
                0x000000000800685a       0x26 ./Drivers/VL53L0x/Api/core/src/vl53l0x_api_core.o
                0x000000000800685a                VL53L0X_encode_vcsel_period
 .text.VL53L0X_isqrt
                0x0000000008006880       0x68 ./Drivers/VL53L0x/Api/core/src/vl53l0x_api_core.o
                0x0000000008006880                VL53L0X_isqrt
 .text.VL53L0X_device_read_strobe
                0x00000000080068e8       0x86 ./Drivers/VL53L0x/Api/core/src/vl53l0x_api_core.o
                0x00000000080068e8                VL53L0X_device_read_strobe
 .text.VL53L0X_get_info_from_device
                0x000000000800696e      0x99c ./Drivers/VL53L0x/Api/core/src/vl53l0x_api_core.o
                0x000000000800696e                VL53L0X_get_info_from_device
 .text.VL53L0X_calc_macro_period_ps
                0x000000000800730a       0x3c ./Drivers/VL53L0x/Api/core/src/vl53l0x_api_core.o
                0x000000000800730a                VL53L0X_calc_macro_period_ps
 .text.VL53L0X_encode_timeout
                0x0000000008007346       0x58 ./Drivers/VL53L0x/Api/core/src/vl53l0x_api_core.o
                0x0000000008007346                VL53L0X_encode_timeout
 .text.VL53L0X_decode_timeout
                0x000000000800739e       0x2c ./Drivers/VL53L0x/Api/core/src/vl53l0x_api_core.o
                0x000000000800739e                VL53L0X_decode_timeout
 *fill*         0x00000000080073ca        0x2 
 .text.VL53L0X_calc_timeout_mclks
                0x00000000080073cc       0x54 ./Drivers/VL53L0x/Api/core/src/vl53l0x_api_core.o
                0x00000000080073cc                VL53L0X_calc_timeout_mclks
 .text.VL53L0X_calc_timeout_us
                0x0000000008007420       0x54 ./Drivers/VL53L0x/Api/core/src/vl53l0x_api_core.o
                0x0000000008007420                VL53L0X_calc_timeout_us
 .text.get_sequence_step_timeout
                0x0000000008007474      0x1c2 ./Drivers/VL53L0x/Api/core/src/vl53l0x_api_core.o
                0x0000000008007474                get_sequence_step_timeout
 .text.set_sequence_step_timeout
                0x0000000008007636      0x1e4 ./Drivers/VL53L0x/Api/core/src/vl53l0x_api_core.o
                0x0000000008007636                set_sequence_step_timeout
 .text.VL53L0X_set_vcsel_pulse_period
                0x000000000800781a      0x512 ./Drivers/VL53L0x/Api/core/src/vl53l0x_api_core.o
                0x000000000800781a                VL53L0X_set_vcsel_pulse_period
 .text.VL53L0X_get_vcsel_pulse_period
                0x0000000008007d2c       0x6e ./Drivers/VL53L0x/Api/core/src/vl53l0x_api_core.o
                0x0000000008007d2c                VL53L0X_get_vcsel_pulse_period
 .text.VL53L0X_set_measurement_timing_budget_micro_seconds
                0x0000000008007d9a      0x1a6 ./Drivers/VL53L0x/Api/core/src/vl53l0x_api_core.o
                0x0000000008007d9a                VL53L0X_set_measurement_timing_budget_micro_seconds
 .text.VL53L0X_get_measurement_timing_budget_micro_seconds
                0x0000000008007f40      0x162 ./Drivers/VL53L0x/Api/core/src/vl53l0x_api_core.o
                0x0000000008007f40                VL53L0X_get_measurement_timing_budget_micro_seconds
 *fill*         0x00000000080080a2        0x2 
 .text.VL53L0X_load_tuning_settings
                0x00000000080080a4      0x1c4 ./Drivers/VL53L0x/Api/core/src/vl53l0x_api_core.o
                0x00000000080080a4                VL53L0X_load_tuning_settings
 .text.VL53L0X_get_total_xtalk_rate
                0x0000000008008268       0x5e ./Drivers/VL53L0x/Api/core/src/vl53l0x_api_core.o
                0x0000000008008268                VL53L0X_get_total_xtalk_rate
 .text.VL53L0X_get_total_signal_rate
                0x00000000080082c6       0x4a ./Drivers/VL53L0x/Api/core/src/vl53l0x_api_core.o
                0x00000000080082c6                VL53L0X_get_total_signal_rate
 .text.get_dmax_lut_points
                0x0000000008008310       0x8e ./Drivers/VL53L0x/Api/core/src/vl53l0x_api_core.o
                0x0000000008008310                get_dmax_lut_points
 .text.VL53L0X_calc_dmax
                0x000000000800839e      0x156 ./Drivers/VL53L0x/Api/core/src/vl53l0x_api_core.o
                0x000000000800839e                VL53L0X_calc_dmax
 .text.VL53L0X_calc_sigma_estimate
                0x00000000080084f4      0x45c ./Drivers/VL53L0x/Api/core/src/vl53l0x_api_core.o
                0x00000000080084f4                VL53L0X_calc_sigma_estimate
 .text.VL53L0X_get_pal_range_status
                0x0000000008008950      0x3c4 ./Drivers/VL53L0x/Api/core/src/vl53l0x_api_core.o
                0x0000000008008950                VL53L0X_get_pal_range_status
 .text._I2CWrite
                0x0000000008008d14       0x3e ./Drivers/VL53L0x/Api/platform/src/vl53l0x_platform.o
                0x0000000008008d14                _I2CWrite
 .text._I2CRead
                0x0000000008008d52       0x44 ./Drivers/VL53L0x/Api/platform/src/vl53l0x_platform.o
                0x0000000008008d52                _I2CRead
 *fill*         0x0000000008008d96        0x2 
 .text.VL53L0X_WriteMulti
                0x0000000008008d98       0x60 ./Drivers/VL53L0x/Api/platform/src/vl53l0x_platform.o
                0x0000000008008d98                VL53L0X_WriteMulti
 .text.VL53L0X_ReadMulti
                0x0000000008008df8       0x56 ./Drivers/VL53L0x/Api/platform/src/vl53l0x_platform.o
                0x0000000008008df8                VL53L0X_ReadMulti
 *fill*         0x0000000008008e4e        0x2 
 .text.VL53L0X_WrByte
                0x0000000008008e50       0x48 ./Drivers/VL53L0x/Api/platform/src/vl53l0x_platform.o
                0x0000000008008e50                VL53L0X_WrByte
 .text.VL53L0X_WrWord
                0x0000000008008e98       0x54 ./Drivers/VL53L0x/Api/platform/src/vl53l0x_platform.o
                0x0000000008008e98                VL53L0X_WrWord
 .text.VL53L0X_UpdateByte
                0x0000000008008eec       0x68 ./Drivers/VL53L0x/Api/platform/src/vl53l0x_platform.o
                0x0000000008008eec                VL53L0X_UpdateByte
 .text.VL53L0X_RdByte
                0x0000000008008f54       0x54 ./Drivers/VL53L0x/Api/platform/src/vl53l0x_platform.o
                0x0000000008008f54                VL53L0X_RdByte
 .text.VL53L0X_RdWord
                0x0000000008008fa8       0x70 ./Drivers/VL53L0x/Api/platform/src/vl53l0x_platform.o
                0x0000000008008fa8                VL53L0X_RdWord
 .text.VL53L0X_RdDWord
                0x0000000008009018       0x78 ./Drivers/VL53L0x/Api/platform/src/vl53l0x_platform.o
                0x0000000008009018                VL53L0X_RdDWord
 .text.VL53L0X_PollingDelay
                0x0000000008009090       0x1e ./Drivers/VL53L0x/Api/platform/src/vl53l0x_platform.o
                0x0000000008009090                VL53L0X_PollingDelay
 *fill*         0x00000000080090ae        0x2 
 .text.__errno  0x00000000080090b0        0xc d:/st/stm32cubeide_1.8.0/stm32cubeide/plugins/com.st.stm32cube.ide.mcu.externaltools.gnu-tools-for-stm32.9-2020-q2-update.win32_2.0.0.202105311346/tools/bin/../lib/gcc/arm-none-eabi/9.3.1/../../../../arm-none-eabi/lib/thumb/v7e-m+fp/hard\libc_nano.a(lib_a-errno.o)
                0x00000000080090b0                __errno
 .text.__sflush_r
                0x00000000080090bc      0x10c d:/st/stm32cubeide_1.8.0/stm32cubeide/plugins/com.st.stm32cube.ide.mcu.externaltools.gnu-tools-for-stm32.9-2020-q2-update.win32_2.0.0.202105311346/tools/bin/../lib/gcc/arm-none-eabi/9.3.1/../../../../arm-none-eabi/lib/thumb/v7e-m+fp/hard\libc_nano.a(lib_a-fflush.o)
                0x00000000080090bc                __sflush_r
 .text._fflush_r
                0x00000000080091c8       0x78 d:/st/stm32cubeide_1.8.0/stm32cubeide/plugins/com.st.stm32cube.ide.mcu.externaltools.gnu-tools-for-stm32.9-2020-q2-update.win32_2.0.0.202105311346/tools/bin/../lib/gcc/arm-none-eabi/9.3.1/../../../../arm-none-eabi/lib/thumb/v7e-m+fp/hard\libc_nano.a(lib_a-fflush.o)
                0x00000000080091c8                _fflush_r
 .text.std      0x0000000008009240       0x48 d:/st/stm32cubeide_1.8.0/stm32cubeide/plugins/com.st.stm32cube.ide.mcu.externaltools.gnu-tools-for-stm32.9-2020-q2-update.win32_2.0.0.202105311346/tools/bin/../lib/gcc/arm-none-eabi/9.3.1/../../../../arm-none-eabi/lib/thumb/v7e-m+fp/hard\libc_nano.a(lib_a-findfp.o)
 .text._cleanup_r
                0x0000000008009288        0xc d:/st/stm32cubeide_1.8.0/stm32cubeide/plugins/com.st.stm32cube.ide.mcu.externaltools.gnu-tools-for-stm32.9-2020-q2-update.win32_2.0.0.202105311346/tools/bin/../lib/gcc/arm-none-eabi/9.3.1/../../../../arm-none-eabi/lib/thumb/v7e-m+fp/hard\libc_nano.a(lib_a-findfp.o)
                0x0000000008009288                _cleanup_r
 .text.__sfmoreglue
                0x0000000008009294       0x2c d:/st/stm32cubeide_1.8.0/stm32cubeide/plugins/com.st.stm32cube.ide.mcu.externaltools.gnu-tools-for-stm32.9-2020-q2-update.win32_2.0.0.202105311346/tools/bin/../lib/gcc/arm-none-eabi/9.3.1/../../../../arm-none-eabi/lib/thumb/v7e-m+fp/hard\libc_nano.a(lib_a-findfp.o)
                0x0000000008009294                __sfmoreglue
 .text.__sfp_lock_acquire
                0x00000000080092c0        0xc d:/st/stm32cubeide_1.8.0/stm32cubeide/plugins/com.st.stm32cube.ide.mcu.externaltools.gnu-tools-for-stm32.9-2020-q2-update.win32_2.0.0.202105311346/tools/bin/../lib/gcc/arm-none-eabi/9.3.1/../../../../arm-none-eabi/lib/thumb/v7e-m+fp/hard\libc_nano.a(lib_a-findfp.o)
                0x00000000080092c0                __sfp_lock_acquire
 .text.__sfp_lock_release
                0x00000000080092cc        0xc d:/st/stm32cubeide_1.8.0/stm32cubeide/plugins/com.st.stm32cube.ide.mcu.externaltools.gnu-tools-for-stm32.9-2020-q2-update.win32_2.0.0.202105311346/tools/bin/../lib/gcc/arm-none-eabi/9.3.1/../../../../arm-none-eabi/lib/thumb/v7e-m+fp/hard\libc_nano.a(lib_a-findfp.o)
                0x00000000080092cc                __sfp_lock_release
 .text.__sinit_lock_acquire
                0x00000000080092d8        0xc d:/st/stm32cubeide_1.8.0/stm32cubeide/plugins/com.st.stm32cube.ide.mcu.externaltools.gnu-tools-for-stm32.9-2020-q2-update.win32_2.0.0.202105311346/tools/bin/../lib/gcc/arm-none-eabi/9.3.1/../../../../arm-none-eabi/lib/thumb/v7e-m+fp/hard\libc_nano.a(lib_a-findfp.o)
                0x00000000080092d8                __sinit_lock_acquire
 .text.__sinit_lock_release
                0x00000000080092e4        0xc d:/st/stm32cubeide_1.8.0/stm32cubeide/plugins/com.st.stm32cube.ide.mcu.externaltools.gnu-tools-for-stm32.9-2020-q2-update.win32_2.0.0.202105311346/tools/bin/../lib/gcc/arm-none-eabi/9.3.1/../../../../arm-none-eabi/lib/thumb/v7e-m+fp/hard\libc_nano.a(lib_a-findfp.o)
                0x00000000080092e4                __sinit_lock_release
 .text.__sinit  0x00000000080092f0       0x70 d:/st/stm32cubeide_1.8.0/stm32cubeide/plugins/com.st.stm32cube.ide.mcu.externaltools.gnu-tools-for-stm32.9-2020-q2-update.win32_2.0.0.202105311346/tools/bin/../lib/gcc/arm-none-eabi/9.3.1/../../../../arm-none-eabi/lib/thumb/v7e-m+fp/hard\libc_nano.a(lib_a-findfp.o)
                0x00000000080092f0                __sinit
 .text.__sfp    0x0000000008009360       0x8c d:/st/stm32cubeide_1.8.0/stm32cubeide/plugins/com.st.stm32cube.ide.mcu.externaltools.gnu-tools-for-stm32.9-2020-q2-update.win32_2.0.0.202105311346/tools/bin/../lib/gcc/arm-none-eabi/9.3.1/../../../../arm-none-eabi/lib/thumb/v7e-m+fp/hard\libc_nano.a(lib_a-findfp.o)
                0x0000000008009360                __sfp
 .text.fprintf  0x00000000080093ec       0x24 d:/st/stm32cubeide_1.8.0/stm32cubeide/plugins/com.st.stm32cube.ide.mcu.externaltools.gnu-tools-for-stm32.9-2020-q2-update.win32_2.0.0.202105311346/tools/bin/../lib/gcc/arm-none-eabi/9.3.1/../../../../arm-none-eabi/lib/thumb/v7e-m+fp/hard\libc_nano.a(lib_a-fprintf.o)
                0x00000000080093ec                fiprintf
                0x00000000080093ec                fprintf
 .text._fwalk_reent
                0x0000000008009410       0x3e d:/st/stm32cubeide_1.8.0/stm32cubeide/plugins/com.st.stm32cube.ide.mcu.externaltools.gnu-tools-for-stm32.9-2020-q2-update.win32_2.0.0.202105311346/tools/bin/../lib/gcc/arm-none-eabi/9.3.1/../../../../arm-none-eabi/lib/thumb/v7e-m+fp/hard\libc_nano.a(lib_a-fwalk.o)
                0x0000000008009410                _fwalk_reent
 *fill*         0x000000000800944e        0x2 
 .text.__libc_init_array
                0x0000000008009450       0x48 d:/st/stm32cubeide_1.8.0/stm32cubeide/plugins/com.st.stm32cube.ide.mcu.externaltools.gnu-tools-for-stm32.9-2020-q2-update.win32_2.0.0.202105311346/tools/bin/../lib/gcc/arm-none-eabi/9.3.1/../../../../arm-none-eabi/lib/thumb/v7e-m+fp/hard\libc_nano.a(lib_a-init.o)
                0x0000000008009450                __libc_init_array
 .text.__retarget_lock_init_recursive
                0x0000000008009498        0x2 d:/st/stm32cubeide_1.8.0/stm32cubeide/plugins/com.st.stm32cube.ide.mcu.externaltools.gnu-tools-for-stm32.9-2020-q2-update.win32_2.0.0.202105311346/tools/bin/../lib/gcc/arm-none-eabi/9.3.1/../../../../arm-none-eabi/lib/thumb/v7e-m+fp/hard\libc_nano.a(lib_a-lock.o)
                0x0000000008009498                __retarget_lock_init_recursive
 .text.__retarget_lock_acquire_recursive
                0x000000000800949a        0x2 d:/st/stm32cubeide_1.8.0/stm32cubeide/plugins/com.st.stm32cube.ide.mcu.externaltools.gnu-tools-for-stm32.9-2020-q2-update.win32_2.0.0.202105311346/tools/bin/../lib/gcc/arm-none-eabi/9.3.1/../../../../arm-none-eabi/lib/thumb/v7e-m+fp/hard\libc_nano.a(lib_a-lock.o)
                0x000000000800949a                __retarget_lock_acquire_recursive
 .text.__retarget_lock_release_recursive
                0x000000000800949c        0x2 d:/st/stm32cubeide_1.8.0/stm32cubeide/plugins/com.st.stm32cube.ide.mcu.externaltools.gnu-tools-for-stm32.9-2020-q2-update.win32_2.0.0.202105311346/tools/bin/../lib/gcc/arm-none-eabi/9.3.1/../../../../arm-none-eabi/lib/thumb/v7e-m+fp/hard\libc_nano.a(lib_a-lock.o)
                0x000000000800949c                __retarget_lock_release_recursive
 .text.__swhatbuf_r
                0x000000000800949e       0x48 d:/st/stm32cubeide_1.8.0/stm32cubeide/plugins/com.st.stm32cube.ide.mcu.externaltools.gnu-tools-for-stm32.9-2020-q2-update.win32_2.0.0.202105311346/tools/bin/../lib/gcc/arm-none-eabi/9.3.1/../../../../arm-none-eabi/lib/thumb/v7e-m+fp/hard\libc_nano.a(lib_a-makebuf.o)
                0x000000000800949e                __swhatbuf_r
 *fill*         0x00000000080094e6        0x2 
 .text.__smakebuf_r
                0x00000000080094e8       0x80 d:/st/stm32cubeide_1.8.0/stm32cubeide/plugins/com.st.stm32cube.ide.mcu.externaltools.gnu-tools-for-stm32.9-2020-q2-update.win32_2.0.0.202105311346/tools/bin/../lib/gcc/arm-none-eabi/9.3.1/../../../../arm-none-eabi/lib/thumb/v7e-m+fp/hard\libc_nano.a(lib_a-makebuf.o)
                0x00000000080094e8                __smakebuf_r
 .text.malloc   0x0000000008009568       0x10 d:/st/stm32cubeide_1.8.0/stm32cubeide/plugins/com.st.stm32cube.ide.mcu.externaltools.gnu-tools-for-stm32.9-2020-q2-update.win32_2.0.0.202105311346/tools/bin/../lib/gcc/arm-none-eabi/9.3.1/../../../../arm-none-eabi/lib/thumb/v7e-m+fp/hard\libc_nano.a(lib_a-malloc.o)
                0x0000000008009568                malloc
 .text.memcpy   0x0000000008009578       0x1c d:/st/stm32cubeide_1.8.0/stm32cubeide/plugins/com.st.stm32cube.ide.mcu.externaltools.gnu-tools-for-stm32.9-2020-q2-update.win32_2.0.0.202105311346/tools/bin/../lib/gcc/arm-none-eabi/9.3.1/../../../../arm-none-eabi/lib/thumb/v7e-m+fp/hard\libc_nano.a(lib_a-memcpy-stub.o)
                0x0000000008009578                memcpy
 .text.memset   0x0000000008009594       0x10 d:/st/stm32cubeide_1.8.0/stm32cubeide/plugins/com.st.stm32cube.ide.mcu.externaltools.gnu-tools-for-stm32.9-2020-q2-update.win32_2.0.0.202105311346/tools/bin/../lib/gcc/arm-none-eabi/9.3.1/../../../../arm-none-eabi/lib/thumb/v7e-m+fp/hard\libc_nano.a(lib_a-memset.o)
                0x0000000008009594                memset
 .text._free_r  0x00000000080095a4       0xa0 d:/st/stm32cubeide_1.8.0/stm32cubeide/plugins/com.st.stm32cube.ide.mcu.externaltools.gnu-tools-for-stm32.9-2020-q2-update.win32_2.0.0.202105311346/tools/bin/../lib/gcc/arm-none-eabi/9.3.1/../../../../arm-none-eabi/lib/thumb/v7e-m+fp/hard\libc_nano.a(lib_a-nano-freer.o)
                0x00000000080095a4                _free_r
 .text._malloc_r
                0x0000000008009644       0xb4 d:/st/stm32cubeide_1.8.0/stm32cubeide/plugins/com.st.stm32cube.ide.mcu.externaltools.gnu-tools-for-stm32.9-2020-q2-update.win32_2.0.0.202105311346/tools/bin/../lib/gcc/arm-none-eabi/9.3.1/../../../../arm-none-eabi/lib/thumb/v7e-m+fp/hard\libc_nano.a(lib_a-nano-mallocr.o)
                0x0000000008009644                _malloc_r
 .text.__sfputc_r
                0x00000000080096f8       0x2e d:/st/stm32cubeide_1.8.0/stm32cubeide/plugins/com.st.stm32cube.ide.mcu.externaltools.gnu-tools-for-stm32.9-2020-q2-update.win32_2.0.0.202105311346/tools/bin/../lib/gcc/arm-none-eabi/9.3.1/../../../../arm-none-eabi/lib/thumb/v7e-m+fp/hard\libc_nano.a(lib_a-nano-vfprintf.o)
 .text.__sfputs_r
                0x0000000008009726       0x24 d:/st/stm32cubeide_1.8.0/stm32cubeide/plugins/com.st.stm32cube.ide.mcu.externaltools.gnu-tools-for-stm32.9-2020-q2-update.win32_2.0.0.202105311346/tools/bin/../lib/gcc/arm-none-eabi/9.3.1/../../../../arm-none-eabi/lib/thumb/v7e-m+fp/hard\libc_nano.a(lib_a-nano-vfprintf.o)
                0x0000000008009726                __sfputs_r
 *fill*         0x000000000800974a        0x2 
 .text._vfprintf_r
                0x000000000800974c      0x260 d:/st/stm32cubeide_1.8.0/stm32cubeide/plugins/com.st.stm32cube.ide.mcu.externaltools.gnu-tools-for-stm32.9-2020-q2-update.win32_2.0.0.202105311346/tools/bin/../lib/gcc/arm-none-eabi/9.3.1/../../../../arm-none-eabi/lib/thumb/v7e-m+fp/hard\libc_nano.a(lib_a-nano-vfprintf.o)
                0x000000000800974c                _vfprintf_r
                0x000000000800974c                _vfiprintf_r
 .text.__cvt    0x00000000080099ac       0xc4 d:/st/stm32cubeide_1.8.0/stm32cubeide/plugins/com.st.stm32cube.ide.mcu.externaltools.gnu-tools-for-stm32.9-2020-q2-update.win32_2.0.0.202105311346/tools/bin/../lib/gcc/arm-none-eabi/9.3.1/../../../../arm-none-eabi/lib/thumb/v7e-m+fp/hard\libc_nano.a(lib_a-nano-vfprintf_float.o)
                0x00000000080099ac                __cvt
 .text.__exponent
                0x0000000008009a70       0x7c d:/st/stm32cubeide_1.8.0/stm32cubeide/plugins/com.st.stm32cube.ide.mcu.externaltools.gnu-tools-for-stm32.9-2020-q2-update.win32_2.0.0.202105311346/tools/bin/../lib/gcc/arm-none-eabi/9.3.1/../../../../arm-none-eabi/lib/thumb/v7e-m+fp/hard\libc_nano.a(lib_a-nano-vfprintf_float.o)
                0x0000000008009a70                __exponent
 .text._printf_float
                0x0000000008009aec      0x46c d:/st/stm32cubeide_1.8.0/stm32cubeide/plugins/com.st.stm32cube.ide.mcu.externaltools.gnu-tools-for-stm32.9-2020-q2-update.win32_2.0.0.202105311346/tools/bin/../lib/gcc/arm-none-eabi/9.3.1/../../../../arm-none-eabi/lib/thumb/v7e-m+fp/hard\libc_nano.a(lib_a-nano-vfprintf_float.o)
                0x0000000008009aec                _printf_float
 .text._printf_common
                0x0000000008009f58       0xda d:/st/stm32cubeide_1.8.0/stm32cubeide/plugins/com.st.stm32cube.ide.mcu.externaltools.gnu-tools-for-stm32.9-2020-q2-update.win32_2.0.0.202105311346/tools/bin/../lib/gcc/arm-none-eabi/9.3.1/../../../../arm-none-eabi/lib/thumb/v7e-m+fp/hard\libc_nano.a(lib_a-nano-vfprintf_i.o)
                0x0000000008009f58                _printf_common
 *fill*         0x000000000800a032        0x2 
 .text._printf_i
                0x000000000800a034      0x24c d:/st/stm32cubeide_1.8.0/stm32cubeide/plugins/com.st.stm32cube.ide.mcu.externaltools.gnu-tools-for-stm32.9-2020-q2-update.win32_2.0.0.202105311346/tools/bin/../lib/gcc/arm-none-eabi/9.3.1/../../../../arm-none-eabi/lib/thumb/v7e-m+fp/hard\libc_nano.a(lib_a-nano-vfprintf_i.o)
                0x000000000800a034                _printf_i
 .text.printf   0x000000000800a280       0x30 d:/st/stm32cubeide_1.8.0/stm32cubeide/plugins/com.st.stm32cube.ide.mcu.externaltools.gnu-tools-for-stm32.9-2020-q2-update.win32_2.0.0.202105311346/tools/bin/../lib/gcc/arm-none-eabi/9.3.1/../../../../arm-none-eabi/lib/thumb/v7e-m+fp/hard\libc_nano.a(lib_a-printf.o)
                0x000000000800a280                iprintf
                0x000000000800a280                printf
 .text._sbrk_r  0x000000000800a2b0       0x20 d:/st/stm32cubeide_1.8.0/stm32cubeide/plugins/com.st.stm32cube.ide.mcu.externaltools.gnu-tools-for-stm32.9-2020-q2-update.win32_2.0.0.202105311346/tools/bin/../lib/gcc/arm-none-eabi/9.3.1/../../../../arm-none-eabi/lib/thumb/v7e-m+fp/hard\libc_nano.a(lib_a-sbrkr.o)
                0x000000000800a2b0                _sbrk_r
 .text.__sread  0x000000000800a2d0       0x22 d:/st/stm32cubeide_1.8.0/stm32cubeide/plugins/com.st.stm32cube.ide.mcu.externaltools.gnu-tools-for-stm32.9-2020-q2-update.win32_2.0.0.202105311346/tools/bin/../lib/gcc/arm-none-eabi/9.3.1/../../../../arm-none-eabi/lib/thumb/v7e-m+fp/hard\libc_nano.a(lib_a-stdio.o)
                0x000000000800a2d0                __sread
 .text.__swrite
                0x000000000800a2f2       0x38 d:/st/stm32cubeide_1.8.0/stm32cubeide/plugins/com.st.stm32cube.ide.mcu.externaltools.gnu-tools-for-stm32.9-2020-q2-update.win32_2.0.0.202105311346/tools/bin/../lib/gcc/arm-none-eabi/9.3.1/../../../../arm-none-eabi/lib/thumb/v7e-m+fp/hard\libc_nano.a(lib_a-stdio.o)
                0x000000000800a2f2                __swrite
 .text.__sseek  0x000000000800a32a       0x24 d:/st/stm32cubeide_1.8.0/stm32cubeide/plugins/com.st.stm32cube.ide.mcu.externaltools.gnu-tools-for-stm32.9-2020-q2-update.win32_2.0.0.202105311346/tools/bin/../lib/gcc/arm-none-eabi/9.3.1/../../../../arm-none-eabi/lib/thumb/v7e-m+fp/hard\libc_nano.a(lib_a-stdio.o)
                0x000000000800a32a                __sseek
 .text.__sclose
                0x000000000800a34e        0x8 d:/st/stm32cubeide_1.8.0/stm32cubeide/plugins/com.st.stm32cube.ide.mcu.externaltools.gnu-tools-for-stm32.9-2020-q2-update.win32_2.0.0.202105311346/tools/bin/../lib/gcc/arm-none-eabi/9.3.1/../../../../arm-none-eabi/lib/thumb/v7e-m+fp/hard\libc_nano.a(lib_a-stdio.o)
                0x000000000800a34e                __sclose
 .text.strcpy   0x000000000800a356       0x10 d:/st/stm32cubeide_1.8.0/stm32cubeide/plugins/com.st.stm32cube.ide.mcu.externaltools.gnu-tools-for-stm32.9-2020-q2-update.win32_2.0.0.202105311346/tools/bin/../lib/gcc/arm-none-eabi/9.3.1/../../../../arm-none-eabi/lib/thumb/v7e-m+fp/hard\libc_nano.a(lib_a-strcpy.o)
                0x000000000800a356                strcpy
 *fill*         0x000000000800a366        0x2 
 .text.__swbuf_r
                0x000000000800a368       0xa4 d:/st/stm32cubeide_1.8.0/stm32cubeide/plugins/com.st.stm32cube.ide.mcu.externaltools.gnu-tools-for-stm32.9-2020-q2-update.win32_2.0.0.202105311346/tools/bin/../lib/gcc/arm-none-eabi/9.3.1/../../../../arm-none-eabi/lib/thumb/v7e-m+fp/hard\libc_nano.a(lib_a-wbuf.o)
                0x000000000800a368                __swbuf_r
 .text._write_r
                0x000000000800a40c       0x24 d:/st/stm32cubeide_1.8.0/stm32cubeide/plugins/com.st.stm32cube.ide.mcu.externaltools.gnu-tools-for-stm32.9-2020-q2-update.win32_2.0.0.202105311346/tools/bin/../lib/gcc/arm-none-eabi/9.3.1/../../../../arm-none-eabi/lib/thumb/v7e-m+fp/hard\libc_nano.a(lib_a-writer.o)
                0x000000000800a40c                _write_r
 .text.__swsetup_r
                0x000000000800a430       0xdc d:/st/stm32cubeide_1.8.0/stm32cubeide/plugins/com.st.stm32cube.ide.mcu.externaltools.gnu-tools-for-stm32.9-2020-q2-update.win32_2.0.0.202105311346/tools/bin/../lib/gcc/arm-none-eabi/9.3.1/../../../../arm-none-eabi/lib/thumb/v7e-m+fp/hard\libc_nano.a(lib_a-wsetup.o)
                0x000000000800a430                __swsetup_r
 .text._close_r
                0x000000000800a50c       0x20 d:/st/stm32cubeide_1.8.0/stm32cubeide/plugins/com.st.stm32cube.ide.mcu.externaltools.gnu-tools-for-stm32.9-2020-q2-update.win32_2.0.0.202105311346/tools/bin/../lib/gcc/arm-none-eabi/9.3.1/../../../../arm-none-eabi/lib/thumb/v7e-m+fp/hard\libc_nano.a(lib_a-closer.o)
                0x000000000800a50c                _close_r
 .text.quorem   0x000000000800a52c      0x116 d:/st/stm32cubeide_1.8.0/stm32cubeide/plugins/com.st.stm32cube.ide.mcu.externaltools.gnu-tools-for-stm32.9-2020-q2-update.win32_2.0.0.202105311346/tools/bin/../lib/gcc/arm-none-eabi/9.3.1/../../../../arm-none-eabi/lib/thumb/v7e-m+fp/hard\libc_nano.a(lib_a-dtoa.o)
 *fill*         0x000000000800a642        0x6 
 .text._dtoa_r  0x000000000800a648      0xbd8 d:/st/stm32cubeide_1.8.0/stm32cubeide/plugins/com.st.stm32cube.ide.mcu.externaltools.gnu-tools-for-stm32.9-2020-q2-update.win32_2.0.0.202105311346/tools/bin/../lib/gcc/arm-none-eabi/9.3.1/../../../../arm-none-eabi/lib/thumb/v7e-m+fp/hard\libc_nano.a(lib_a-dtoa.o)
                0x000000000800a648                _dtoa_r
 .text._fstat_r
                0x000000000800b220       0x24 d:/st/stm32cubeide_1.8.0/stm32cubeide/plugins/com.st.stm32cube.ide.mcu.externaltools.gnu-tools-for-stm32.9-2020-q2-update.win32_2.0.0.202105311346/tools/bin/../lib/gcc/arm-none-eabi/9.3.1/../../../../arm-none-eabi/lib/thumb/v7e-m+fp/hard\libc_nano.a(lib_a-fstatr.o)
                0x000000000800b220                _fstat_r
 .text._isatty_r
                0x000000000800b244       0x20 d:/st/stm32cubeide_1.8.0/stm32cubeide/plugins/com.st.stm32cube.ide.mcu.externaltools.gnu-tools-for-stm32.9-2020-q2-update.win32_2.0.0.202105311346/tools/bin/../lib/gcc/arm-none-eabi/9.3.1/../../../../arm-none-eabi/lib/thumb/v7e-m+fp/hard\libc_nano.a(lib_a-isattyr.o)
                0x000000000800b244                _isatty_r
 .text._localeconv_r
                0x000000000800b264        0x8 d:/st/stm32cubeide_1.8.0/stm32cubeide/plugins/com.st.stm32cube.ide.mcu.externaltools.gnu-tools-for-stm32.9-2020-q2-update.win32_2.0.0.202105311346/tools/bin/../lib/gcc/arm-none-eabi/9.3.1/../../../../arm-none-eabi/lib/thumb/v7e-m+fp/hard\libc_nano.a(lib_a-localeconv.o)
                0x000000000800b264                _localeconv_r
 .text._lseek_r
                0x000000000800b26c       0x24 d:/st/stm32cubeide_1.8.0/stm32cubeide/plugins/com.st.stm32cube.ide.mcu.externaltools.gnu-tools-for-stm32.9-2020-q2-update.win32_2.0.0.202105311346/tools/bin/../lib/gcc/arm-none-eabi/9.3.1/../../../../arm-none-eabi/lib/thumb/v7e-m+fp/hard\libc_nano.a(lib_a-lseekr.o)
                0x000000000800b26c                _lseek_r
 .text.__malloc_lock
                0x000000000800b290        0xc d:/st/stm32cubeide_1.8.0/stm32cubeide/plugins/com.st.stm32cube.ide.mcu.externaltools.gnu-tools-for-stm32.9-2020-q2-update.win32_2.0.0.202105311346/tools/bin/../lib/gcc/arm-none-eabi/9.3.1/../../../../arm-none-eabi/lib/thumb/v7e-m+fp/hard\libc_nano.a(lib_a-mlock.o)
                0x000000000800b290                __malloc_lock
 .text.__malloc_unlock
                0x000000000800b29c        0xc d:/st/stm32cubeide_1.8.0/stm32cubeide/plugins/com.st.stm32cube.ide.mcu.externaltools.gnu-tools-for-stm32.9-2020-q2-update.win32_2.0.0.202105311346/tools/bin/../lib/gcc/arm-none-eabi/9.3.1/../../../../arm-none-eabi/lib/thumb/v7e-m+fp/hard\libc_nano.a(lib_a-mlock.o)
                0x000000000800b29c                __malloc_unlock
 .text._Balloc  0x000000000800b2a8       0x80 d:/st/stm32cubeide_1.8.0/stm32cubeide/plugins/com.st.stm32cube.ide.mcu.externaltools.gnu-tools-for-stm32.9-2020-q2-update.win32_2.0.0.202105311346/tools/bin/../lib/gcc/arm-none-eabi/9.3.1/../../../../arm-none-eabi/lib/thumb/v7e-m+fp/hard\libc_nano.a(lib_a-mprec.o)
                0x000000000800b2a8                _Balloc
 .text._Bfree   0x000000000800b328       0x44 d:/st/stm32cubeide_1.8.0/stm32cubeide/plugins/com.st.stm32cube.ide.mcu.externaltools.gnu-tools-for-stm32.9-2020-q2-update.win32_2.0.0.202105311346/tools/bin/../lib/gcc/arm-none-eabi/9.3.1/../../../../arm-none-eabi/lib/thumb/v7e-m+fp/hard\libc_nano.a(lib_a-mprec.o)
                0x000000000800b328                _Bfree
 .text.__multadd
                0x000000000800b36c       0x94 d:/st/stm32cubeide_1.8.0/stm32cubeide/plugins/com.st.stm32cube.ide.mcu.externaltools.gnu-tools-for-stm32.9-2020-q2-update.win32_2.0.0.202105311346/tools/bin/../lib/gcc/arm-none-eabi/9.3.1/../../../../arm-none-eabi/lib/thumb/v7e-m+fp/hard\libc_nano.a(lib_a-mprec.o)
                0x000000000800b36c                __multadd
 .text.__hi0bits
                0x000000000800b400       0x40 d:/st/stm32cubeide_1.8.0/stm32cubeide/plugins/com.st.stm32cube.ide.mcu.externaltools.gnu-tools-for-stm32.9-2020-q2-update.win32_2.0.0.202105311346/tools/bin/../lib/gcc/arm-none-eabi/9.3.1/../../../../arm-none-eabi/lib/thumb/v7e-m+fp/hard\libc_nano.a(lib_a-mprec.o)
                0x000000000800b400                __hi0bits
 .text.__lo0bits
                0x000000000800b440       0x60 d:/st/stm32cubeide_1.8.0/stm32cubeide/plugins/com.st.stm32cube.ide.mcu.externaltools.gnu-tools-for-stm32.9-2020-q2-update.win32_2.0.0.202105311346/tools/bin/../lib/gcc/arm-none-eabi/9.3.1/../../../../arm-none-eabi/lib/thumb/v7e-m+fp/hard\libc_nano.a(lib_a-mprec.o)
                0x000000000800b440                __lo0bits
 .text.__i2b    0x000000000800b4a0       0x2c d:/st/stm32cubeide_1.8.0/stm32cubeide/plugins/com.st.stm32cube.ide.mcu.externaltools.gnu-tools-for-stm32.9-2020-q2-update.win32_2.0.0.202105311346/tools/bin/../lib/gcc/arm-none-eabi/9.3.1/../../../../arm-none-eabi/lib/thumb/v7e-m+fp/hard\libc_nano.a(lib_a-mprec.o)
                0x000000000800b4a0                __i2b
 .text.__multiply
                0x000000000800b4cc      0x14c d:/st/stm32cubeide_1.8.0/stm32cubeide/plugins/com.st.stm32cube.ide.mcu.externaltools.gnu-tools-for-stm32.9-2020-q2-update.win32_2.0.0.202105311346/tools/bin/../lib/gcc/arm-none-eabi/9.3.1/../../../../arm-none-eabi/lib/thumb/v7e-m+fp/hard\libc_nano.a(lib_a-mprec.o)
                0x000000000800b4cc                __multiply
 .text.__pow5mult
                0x000000000800b618       0xb4 d:/st/stm32cubeide_1.8.0/stm32cubeide/plugins/com.st.stm32cube.ide.mcu.externaltools.gnu-tools-for-stm32.9-2020-q2-update.win32_2.0.0.202105311346/tools/bin/../lib/gcc/arm-none-eabi/9.3.1/../../../../arm-none-eabi/lib/thumb/v7e-m+fp/hard\libc_nano.a(lib_a-mprec.o)
                0x000000000800b618                __pow5mult
 .text.__lshift
                0x000000000800b6cc       0xd8 d:/st/stm32cubeide_1.8.0/stm32cubeide/plugins/com.st.stm32cube.ide.mcu.externaltools.gnu-tools-for-stm32.9-2020-q2-update.win32_2.0.0.202105311346/tools/bin/../lib/gcc/arm-none-eabi/9.3.1/../../../../arm-none-eabi/lib/thumb/v7e-m+fp/hard\libc_nano.a(lib_a-mprec.o)
                0x000000000800b6cc                __lshift
 .text.__mcmp   0x000000000800b7a4       0x38 d:/st/stm32cubeide_1.8.0/stm32cubeide/plugins/com.st.stm32cube.ide.mcu.externaltools.gnu-tools-for-stm32.9-2020-q2-update.win32_2.0.0.202105311346/tools/bin/../lib/gcc/arm-none-eabi/9.3.1/../../../../arm-none-eabi/lib/thumb/v7e-m+fp/hard\libc_nano.a(lib_a-mprec.o)
                0x000000000800b7a4                __mcmp
 .text.__mdiff  0x000000000800b7dc      0x110 d:/st/stm32cubeide_1.8.0/stm32cubeide/plugins/com.st.stm32cube.ide.mcu.externaltools.gnu-tools-for-stm32.9-2020-q2-update.win32_2.0.0.202105311346/tools/bin/../lib/gcc/arm-none-eabi/9.3.1/../../../../arm-none-eabi/lib/thumb/v7e-m+fp/hard\libc_nano.a(lib_a-mprec.o)
                0x000000000800b7dc                __mdiff
 .text.__d2b    0x000000000800b8ec       0xb8 d:/st/stm32cubeide_1.8.0/stm32cubeide/plugins/com.st.stm32cube.ide.mcu.externaltools.gnu-tools-for-stm32.9-2020-q2-update.win32_2.0.0.202105311346/tools/bin/../lib/gcc/arm-none-eabi/9.3.1/../../../../arm-none-eabi/lib/thumb/v7e-m+fp/hard\libc_nano.a(lib_a-mprec.o)
                0x000000000800b8ec                __d2b
 .text._calloc_r
                0x000000000800b9a4       0x1e d:/st/stm32cubeide_1.8.0/stm32cubeide/plugins/com.st.stm32cube.ide.mcu.externaltools.gnu-tools-for-stm32.9-2020-q2-update.win32_2.0.0.202105311346/tools/bin/../lib/gcc/arm-none-eabi/9.3.1/../../../../arm-none-eabi/lib/thumb/v7e-m+fp/hard\libc_nano.a(lib_a-nano-callocr.o)
                0x000000000800b9a4                _calloc_r
 *fill*         0x000000000800b9c2        0x2 
 .text._read_r  0x000000000800b9c4       0x24 d:/st/stm32cubeide_1.8.0/stm32cubeide/plugins/com.st.stm32cube.ide.mcu.externaltools.gnu-tools-for-stm32.9-2020-q2-update.win32_2.0.0.202105311346/tools/bin/../lib/gcc/arm-none-eabi/9.3.1/../../../../arm-none-eabi/lib/thumb/v7e-m+fp/hard\libc_nano.a(lib_a-readr.o)
                0x000000000800b9c4                _read_r
 .text.__assert_func
                0x000000000800b9e8       0x3c d:/st/stm32cubeide_1.8.0/stm32cubeide/plugins/com.st.stm32cube.ide.mcu.externaltools.gnu-tools-for-stm32.9-2020-q2-update.win32_2.0.0.202105311346/tools/bin/../lib/gcc/arm-none-eabi/9.3.1/../../../../arm-none-eabi/lib/thumb/v7e-m+fp/hard\libc_nano.a(lib_a-assert.o)
                0x000000000800b9e8                __assert_func
 .text.__ascii_mbtowc
                0x000000000800ba24       0x24 d:/st/stm32cubeide_1.8.0/stm32cubeide/plugins/com.st.stm32cube.ide.mcu.externaltools.gnu-tools-for-stm32.9-2020-q2-update.win32_2.0.0.202105311346/tools/bin/../lib/gcc/arm-none-eabi/9.3.1/../../../../arm-none-eabi/lib/thumb/v7e-m+fp/hard\libc_nano.a(lib_a-mbtowc_r.o)
                0x000000000800ba24                __ascii_mbtowc
 .text.__ascii_wctomb
                0x000000000800ba48       0x1a d:/st/stm32cubeide_1.8.0/stm32cubeide/plugins/com.st.stm32cube.ide.mcu.externaltools.gnu-tools-for-stm32.9-2020-q2-update.win32_2.0.0.202105311346/tools/bin/../lib/gcc/arm-none-eabi/9.3.1/../../../../arm-none-eabi/lib/thumb/v7e-m+fp/hard\libc_nano.a(lib_a-wctomb_r.o)
                0x000000000800ba48                __ascii_wctomb
 .text.abort    0x000000000800ba62        0xe d:/st/stm32cubeide_1.8.0/stm32cubeide/plugins/com.st.stm32cube.ide.mcu.externaltools.gnu-tools-for-stm32.9-2020-q2-update.win32_2.0.0.202105311346/tools/bin/../lib/gcc/arm-none-eabi/9.3.1/../../../../arm-none-eabi/lib/thumb/v7e-m+fp/hard\libc_nano.a(lib_a-abort.o)
                0x000000000800ba62                abort
 .text._raise_r
                0x000000000800ba70       0x50 d:/st/stm32cubeide_1.8.0/stm32cubeide/plugins/com.st.stm32cube.ide.mcu.externaltools.gnu-tools-for-stm32.9-2020-q2-update.win32_2.0.0.202105311346/tools/bin/../lib/gcc/arm-none-eabi/9.3.1/../../../../arm-none-eabi/lib/thumb/v7e-m+fp/hard\libc_nano.a(lib_a-signal.o)
                0x000000000800ba70                _raise_r
 .text.raise    0x000000000800bac0       0x10 d:/st/stm32cubeide_1.8.0/stm32cubeide/plugins/com.st.stm32cube.ide.mcu.externaltools.gnu-tools-for-stm32.9-2020-q2-update.win32_2.0.0.202105311346/tools/bin/../lib/gcc/arm-none-eabi/9.3.1/../../../../arm-none-eabi/lib/thumb/v7e-m+fp/hard\libc_nano.a(lib_a-signal.o)
                0x000000000800bac0                raise
 .text._kill_r  0x000000000800bad0       0x24 d:/st/stm32cubeide_1.8.0/stm32cubeide/plugins/com.st.stm32cube.ide.mcu.externaltools.gnu-tools-for-stm32.9-2020-q2-update.win32_2.0.0.202105311346/tools/bin/../lib/gcc/arm-none-eabi/9.3.1/../../../../arm-none-eabi/lib/thumb/v7e-m+fp/hard\libc_nano.a(lib_a-signalr.o)
                0x000000000800bad0                _kill_r
 .text._getpid_r
                0x000000000800baf4        0x4 d:/st/stm32cubeide_1.8.0/stm32cubeide/plugins/com.st.stm32cube.ide.mcu.externaltools.gnu-tools-for-stm32.9-2020-q2-update.win32_2.0.0.202105311346/tools/bin/../lib/gcc/arm-none-eabi/9.3.1/../../../../arm-none-eabi/lib/thumb/v7e-m+fp/hard\libc_nano.a(lib_a-signalr.o)
                0x000000000800baf4                _getpid_r
 *(.glue_7)
 .glue_7        0x000000000800baf8        0x0 linker stubs
 *(.glue_7t)
 .glue_7t       0x000000000800baf8        0x0 linker stubs
 *(.eh_frame)
 .eh_frame      0x000000000800baf8        0x0 d:/st/stm32cubeide_1.8.0/stm32cubeide/plugins/com.st.stm32cube.ide.mcu.externaltools.gnu-tools-for-stm32.9-2020-q2-update.win32_2.0.0.202105311346/tools/bin/../lib/gcc/arm-none-eabi/9.3.1/thumb/v7e-m+fp/hard/crtbegin.o
 *(.init)
 .init          0x000000000800baf8        0x4 d:/st/stm32cubeide_1.8.0/stm32cubeide/plugins/com.st.stm32cube.ide.mcu.externaltools.gnu-tools-for-stm32.9-2020-q2-update.win32_2.0.0.202105311346/tools/bin/../lib/gcc/arm-none-eabi/9.3.1/thumb/v7e-m+fp/hard/crti.o
                0x000000000800baf8                _init
 .init          0x000000000800bafc        0x8 d:/st/stm32cubeide_1.8.0/stm32cubeide/plugins/com.st.stm32cube.ide.mcu.externaltools.gnu-tools-for-stm32.9-2020-q2-update.win32_2.0.0.202105311346/tools/bin/../lib/gcc/arm-none-eabi/9.3.1/thumb/v7e-m+fp/hard/crtn.o
 *(.fini)
 .fini          0x000000000800bb04        0x4 d:/st/stm32cubeide_1.8.0/stm32cubeide/plugins/com.st.stm32cube.ide.mcu.externaltools.gnu-tools-for-stm32.9-2020-q2-update.win32_2.0.0.202105311346/tools/bin/../lib/gcc/arm-none-eabi/9.3.1/thumb/v7e-m+fp/hard/crti.o
                0x000000000800bb04                _fini
 .fini          0x000000000800bb08        0x8 d:/st/stm32cubeide_1.8.0/stm32cubeide/plugins/com.st.stm32cube.ide.mcu.externaltools.gnu-tools-for-stm32.9-2020-q2-update.win32_2.0.0.202105311346/tools/bin/../lib/gcc/arm-none-eabi/9.3.1/thumb/v7e-m+fp/hard/crtn.o
                0x000000000800bb10                . = ALIGN (0x4)
                0x000000000800bb10                _etext = .

.vfp11_veneer   0x000000000800bb10        0x0
 .vfp11_veneer  0x000000000800bb10        0x0 linker stubs

.v4_bx          0x000000000800bb10        0x0
 .v4_bx         0x000000000800bb10        0x0 linker stubs

.iplt           0x000000000800bb10        0x0
 .iplt          0x000000000800bb10        0x0 d:/st/stm32cubeide_1.8.0/stm32cubeide/plugins/com.st.stm32cube.ide.mcu.externaltools.gnu-tools-for-stm32.9-2020-q2-update.win32_2.0.0.202105311346/tools/bin/../lib/gcc/arm-none-eabi/9.3.1/thumb/v7e-m+fp/hard/crtbegin.o

.rodata         0x000000000800bb10      0x4a4
                0x000000000800bb10                . = ALIGN (0x4)
 *(.rodata)
 .rodata        0x000000000800bb10       0xa6 ./Core/Src/main.o
 *(.rodata*)
 *fill*         0x000000000800bbb6        0x2 
 .rodata.AHBPrescTable
                0x000000000800bbb8       0x10 ./Core/Src/system_stm32f4xx.o
                0x000000000800bbb8                AHBPrescTable
 .rodata.APBPrescTable
                0x000000000800bbc8        0x8 ./Core/Src/system_stm32f4xx.o
                0x000000000800bbc8                APBPrescTable
 .rodata.__sf_fake_stderr
                0x000000000800bbd0       0x20 d:/st/stm32cubeide_1.8.0/stm32cubeide/plugins/com.st.stm32cube.ide.mcu.externaltools.gnu-tools-for-stm32.9-2020-q2-update.win32_2.0.0.202105311346/tools/bin/../lib/gcc/arm-none-eabi/9.3.1/../../../../arm-none-eabi/lib/thumb/v7e-m+fp/hard\libc_nano.a(lib_a-findfp.o)
                0x000000000800bbd0                __sf_fake_stderr
 .rodata.__sf_fake_stdin
                0x000000000800bbf0       0x20 d:/st/stm32cubeide_1.8.0/stm32cubeide/plugins/com.st.stm32cube.ide.mcu.externaltools.gnu-tools-for-stm32.9-2020-q2-update.win32_2.0.0.202105311346/tools/bin/../lib/gcc/arm-none-eabi/9.3.1/../../../../arm-none-eabi/lib/thumb/v7e-m+fp/hard\libc_nano.a(lib_a-findfp.o)
                0x000000000800bbf0                __sf_fake_stdin
 .rodata.__sf_fake_stdout
                0x000000000800bc10       0x20 d:/st/stm32cubeide_1.8.0/stm32cubeide/plugins/com.st.stm32cube.ide.mcu.externaltools.gnu-tools-for-stm32.9-2020-q2-update.win32_2.0.0.202105311346/tools/bin/../lib/gcc/arm-none-eabi/9.3.1/../../../../arm-none-eabi/lib/thumb/v7e-m+fp/hard\libc_nano.a(lib_a-findfp.o)
                0x000000000800bc10                __sf_fake_stdout
 .rodata._global_impure_ptr
                0x000000000800bc30        0x4 d:/st/stm32cubeide_1.8.0/stm32cubeide/plugins/com.st.stm32cube.ide.mcu.externaltools.gnu-tools-for-stm32.9-2020-q2-update.win32_2.0.0.202105311346/tools/bin/../lib/gcc/arm-none-eabi/9.3.1/../../../../arm-none-eabi/lib/thumb/v7e-m+fp/hard\libc_nano.a(lib_a-impure.o)
                0x000000000800bc30                _global_impure_ptr
 .rodata._vfprintf_r.str1.1
                0x000000000800bc34       0x11 d:/st/stm32cubeide_1.8.0/stm32cubeide/plugins/com.st.stm32cube.ide.mcu.externaltools.gnu-tools-for-stm32.9-2020-q2-update.win32_2.0.0.202105311346/tools/bin/../lib/gcc/arm-none-eabi/9.3.1/../../../../arm-none-eabi/lib/thumb/v7e-m+fp/hard\libc_nano.a(lib_a-nano-vfprintf.o)
 .rodata._printf_float.str1.1
                0x000000000800bc45       0x12 d:/st/stm32cubeide_1.8.0/stm32cubeide/plugins/com.st.stm32cube.ide.mcu.externaltools.gnu-tools-for-stm32.9-2020-q2-update.win32_2.0.0.202105311346/tools/bin/../lib/gcc/arm-none-eabi/9.3.1/../../../../arm-none-eabi/lib/thumb/v7e-m+fp/hard\libc_nano.a(lib_a-nano-vfprintf_float.o)
 .rodata._printf_i.str1.1
                0x000000000800bc57       0x22 d:/st/stm32cubeide_1.8.0/stm32cubeide/plugins/com.st.stm32cube.ide.mcu.externaltools.gnu-tools-for-stm32.9-2020-q2-update.win32_2.0.0.202105311346/tools/bin/../lib/gcc/arm-none-eabi/9.3.1/../../../../arm-none-eabi/lib/thumb/v7e-m+fp/hard\libc_nano.a(lib_a-nano-vfprintf_i.o)
 .rodata._dtoa_r.str1.1
                0x000000000800bc79       0x94 d:/st/stm32cubeide_1.8.0/stm32cubeide/plugins/com.st.stm32cube.ide.mcu.externaltools.gnu-tools-for-stm32.9-2020-q2-update.win32_2.0.0.202105311346/tools/bin/../lib/gcc/arm-none-eabi/9.3.1/../../../../arm-none-eabi/lib/thumb/v7e-m+fp/hard\libc_nano.a(lib_a-dtoa.o)
                                         0x96 (size before relaxing)
 .rodata._Balloc.str1.1
                0x000000000800bd0d       0x60 d:/st/stm32cubeide_1.8.0/stm32cubeide/plugins/com.st.stm32cube.ide.mcu.externaltools.gnu-tools-for-stm32.9-2020-q2-update.win32_2.0.0.202105311346/tools/bin/../lib/gcc/arm-none-eabi/9.3.1/../../../../arm-none-eabi/lib/thumb/v7e-m+fp/hard\libc_nano.a(lib_a-mprec.o)
                                         0x77 (size before relaxing)
 .rodata.__multadd.str1.1
                0x000000000800bd6d       0x11 d:/st/stm32cubeide_1.8.0/stm32cubeide/plugins/com.st.stm32cube.ide.mcu.externaltools.gnu-tools-for-stm32.9-2020-q2-update.win32_2.0.0.202105311346/tools/bin/../lib/gcc/arm-none-eabi/9.3.1/../../../../arm-none-eabi/lib/thumb/v7e-m+fp/hard\libc_nano.a(lib_a-mprec.o)
 *fill*         0x000000000800bd6d        0x3 
 .rodata.__mprec_bigtens
                0x000000000800bd70       0x28 d:/st/stm32cubeide_1.8.0/stm32cubeide/plugins/com.st.stm32cube.ide.mcu.externaltools.gnu-tools-for-stm32.9-2020-q2-update.win32_2.0.0.202105311346/tools/bin/../lib/gcc/arm-none-eabi/9.3.1/../../../../arm-none-eabi/lib/thumb/v7e-m+fp/hard\libc_nano.a(lib_a-mprec.o)
                0x000000000800bd70                __mprec_bigtens
 .rodata.__mprec_tens
                0x000000000800bd98       0xc8 d:/st/stm32cubeide_1.8.0/stm32cubeide/plugins/com.st.stm32cube.ide.mcu.externaltools.gnu-tools-for-stm32.9-2020-q2-update.win32_2.0.0.202105311346/tools/bin/../lib/gcc/arm-none-eabi/9.3.1/../../../../arm-none-eabi/lib/thumb/v7e-m+fp/hard\libc_nano.a(lib_a-mprec.o)
                0x000000000800bd98                __mprec_tens
 .rodata.p05.7513
                0x000000000800be60        0xc d:/st/stm32cubeide_1.8.0/stm32cubeide/plugins/com.st.stm32cube.ide.mcu.externaltools.gnu-tools-for-stm32.9-2020-q2-update.win32_2.0.0.202105311346/tools/bin/../lib/gcc/arm-none-eabi/9.3.1/../../../../arm-none-eabi/lib/thumb/v7e-m+fp/hard\libc_nano.a(lib_a-mprec.o)
 .rodata.__assert_func.str1.1
                0x000000000800be6c       0x3c d:/st/stm32cubeide_1.8.0/stm32cubeide/plugins/com.st.stm32cube.ide.mcu.externaltools.gnu-tools-for-stm32.9-2020-q2-update.win32_2.0.0.202105311346/tools/bin/../lib/gcc/arm-none-eabi/9.3.1/../../../../arm-none-eabi/lib/thumb/v7e-m+fp/hard\libc_nano.a(lib_a-assert.o)
                                         0x3d (size before relaxing)
 .rodata._setlocale_r.str1.1
                0x000000000800bea8        0x8 d:/st/stm32cubeide_1.8.0/stm32cubeide/plugins/com.st.stm32cube.ide.mcu.externaltools.gnu-tools-for-stm32.9-2020-q2-update.win32_2.0.0.202105311346/tools/bin/../lib/gcc/arm-none-eabi/9.3.1/../../../../arm-none-eabi/lib/thumb/v7e-m+fp/hard\libc_nano.a(lib_a-locale.o)
                                          0x9 (size before relaxing)
 .rodata.str1.1
                0x000000000800beb0        0x2 d:/st/stm32cubeide_1.8.0/stm32cubeide/plugins/com.st.stm32cube.ide.mcu.externaltools.gnu-tools-for-stm32.9-2020-q2-update.win32_2.0.0.202105311346/tools/bin/../lib/gcc/arm-none-eabi/9.3.1/../../../../arm-none-eabi/lib/thumb/v7e-m+fp/hard\libc_nano.a(lib_a-locale.o)
 .rodata._ctype_
                0x000000000800beb2      0x101 d:/st/stm32cubeide_1.8.0/stm32cubeide/plugins/com.st.stm32cube.ide.mcu.externaltools.gnu-tools-for-stm32.9-2020-q2-update.win32_2.0.0.202105311346/tools/bin/../lib/gcc/arm-none-eabi/9.3.1/../../../../arm-none-eabi/lib/thumb/v7e-m+fp/hard\libc_nano.a(lib_a-ctype_.o)
                0x000000000800beb2                _ctype_
                0x000000000800bfb4                . = ALIGN (0x4)
 *fill*         0x000000000800bfb3        0x1 

.ARM.extab      0x000000000800bfb4        0x0
                0x000000000800bfb4                . = ALIGN (0x4)
 *(.ARM.extab* .gnu.linkonce.armextab.*)
                0x000000000800bfb4                . = ALIGN (0x4)

.ARM            0x000000000800bfb4        0x8
                0x000000000800bfb4                . = ALIGN (0x4)
                0x000000000800bfb4                __exidx_start = .
 *(.ARM.exidx*)
 .ARM.exidx     0x000000000800bfb4        0x8 d:/st/stm32cubeide_1.8.0/stm32cubeide/plugins/com.st.stm32cube.ide.mcu.externaltools.gnu-tools-for-stm32.9-2020-q2-update.win32_2.0.0.202105311346/tools/bin/../lib/gcc/arm-none-eabi/9.3.1/thumb/v7e-m+fp/hard\libgcc.a(_udivmoddi4.o)
                0x000000000800bfbc                __exidx_end = .
                0x000000000800bfbc                . = ALIGN (0x4)

.rel.dyn        0x000000000800bfbc        0x0
 .rel.iplt      0x000000000800bfbc        0x0 d:/st/stm32cubeide_1.8.0/stm32cubeide/plugins/com.st.stm32cube.ide.mcu.externaltools.gnu-tools-for-stm32.9-2020-q2-update.win32_2.0.0.202105311346/tools/bin/../lib/gcc/arm-none-eabi/9.3.1/thumb/v7e-m+fp/hard/crtbegin.o

.preinit_array  0x000000000800bfbc        0x0
                0x000000000800bfbc                . = ALIGN (0x4)
                0x000000000800bfbc                PROVIDE (__preinit_array_start = .)
 *(.preinit_array*)
                0x000000000800bfbc                PROVIDE (__preinit_array_end = .)
                0x000000000800bfbc                . = ALIGN (0x4)

.init_array     0x000000000800bfbc        0x4
                0x000000000800bfbc                . = ALIGN (0x4)
                0x000000000800bfbc                PROVIDE (__init_array_start = .)
 *(SORT_BY_NAME(.init_array.*))
 *(.init_array*)
 .init_array    0x000000000800bfbc        0x4 d:/st/stm32cubeide_1.8.0/stm32cubeide/plugins/com.st.stm32cube.ide.mcu.externaltools.gnu-tools-for-stm32.9-2020-q2-update.win32_2.0.0.202105311346/tools/bin/../lib/gcc/arm-none-eabi/9.3.1/thumb/v7e-m+fp/hard/crtbegin.o
                0x000000000800bfc0                PROVIDE (__init_array_end = .)
                0x000000000800bfc0                . = ALIGN (0x4)

.fini_array     0x000000000800bfc0        0x4
                0x000000000800bfc0                . = ALIGN (0x4)
                [!provide]                        PROVIDE (__fini_array_start = .)
 *(SORT_BY_NAME(.fini_array.*))
 *(.fini_array*)
 .fini_array    0x000000000800bfc0        0x4 d:/st/stm32cubeide_1.8.0/stm32cubeide/plugins/com.st.stm32cube.ide.mcu.externaltools.gnu-tools-for-stm32.9-2020-q2-update.win32_2.0.0.202105311346/tools/bin/../lib/gcc/arm-none-eabi/9.3.1/thumb/v7e-m+fp/hard/crtbegin.o
                [!provide]                        PROVIDE (__fini_array_end = .)
                0x000000000800bfc4                . = ALIGN (0x4)
                0x000000000800bfc4                _sidata = LOADADDR (.data)

.data           0x0000000020000000      0x49c load address 0x000000000800bfc4
                0x0000000020000000                . = ALIGN (0x4)
                0x0000000020000000                _sdata = .
 *(.data)
 *(.data*)
 .data.Dev      0x0000000020000000        0x4 ./Core/Src/main.o
                0x0000000020000000                Dev
 .data.SystemCoreClock
                0x0000000020000004        0x4 ./Core/Src/system_stm32f4xx.o
                0x0000000020000004                SystemCoreClock
 .data.uwTickPrio
                0x0000000020000008        0x4 ./Drivers/STM32F4xx_HAL_Driver/Src/stm32f4xx_hal.o
                0x0000000020000008                uwTickPrio
 .data.uwTickFreq
                0x000000002000000c        0x1 ./Drivers/STM32F4xx_HAL_Driver/Src/stm32f4xx_hal.o
                0x000000002000000c                uwTickFreq
 *fill*         0x000000002000000d        0x3 
 .data.DefaultTuningSettings
                0x0000000020000010       0xf3 ./Drivers/VL53L0x/Api/core/src/vl53l0x_api.o
                0x0000000020000010                DefaultTuningSettings
 *fill*         0x0000000020000103        0x1 
 .data.InterruptThresholdSettings
                0x0000000020000104      0x1b6 ./Drivers/VL53L0x/Api/core/src/vl53l0x_api.o
                0x0000000020000104                InterruptThresholdSettings
 *fill*         0x00000000200002ba        0x2 
 .data.refArrayQuadrants
                0x00000000200002bc       0x10 ./Drivers/VL53L0x/Api/core/src/vl53l0x_api_calibration.o
                0x00000000200002bc                refArrayQuadrants
 .data._impure_ptr
                0x00000000200002cc        0x4 d:/st/stm32cubeide_1.8.0/stm32cubeide/plugins/com.st.stm32cube.ide.mcu.externaltools.gnu-tools-for-stm32.9-2020-q2-update.win32_2.0.0.202105311346/tools/bin/../lib/gcc/arm-none-eabi/9.3.1/../../../../arm-none-eabi/lib/thumb/v7e-m+fp/hard\libc_nano.a(lib_a-impure.o)
                0x00000000200002cc                _impure_ptr
 .data.impure_data
                0x00000000200002d0       0x60 d:/st/stm32cubeide_1.8.0/stm32cubeide/plugins/com.st.stm32cube.ide.mcu.externaltools.gnu-tools-for-stm32.9-2020-q2-update.win32_2.0.0.202105311346/tools/bin/../lib/gcc/arm-none-eabi/9.3.1/../../../../arm-none-eabi/lib/thumb/v7e-m+fp/hard\libc_nano.a(lib_a-impure.o)
 .data.__global_locale
                0x0000000020000330      0x16c d:/st/stm32cubeide_1.8.0/stm32cubeide/plugins/com.st.stm32cube.ide.mcu.externaltools.gnu-tools-for-stm32.9-2020-q2-update.win32_2.0.0.202105311346/tools/bin/../lib/gcc/arm-none-eabi/9.3.1/../../../../arm-none-eabi/lib/thumb/v7e-m+fp/hard\libc_nano.a(lib_a-locale.o)
                0x0000000020000330                __global_locale
 *(.RamFunc)
 *(.RamFunc*)
                0x000000002000049c                . = ALIGN (0x4)
                0x000000002000049c                _edata = .

.igot.plt       0x000000002000049c        0x0 load address 0x000000000800c460
 .igot.plt      0x000000002000049c        0x0 d:/st/stm32cubeide_1.8.0/stm32cubeide/plugins/com.st.stm32cube.ide.mcu.externaltools.gnu-tools-for-stm32.9-2020-q2-update.win32_2.0.0.202105311346/tools/bin/../lib/gcc/arm-none-eabi/9.3.1/thumb/v7e-m+fp/hard/crtbegin.o
                0x000000002000049c                . = ALIGN (0x4)

.bss            0x000000002000049c      0x2a8 load address 0x000000000800c460
                0x000000002000049c                _sbss = .
                0x000000002000049c                __bss_start__ = _sbss
 *(.bss)
 .bss           0x000000002000049c       0x1c d:/st/stm32cubeide_1.8.0/stm32cubeide/plugins/com.st.stm32cube.ide.mcu.externaltools.gnu-tools-for-stm32.9-2020-q2-update.win32_2.0.0.202105311346/tools/bin/../lib/gcc/arm-none-eabi/9.3.1/thumb/v7e-m+fp/hard/crtbegin.o
 *(.bss*)
 .bss.brett_status
                0x00000000200004b8        0x4 ./Core/Src/main.o
                0x00000000200004b8                brett_status
 .bss.__sbrk_heap_end
                0x00000000200004bc        0x4 ./Core/Src/sysmem.o
 .bss.__malloc_free_list
                0x00000000200004c0        0x4 d:/st/stm32cubeide_1.8.0/stm32cubeide/plugins/com.st.stm32cube.ide.mcu.externaltools.gnu-tools-for-stm32.9-2020-q2-update.win32_2.0.0.202105311346/tools/bin/../lib/gcc/arm-none-eabi/9.3.1/../../../../arm-none-eabi/lib/thumb/v7e-m+fp/hard\libc_nano.a(lib_a-nano-mallocr.o)
                0x00000000200004c0                __malloc_free_list
 .bss.__malloc_sbrk_start
                0x00000000200004c4        0x4 d:/st/stm32cubeide_1.8.0/stm32cubeide/plugins/com.st.stm32cube.ide.mcu.externaltools.gnu-tools-for-stm32.9-2020-q2-update.win32_2.0.0.202105311346/tools/bin/../lib/gcc/arm-none-eabi/9.3.1/../../../../arm-none-eabi/lib/thumb/v7e-m+fp/hard\libc_nano.a(lib_a-nano-mallocr.o)
                0x00000000200004c4                __malloc_sbrk_start
 *(COMMON)
 COMMON         0x00000000200004c8      0x228 ./Core/Src/main.o
                0x00000000200004c8                dev
                0x0000000020000654                hi2c2
                0x00000000200006a8                huart2
                0x00000000200006ec                distances
 COMMON         0x00000000200006f0        0x4 ./Drivers/STM32F4xx_HAL_Driver/Src/stm32f4xx_hal.o
                0x00000000200006f0                uwTick
 COMMON         0x00000000200006f4       0x40 ./Drivers/VL53L0x/Api/platform/src/vl53l0x_platform.o