Archive member included to satisfy reference by file (symbol)

d:/st/stm32cubeide_1.8.0/stm32cubeide/plugins/com.st.stm32cube.ide.mcu.externaltools.gnu-tools-for-stm32.9-2020-q2-update.win32_2.0.0.202105311346/tools/bin/../lib/gcc/arm-none-eabi/9.3.1/../../../../arm-none-eabi/lib/thumb/v7e-m+fp/hard\libc_nano.a(lib_a-clock.o)
                              ./Core/Src/main.o (clock)
d:/st/stm32cubeide_1.8.0/stm32cubeide/plugins/com.st.stm32cube.ide.mcu.externaltools.gnu-tools-for-stm32.9-2020-q2-update.win32_2.0.0.202105311346/tools/bin/../lib/gcc/arm-none-eabi/9.3.1/../../../../arm-none-eabi/lib/thumb/v7e-m+fp/hard\libc_nano.a(lib_a-errno.o)
                              ./Core/Src/syscalls.o (__errno)
d:/st/stm32cubeide_1.8.0/stm32cubeide/plugins/com.st.stm32cube.ide.mcu.externaltools.gnu-tools-for-stm32.9-2020-q2-update.win32_2.0.0.202105311346/tools/bin/../lib/gcc/arm-none-eabi/9.3.1/../../../../arm-none-eabi/lib/thumb/v7e-m+fp/hard\libc_nano.a(lib_a-exit.o)
                              d:/st/stm32cubeide_1.8.0/stm32cubeide/plugins/com.st.stm32cube.ide.mcu.externaltools.gnu-tools-for-stm32.9-2020-q2-update.win32_2.0.0.202105311346/tools/bin/../lib/gcc/arm-none-eabi/9.3.1/../../../../arm-none-eabi/lib/thumb/v7e-m+fp/hard/crt0.o (exit)
d:/st/stm32cubeide_1.8.0/stm32cubeide/plugins/com.st.stm32cube.ide.mcu.externaltools.gnu-tools-for-stm32.9-2020-q2-update.win32_2.0.0.202105311346/tools/bin/../lib/gcc/arm-none-eabi/9.3.1/../../../../arm-none-eabi/lib/thumb/v7e-m+fp/hard\libc_nano.a(lib_a-fclose.o)
                              ./Drivers/Bretts_Helper/Src/IRs/Driver/platform/src/vl53l0x_platform_log.o (fclose)
d:/st/stm32cubeide_1.8.0/stm32cubeide/plugins/com.st.stm32cube.ide.mcu.externaltools.gnu-tools-for-stm32.9-2020-q2-update.win32_2.0.0.202105311346/tools/bin/../lib/gcc/arm-none-eabi/9.3.1/../../../../arm-none-eabi/lib/thumb/v7e-m+fp/hard\libc_nano.a(lib_a-fflush.o)
                              d:/st/stm32cubeide_1.8.0/stm32cubeide/plugins/com.st.stm32cube.ide.mcu.externaltools.gnu-tools-for-stm32.9-2020-q2-update.win32_2.0.0.202105311346/tools/bin/../lib/gcc/arm-none-eabi/9.3.1/../../../../arm-none-eabi/lib/thumb/v7e-m+fp/hard\libc_nano.a(lib_a-fclose.o) (__sflush_r)
d:/st/stm32cubeide_1.8.0/stm32cubeide/plugins/com.st.stm32cube.ide.mcu.externaltools.gnu-tools-for-stm32.9-2020-q2-update.win32_2.0.0.202105311346/tools/bin/../lib/gcc/arm-none-eabi/9.3.1/../../../../arm-none-eabi/lib/thumb/v7e-m+fp/hard\libc_nano.a(lib_a-findfp.o)
                              d:/st/stm32cubeide_1.8.0/stm32cubeide/plugins/com.st.stm32cube.ide.mcu.externaltools.gnu-tools-for-stm32.9-2020-q2-update.win32_2.0.0.202105311346/tools/bin/../lib/gcc/arm-none-eabi/9.3.1/../../../../arm-none-eabi/lib/thumb/v7e-m+fp/hard\libc_nano.a(lib_a-fclose.o) (__sfp_lock_acquire)
d:/st/stm32cubeide_1.8.0/stm32cubeide/plugins/com.st.stm32cube.ide.mcu.externaltools.gnu-tools-for-stm32.9-2020-q2-update.win32_2.0.0.202105311346/tools/bin/../lib/gcc/arm-none-eabi/9.3.1/../../../../arm-none-eabi/lib/thumb/v7e-m+fp/hard\libc_nano.a(lib_a-fopen.o)
                              ./Drivers/Bretts_Helper/Src/IRs/Driver/platform/src/vl53l0x_platform_log.o (fopen)
d:/st/stm32cubeide_1.8.0/stm32cubeide/plugins/com.st.stm32cube.ide.mcu.externaltools.gnu-tools-for-stm32.9-2020-q2-update.win32_2.0.0.202105311346/tools/bin/../lib/gcc/arm-none-eabi/9.3.1/../../../../arm-none-eabi/lib/thumb/v7e-m+fp/hard\libc_nano.a(lib_a-fprintf.o)
                              ./Drivers/Bretts_Helper/Src/IRs/Driver/platform/src/vl53l0x_platform_log.o (fprintf)
d:/st/stm32cubeide_1.8.0/stm32cubeide/plugins/com.st.stm32cube.ide.mcu.externaltools.gnu-tools-for-stm32.9-2020-q2-update.win32_2.0.0.202105311346/tools/bin/../lib/gcc/arm-none-eabi/9.3.1/../../../../arm-none-eabi/lib/thumb/v7e-m+fp/hard\libc_nano.a(lib_a-fseek.o)
                              d:/st/stm32cubeide_1.8.0/stm32cubeide/plugins/com.st.stm32cube.ide.mcu.externaltools.gnu-tools-for-stm32.9-2020-q2-update.win32_2.0.0.202105311346/tools/bin/../lib/gcc/arm-none-eabi/9.3.1/../../../../arm-none-eabi/lib/thumb/v7e-m+fp/hard\libc_nano.a(lib_a-fopen.o) (_fseek_r)
d:/st/stm32cubeide_1.8.0/stm32cubeide/plugins/com.st.stm32cube.ide.mcu.externaltools.gnu-tools-for-stm32.9-2020-q2-update.win32_2.0.0.202105311346/tools/bin/../lib/gcc/arm-none-eabi/9.3.1/../../../../arm-none-eabi/lib/thumb/v7e-m+fp/hard\libc_nano.a(lib_a-fseeko.o)
                              d:/st/stm32cubeide_1.8.0/stm32cubeide/plugins/com.st.stm32cube.ide.mcu.externaltools.gnu-tools-for-stm32.9-2020-q2-update.win32_2.0.0.202105311346/tools/bin/../lib/gcc/arm-none-eabi/9.3.1/../../../../arm-none-eabi/lib/thumb/v7e-m+fp/hard\libc_nano.a(lib_a-fseek.o) (_fseeko_r)
d:/st/stm32cubeide_1.8.0/stm32cubeide/plugins/com.st.stm32cube.ide.mcu.externaltools.gnu-tools-for-stm32.9-2020-q2-update.win32_2.0.0.202105311346/tools/bin/../lib/gcc/arm-none-eabi/9.3.1/../../../../arm-none-eabi/lib/thumb/v7e-m+fp/hard\libc_nano.a(lib_a-ftello.o)
[...]
Memory Configuration

Name             Origin             Length             Attributes
RAM              0x0000000020000000 0x0000000000020000 xrw
FLASH            0x0000000008000000 0x0000000000080000 xr
*default*        0x0000000000000000 0xffffffffffffffff

Linker script and memory map

LOAD d:/st/stm32cubeide_1.8.0/stm32cubeide/plugins/com.st.stm32cube.ide.mcu.externaltools.gnu-tools-for-stm32.9-2020-q2-update.win32_2.0.0.202105311346/tools/bin/../lib/gcc/arm-none-eabi/9.3.1/thumb/v7e-m+fp/hard/crti.o
LOAD d:/st/stm32cubeide_1.8.0/stm32cubeide/plugins/com.st.stm32cube.ide.mcu.externaltools.gnu-tools-for-stm32.9-2020-q2-update.win32_2.0.0.202105311346/tools/bin/../lib/gcc/arm-none-eabi/9.3.1/thumb/v7e-m+fp/hard/crtbegin.o
LOAD d:/st/stm32cubeide_1.8.0/stm32cubeide/plugins/com.st.stm32cube.ide.mcu.externaltools.gnu-tools-for-stm32.9-2020-q2-update.win32_2.0.0.202105311346/tools/bin/../lib/gcc/arm-none-eabi/9.3.1/../../../../arm-none-eabi/lib/thumb/v7e-m+fp/hard/crt0.o
LOAD ./Core/Src/main.o
LOAD ./Core/Src/stm32f4xx_hal_msp.o
LOAD ./Core/Src/stm32f4xx_it.o
LOAD ./Core/Src/syscalls.o
LOAD ./Core/Src/sysmem.o
LOAD ./Core/Src/system_stm32f4xx.o
LOAD ./Core/Startup/startup_stm32f446retx.o
LOAD ./Drivers/Bretts_Helper/Src/IMU/MPU9250.o
LOAD ./Drivers/Bretts_Helper/Src/IRs/Driver/core/src/vl53l0x_api.o
LOAD ./Drivers/Bretts_Helper/Src/IRs/Driver/core/src/vl53l0x_api_calibration.o
LOAD ./Drivers/Bretts_Helper/Src/IRs/Driver/core/src/vl53l0x_api_core.o
LOAD ./Drivers/Bretts_Helper/Src/IRs/Driver/core/src/vl53l0x_api_ranging.o
LOAD ./Drivers/Bretts_Helper/Src/IRs/Driver/core/src/vl53l0x_api_strings.o
LOAD ./Drivers/Bretts_Helper/Src/IRs/Driver/platform/src/vl53l0x_platform.o
LOAD ./Drivers/Bretts_Helper/Src/IRs/Driver/platform/src/vl53l0x_platform_log.o
LOAD ./Drivers/Bretts_Helper/Src/ObjectDetection/InnerRing.o
LOAD ./Drivers/Bretts_Helper/Src/ObjectDetection/NoObject.o
LOAD ./Drivers/Bretts_Helper/Src/ObjectDetection/OuterRing.o
LOAD ./Drivers/Bretts_Helper/Src/bretts_helper.o
LOAD ./Drivers/Bretts_Helper/Src/clock_rtc.o
LOAD ./Drivers/Bretts_Helper/Src/helpful_i2c.o
LOAD ./Drivers/Bretts_Helper/Src/motor_test.o
LOAD ./Drivers/STM32F4xx_HAL_Driver/Src/stm32f4xx_hal.o
LOAD ./Drivers/STM32F4xx_HAL_Driver/Src/stm32f4xx_hal_cortex.o
LOAD ./Drivers/STM32F4xx_HAL_Driver/Src/stm32f4xx_hal_dma.o
LOAD ./Drivers/STM32F4xx_HAL_Driver/Src/stm32f4xx_hal_dma_ex.o
LOAD ./Drivers/STM32F4xx_HAL_Driver/Src/stm32f4xx_hal_exti.o
LOAD ./Drivers/STM32F4xx_HAL_Driver/Src/stm32f4xx_hal_flash.o
LOAD ./Drivers/STM32F4xx_HAL_Driver/Src/stm32f4xx_hal_flash_ex.o
LOAD ./Drivers/STM32F4xx_HAL_Driver/Src/stm32f4xx_hal_flash_ramfunc.o
LOAD ./Drivers/STM32F4xx_HAL_Driver/Src/stm32f4xx_hal_gpio.o
LOAD ./Drivers/STM32F4xx_HAL_Driver/Src/stm32f4xx_hal_i2c.o
LOAD ./Drivers/STM32F4xx_HAL_Driver/Src/stm32f4xx_hal_i2c_ex.o
LOAD ./Drivers/STM32F4xx_HAL_Driver/Src/stm32f4xx_hal_pwr.o
LOAD ./Drivers/STM32F4xx_HAL_Driver/Src/stm32f4xx_hal_pwr_ex.o
LOAD ./Drivers/STM32F4xx_HAL_Driver/Src/stm32f4xx_hal_rcc.o
LOAD ./Drivers/STM32F4xx_HAL_Driver/Src/stm32f4xx_hal_rcc_ex.o
LOAD ./Drivers/STM32F4xx_HAL_Driver/Src/stm32f4xx_hal_rtc.o
LOAD ./Drivers/STM32F4xx_HAL_Driver/Src/stm32f4xx_hal_rtc_ex.o
LOAD ./Drivers/STM32F4xx_HAL_Driver/Src/stm32f4xx_hal_tim.o
LOAD ./Drivers/STM32F4xx_HAL_Driver/Src/stm32f4xx_hal_tim_ex.o
LOAD ./Drivers/STM32F4xx_HAL_Driver/Src/stm32f4xx_hal_uart.o
START GROUP
LOAD d:/st/stm32cubeide_1.8.0/stm32cubeide/plugins/com.st.stm32cube.ide.mcu.externaltools.gnu-tools-for-stm32.9-2020-q2-update.win32_2.0.0.202105311346/tools/bin/../lib/gcc/arm-none-eabi/9.3.1/../../../../arm-none-eabi/lib/thumb/v7e-m+fp/hard\libc_nano.a
LOAD d:/st/stm32cubeide_1.8.0/stm32cubeide/plugins/com.st.stm32cube.ide.mcu.externaltools.gnu-tools-for-stm32.9-2020-q2-update.win32_2.0.0.202105311346/tools/bin/../lib/gcc/arm-none-eabi/9.3.1/../../../../arm-none-eabi/lib/thumb/v7e-m+fp/hard\libm.a
END GROUP
START GROUP
LOAD d:/st/stm32cubeide_1.8.0/stm32cubeide/plugins/com.st.stm32cube.ide.mcu.externaltools.gnu-tools-for-stm32.9-2020-q2-update.win32_2.0.0.202105311346/tools/bin/../lib/gcc/arm-none-eabi/9.3.1/thumb/v7e-m+fp/hard\libgcc.a
LOAD d:/st/stm32cubeide_1.8.0/stm32cubeide/plugins/com.st.stm32cube.ide.mcu.externaltools.gnu-tools-for-stm32.9-2020-q2-update.win32_2.0.0.202105311346/tools/bin/../lib/gcc/arm-none-eabi/9.3.1/../../../../arm-none-eabi/lib/thumb/v7e-m+fp/hard\libc_nano.a
END GROUP
START GROUP
LOAD d:/st/stm32cubeide_1.8.0/stm32cubeide/plugins/com.st.stm32cube.ide.mcu.externaltools.gnu-tools-for-stm32.9-2020-q2-update.win32_2.0.0.202105311346/tools/bin/../lib/gcc/arm-none-eabi/9.3.1/thumb/v7e-m+fp/hard\libgcc.a
LOAD d:/st/stm32cubeide_1.8.0/stm32cubeide/plugins/com.st.stm32cube.ide.mcu.externaltools.gnu-tools-for-stm32.9-2020-q2-update.win32_2.0.0.202105311346/tools/bin/../lib/gcc/arm-none-eabi/9.3.1/../../../../arm-none-eabi/lib/thumb/v7e-m+fp/hard\libc_nano.a
LOAD d:/st/stm32cubeide_1.8.0/stm32cubeide/plugins/com.st.stm32cube.ide.mcu.externaltools.gnu-tools-for-stm32.9-2020-q2-update.win32_2.0.0.202105311346/tools/bin/../lib/gcc/arm-none-eabi/9.3.1/../../../../arm-none-eabi/lib/thumb/v7e-m+fp/hard\libnosys.a
END GROUP
START GROUP
LOAD d:/st/stm32cubeide_1.8.0/stm32cubeide/plugins/com.st.stm32cube.ide.mcu.externaltools.gnu-tools-for-stm32.9-2020-q2-update.win32_2.0.0.202105311346/tools/bin/../lib/gcc/arm-none-eabi/9.3.1/thumb/v7e-m+fp/hard\libgcc.a
LOAD d:/st/stm32cubeide_1.8.0/stm32cubeide/plugins/com.st.stm32cube.ide.mcu.externaltools.gnu-tools-for-stm32.9-2020-q2-update.win32_2.0.0.202105311346/tools/bin/../lib/gcc/arm-none-eabi/9.3.1/../../../../arm-none-eabi/lib/thumb/v7e-m+fp/hard\libc_nano.a
LOAD d:/st/stm32cubeide_1.8.0/stm32cubeide/plugins/com.st.stm32cube.ide.mcu.externaltools.gnu-tools-for-stm32.9-2020-q2-update.win32_2.0.0.202105311346/tools/bin/../lib/gcc/arm-none-eabi/9.3.1/../../../../arm-none-eabi/lib/thumb/v7e-m+fp/hard\libnosys.a
END GROUP
LOAD d:/st/stm32cubeide_1.8.0/stm32cubeide/plugins/com.st.stm32cube.ide.mcu.externaltools.gnu-tools-for-stm32.9-2020-q2-update.win32_2.0.0.202105311346/tools/bin/../lib/gcc/arm-none-eabi/9.3.1/thumb/v7e-m+fp/hard/crtend.o
LOAD d:/st/stm32cubeide_1.8.0/stm32cubeide/plugins/com.st.stm32cube.ide.mcu.externaltools.gnu-tools-for-stm32.9-2020-q2-update.win32_2.0.0.202105311346/tools/bin/../lib/gcc/arm-none-eabi/9.3.1/thumb/v7e-m+fp/hard/crtn.o
                0x0000000020020000                _estack = (ORIGIN (RAM) + LENGTH (RAM))
                0x0000000000000200                _Min_Heap_Size = 0x200
                0x0000000000000400                _Min_Stack_Size = 0x400

.isr_vector     0x0000000008000000      0x1c4
                0x0000000008000000                . = ALIGN (0x4)
 *(.isr_vector)
 .isr_vector    0x0000000008000000      0x1c4 ./Core/Startup/startup_stm32f446retx.o
                0x0000000008000000                g_pfnVectors
                0x00000000080001c4                . = ALIGN (0x4)

.text           0x00000000080001d0     0xd7b0
                0x00000000080001d0                . = ALIGN (0x4)
 *(.text)
 .text          0x00000000080001d0       0x40 d:/st/stm32cubeide_1.8.0/stm32cubeide/plugins/com.st.stm32cube.ide.mcu.externaltools.gnu-tools-for-stm32.9-2020-q2-update.win32_2.0.0.202105311346/tools/bin/../lib/gcc/arm-none-eabi/9.3.1/thumb/v7e-m+fp/hard/crtbegin.o
 .text          0x0000000008000210       0x10 d:/st/stm32cubeide_1.8.0/stm32cubeide/plugins/com.st.stm32cube.ide.mcu.externaltools.gnu-tools-for-stm32.9-2020-q2-update.win32_2.0.0.202105311346/tools/bin/../lib/gcc/arm-none-eabi/9.3.1/../../../../arm-none-eabi/lib/thumb/v7e-m+fp/hard\libc_nano.a(lib_a-strlen.o)
                0x0000000008000210                strlen
 .text          0x0000000008000220       0xa0 d:/st/stm32cubeide_1.8.0/stm32cubeide/plugins/com.st.stm32cube.ide.mcu.externaltools.gnu-tools-for-stm32.9-2020-q2-update.win32_2.0.0.202105311346/tools/bin/../lib/gcc/arm-none-eabi/9.3.1/../../../../arm-none-eabi/lib/thumb/v7e-m+fp/hard\libc_nano.a(lib_a-memchr.o)
                0x0000000008000220                memchr
 .text          0x00000000080002c0      0x378 d:/st/stm32cubeide_1.8.0/stm32cubeide/plugins/com.st.stm32cube.ide.mcu.externaltools.gnu-tools-for-stm32.9-2020-q2-update.win32_2.0.0.202105311346/tools/bin/../lib/gcc/arm-none-eabi/9.3.1/thumb/v7e-m+fp/hard\libgcc.a(_arm_addsubdf3.o)
                0x00000000080002c0                __aeabi_drsub
                0x00000000080002c8                __aeabi_dsub
                0x00000000080002c8                __subdf3
                0x00000000080002cc                __aeabi_dadd
                0x00000000080002cc                __adddf3
                0x0000000008000544                __floatunsidf
                0x0000000008000544                __aeabi_ui2d
                0x0000000008000564                __floatsidf
                0x0000000008000564                __aeabi_i2d
                0x0000000008000588                __aeabi_f2d
                0x0000000008000588                __extendsfdf2
                0x00000000080005cc                __floatundidf
                0x00000000080005cc                __aeabi_ul2d
                0x00000000080005dc                __floatdidf
                0x00000000080005dc                __aeabi_l2d
 .text          0x0000000008000638      0x424 d:/st/stm32cubeide_1.8.0/stm32cubeide/plugins/com.st.stm32cube.ide.mcu.externaltools.gnu-tools-for-stm32.9-2020-q2-update.win32_2.0.0.202105311346/tools/bin/../lib/gcc/arm-none-eabi/9.3.1/thumb/v7e-m+fp/hard\libgcc.a(_arm_muldivdf3.o)
                0x0000000008000638                __aeabi_dmul
                0x0000000008000638                __muldf3
                0x000000000800088c                __divdf3
                0x000000000800088c                __aeabi_ddiv
 .text          0x0000000008000a5c      0x110 d:/st/stm32cubeide_1.8.0/stm32cubeide/plugins/com.st.stm32cube.ide.mcu.externaltools.gnu-tools-for-stm32.9-2020-q2-update.win32_2.0.0.202105311346/tools/bin/../lib/gcc/arm-none-eabi/9.3.1/thumb/v7e-m+fp/hard\libgcc.a(_arm_cmpdf2.o)
                0x0000000008000a5c                __gtdf2
                0x0000000008000a5c                __gedf2
                0x0000000008000a64                __ltdf2
                0x0000000008000a64                __ledf2
                0x0000000008000a6c                __nedf2
                0x0000000008000a6c                __eqdf2
                0x0000000008000a6c                __cmpdf2
                0x0000000008000ae8                __aeabi_cdrcmple
                0x0000000008000af8                __aeabi_cdcmpeq
                0x0000000008000af8                __aeabi_cdcmple
                0x0000000008000b08                __aeabi_dcmpeq
                0x0000000008000b1c                __aeabi_dcmplt
                0x0000000008000b30                __aeabi_dcmple
                0x0000000008000b44                __aeabi_dcmpge
                0x0000000008000b58                __aeabi_dcmpgt
 .text          0x0000000008000b6c       0x2c d:/st/stm32cubeide_1.8.0/stm32cubeide/plugins/com.st.stm32cube.ide.mcu.externaltools.gnu-tools-for-stm32.9-2020-q2-update.win32_2.0.0.202105311346/tools/bin/../lib/gcc/arm-none-eabi/9.3.1/thumb/v7e-m+fp/hard\libgcc.a(_arm_unorddf2.o)
                0x0000000008000b6c                __unorddf2
                0x0000000008000b6c                __aeabi_dcmpun
 .text          0x0000000008000b98       0x50 d:/st/stm32cubeide_1.8.0/stm32cubeide/plugins/com.st.stm32cube.ide.mcu.externaltools.gnu-tools-for-stm32.9-2020-q2-update.win32_2.0.0.202105311346/tools/bin/../lib/gcc/arm-none-eabi/9.3.1/thumb/v7e-m+fp/hard\libgcc.a(_arm_fixdfsi.o)
                0x0000000008000b98                __aeabi_d2iz
                0x0000000008000b98                __fixdfsi
 .text          0x0000000008000be8       0xa0 d:/st/stm32cubeide_1.8.0/stm32cubeide/plugins/com.st.stm32cube.ide.mcu.externaltools.gnu-tools-for-stm32.9-2020-q2-update.win32_2.0.0.202105311346/tools/bin/../lib/gcc/arm-none-eabi/9.3.1/thumb/v7e-m+fp/hard\libgcc.a(_arm_truncdfsf2.o)
                0x0000000008000be8                __truncdfsf2
                0x0000000008000be8                __aeabi_d2f
 .text          0x0000000008000c88       0x30 d:/st/stm32cubeide_1.8.0/stm32cubeide/plugins/com.st.stm32cube.ide.mcu.externaltools.gnu-tools-for-stm32.9-2020-q2-update.win32_2.0.0.202105311346/tools/bin/../lib/gcc/arm-none-eabi/9.3.1/thumb/v7e-m+fp/hard\libgcc.a(_aeabi_uldivmod.o)
                0x0000000008000c88                __aeabi_uldivmod
 .text          0x0000000008000cb8      0x2c4 d:/st/stm32cubeide_1.8.0/stm32cubeide/plugins/com.st.stm32cube.ide.mcu.externaltools.gnu-tools-for-stm32.9-2020-q2-update.win32_2.0.0.202105311346/tools/bin/../lib/gcc/arm-none-eabi/9.3.1/thumb/v7e-m+fp/hard\libgcc.a(_udivmoddi4.o)
                0x0000000008000cb8                __udivmoddi4
 .text          0x0000000008000f7c        0x4 d:/st/stm32cubeide_1.8.0/stm32cubeide/plugins/com.st.stm32cube.ide.mcu.externaltools.gnu-tools-for-stm32.9-2020-q2-update.win32_2.0.0.202105311346/tools/bin/../lib/gcc/arm-none-eabi/9.3.1/thumb/v7e-m+fp/hard\libgcc.a(_dvmd_tls.o)
                0x0000000008000f7c                __aeabi_idiv0
                0x0000000008000f7c                __aeabi_ldiv0
 *(.text*)
 .text.__io_putchar
                0x0000000008000f80       0x24 ./Core/Src/main.o
                0x0000000008000f80                __io_putchar
 .text.main     0x0000000008000fa4      0x150 ./Core/Src/main.o
                0x0000000008000fa4                main
 .text.Loop3_NoObject
                0x00000000080010f4      0x24c ./Core/Src/main.o
                0x00000000080010f4                Loop3_NoObject
 .text.Loop4_OuterLoop
                0x0000000008001340      0x2b8 ./Core/Src/main.o
                0x0000000008001340                Loop4_OuterLoop
 .text.SystemClock_Config
                0x00000000080015f8       0xe0 ./Core/Src/main.o
                0x00000000080015f8                SystemClock_Config
 .text.MX_I2C2_Init
                0x00000000080016d8       0x5c ./Core/Src/main.o
 .text.MX_RTC_Init
                0x0000000008001734       0xb4 ./Core/Src/main.o
 .text.MX_USART2_UART_Init
                0x00000000080017e8       0x54 ./Core/Src/main.o
 .text.MX_GPIO_Init
                0x000000000800183c      0x130 ./Core/Src/main.o
 .text.Error_Handler
                0x000000000800196c        0xa ./Core/Src/main.o
                0x000000000800196c                Error_Handler
 *fill*         0x0000000008001976        0x2 
 .text.HAL_MspInit
                0x0000000008001978       0x50 ./Core/Src/stm32f4xx_hal_msp.o
                0x0000000008001978                HAL_MspInit
 .text.HAL_I2C_MspInit
                0x00000000080019c8       0xd4 ./Core/Src/stm32f4xx_hal_msp.o
                0x00000000080019c8                HAL_I2C_MspInit
 .text.HAL_RTC_MspInit
                0x0000000008001a9c       0x54 ./Core/Src/stm32f4xx_hal_msp.o
                0x0000000008001a9c                HAL_RTC_MspInit
 .text.HAL_UART_MspInit
                0x0000000008001af0       0x90 ./Core/Src/stm32f4xx_hal_msp.o
                0x0000000008001af0                HAL_UART_MspInit
 .text.NMI_Handler
                0x0000000008001b80        0x6 ./Core/Src/stm32f4xx_it.o
                0x0000000008001b80                NMI_Handler
 .text.HardFault_Handler
                0x0000000008001b86        0x6 ./Core/Src/stm32f4xx_it.o
                0x0000000008001b86                HardFault_Handler
 .text.MemManage_Handler
                0x0000000008001b8c        0x6 ./Core/Src/stm32f4xx_it.o
                0x0000000008001b8c                MemManage_Handler
 .text.BusFault_Handler
                0x0000000008001b92        0x6 ./Core/Src/stm32f4xx_it.o
                0x0000000008001b92                BusFault_Handler
 .text.UsageFault_Handler
                0x0000000008001b98        0x6 ./Core/Src/stm32f4xx_it.o
                0x0000000008001b98                UsageFault_Handler
 .text.SVC_Handler
                0x0000000008001b9e        0xe ./Core/Src/stm32f4xx_it.o
                0x0000000008001b9e                SVC_Handler
 .text.DebugMon_Handler
                0x0000000008001bac        0xe ./Core/Src/stm32f4xx_it.o
                0x0000000008001bac                DebugMon_Handler
 .text.PendSV_Handler
                0x0000000008001bba        0xe ./Core/Src/stm32f4xx_it.o
                0x0000000008001bba                PendSV_Handler
 .text.SysTick_Handler
                0x0000000008001bc8        0xc ./Core/Src/stm32f4xx_it.o
                0x0000000008001bc8                SysTick_Handler
 .text._getpid  0x0000000008001bd4       0x10 ./Core/Src/syscalls.o
                0x0000000008001bd4                _getpid
 .text._kill    0x0000000008001be4       0x20 ./Core/Src/syscalls.o
                0x0000000008001be4                _kill
 .text._exit    0x0000000008001c04       0x14 ./Core/Src/syscalls.o
                0x0000000008001c04                _exit
 .text._read    0x0000000008001c18       0x3a ./Core/Src/syscalls.o
                0x0000000008001c18                _read
 .text._write   0x0000000008001c52       0x38 ./Core/Src/syscalls.o
                0x0000000008001c52                _write
 .text._close   0x0000000008001c8a       0x18 ./Core/Src/syscalls.o
                0x0000000008001c8a                _close
 .text._fstat   0x0000000008001ca2       0x20 ./Core/Src/syscalls.o
                0x0000000008001ca2                _fstat
 .text._isatty  0x0000000008001cc2       0x16 ./Core/Src/syscalls.o
                0x0000000008001cc2                _isatty
 .text._lseek   0x0000000008001cd8       0x1a ./Core/Src/syscalls.o
                0x0000000008001cd8                _lseek
 *fill*         0x0000000008001cf2        0x2 
 .text._sbrk    0x0000000008001cf4       0x6c ./Core/Src/sysmem.o
                0x0000000008001cf4                _sbrk
 .text.SystemInit
                0x0000000008001d60       0x24 ./Core/Src/system_stm32f4xx.o
                0x0000000008001d60                SystemInit
 .text.Reset_Handler
                0x0000000008001d84       0x50 ./Core/Startup/startup_stm32f446retx.o
                0x0000000008001d84                Reset_Handler
 .text.Default_Handler
                0x0000000008001dd4        0x2 ./Core/Startup/startup_stm32f446retx.o
                0x0000000008001dd4                RTC_Alarm_IRQHandler
                0x0000000008001dd4                EXTI2_IRQHandler
                0x0000000008001dd4                TIM8_CC_IRQHandler
                0x0000000008001dd4                FMPI2C1_EV_IRQHandler
                0x0000000008001dd4                SPI4_IRQHandler
                0x0000000008001dd4                TIM1_CC_IRQHandler
                0x0000000008001dd4                DMA2_Stream5_IRQHandler
                0x0000000008001dd4                DMA1_Stream5_IRQHandler
                0x0000000008001dd4                PVD_IRQHandler
                0x0000000008001dd4                SDIO_IRQHandler
                0x0000000008001dd4                TAMP_STAMP_IRQHandler
                0x0000000008001dd4                CAN2_RX1_IRQHandler
                0x0000000008001dd4                EXTI3_IRQHandler
                0x0000000008001dd4                TIM8_TRG_COM_TIM14_IRQHandler
                0x0000000008001dd4                TIM1_UP_TIM10_IRQHandler
                0x0000000008001dd4                TIM8_UP_TIM13_IRQHandler
                0x0000000008001dd4                I2C3_ER_IRQHandler
                0x0000000008001dd4                EXTI0_IRQHandler
                0x0000000008001dd4                I2C2_EV_IRQHandler
                0x0000000008001dd4                DMA1_Stream2_IRQHandler
                0x0000000008001dd4                CAN1_RX0_IRQHandler
                0x0000000008001dd4                FPU_IRQHandler
                0x0000000008001dd4                OTG_HS_WKUP_IRQHandler
                0x0000000008001dd4                CAN2_SCE_IRQHandler
                0x0000000008001dd4                DMA2_Stream2_IRQHandler
                0x0000000008001dd4                SPI1_IRQHandler
                0x0000000008001dd4                TIM6_DAC_IRQHandler
                0x0000000008001dd4                TIM1_BRK_TIM9_IRQHandler
                0x0000000008001dd4                DCMI_IRQHandler
                0x0000000008001dd4                CAN2_RX0_IRQHandler
                0x0000000008001dd4                DMA2_Stream3_IRQHandler
                0x0000000008001dd4                SAI2_IRQHandler
                0x0000000008001dd4                USART6_IRQHandler
                0x0000000008001dd4                USART3_IRQHandler
                0x0000000008001dd4                CAN1_RX1_IRQHandler
                0x0000000008001dd4                UART5_IRQHandler
                0x0000000008001dd4                DMA2_Stream0_IRQHandler
                0x0000000008001dd4                TIM4_IRQHandler
                0x0000000008001dd4                QUADSPI_IRQHandler
                0x0000000008001dd4                I2C1_EV_IRQHandler
                0x0000000008001dd4                DMA1_Stream6_IRQHandler
                0x0000000008001dd4                DMA1_Stream1_IRQHandler
                0x0000000008001dd4                UART4_IRQHandler
                0x0000000008001dd4                TIM3_IRQHandler
                0x0000000008001dd4                RCC_IRQHandler
                0x0000000008001dd4                TIM8_BRK_TIM12_IRQHandler
                0x0000000008001dd4                Default_Handler
                0x0000000008001dd4                CEC_IRQHandler
                0x0000000008001dd4                EXTI15_10_IRQHandler
                0x0000000008001dd4                ADC_IRQHandler
                0x0000000008001dd4                DMA1_Stream7_IRQHandler
                0x0000000008001dd4                TIM7_IRQHandler
                0x0000000008001dd4                CAN2_TX_IRQHandler
                0x0000000008001dd4                TIM5_IRQHandler
                0x0000000008001dd4                DMA2_Stream7_IRQHandler
                0x0000000008001dd4                I2C3_EV_IRQHandler
                0x0000000008001dd4                EXTI9_5_IRQHandler
                0x0000000008001dd4                RTC_WKUP_IRQHandler
                0x0000000008001dd4                SPDIF_RX_IRQHandler
                0x0000000008001dd4                SPI2_IRQHandler
                0x0000000008001dd4                OTG_HS_EP1_IN_IRQHandler
                0x0000000008001dd4                DMA1_Stream0_IRQHandler
                0x0000000008001dd4                CAN1_TX_IRQHandler
                0x0000000008001dd4                FMPI2C1_ER_IRQHandler
                0x0000000008001dd4                EXTI4_IRQHandler
                0x0000000008001dd4                OTG_HS_EP1_OUT_IRQHandler
                0x0000000008001dd4                WWDG_IRQHandler
                0x0000000008001dd4                TIM2_IRQHandler
                0x0000000008001dd4                OTG_FS_WKUP_IRQHandler
                0x0000000008001dd4                TIM1_TRG_COM_TIM11_IRQHandler
                0x0000000008001dd4                OTG_HS_IRQHandler
                0x0000000008001dd4                EXTI1_IRQHandler
                0x0000000008001dd4                USART2_IRQHandler
                0x0000000008001dd4                I2C2_ER_IRQHandler
                0x0000000008001dd4                DMA2_Stream1_IRQHandler
                0x0000000008001dd4                CAN1_SCE_IRQHandler
                0x0000000008001dd4                FLASH_IRQHandler
                0x0000000008001dd4                DMA2_Stream4_IRQHandler
                0x0000000008001dd4                USART1_IRQHandler
                0x0000000008001dd4                OTG_FS_IRQHandler
                0x0000000008001dd4                SPI3_IRQHandler
                0x0000000008001dd4                DMA1_Stream4_IRQHandler
                0x0000000008001dd4                I2C1_ER_IRQHandler
                0x0000000008001dd4                FMC_IRQHandler
                0x0000000008001dd4                DMA2_Stream6_IRQHandler
                0x0000000008001dd4                SAI1_IRQHandler
                0x0000000008001dd4                DMA1_Stream3_IRQHandler
 *fill*         0x0000000008001dd6        0x2 
 .text.IMU_init
                0x0000000008001dd8      0x1c4 ./Drivers/Bretts_Helper/Src/IMU/MPU9250.o
                0x0000000008001dd8                IMU_init
 .text.IMU_getAccurateMag
                0x0000000008001f9c       0xf0 ./Drivers/Bretts_Helper/Src/IMU/MPU9250.o
                0x0000000008001f9c                IMU_getAccurateMag
 .text.IMU_getMagData
                0x000000000800208c      0x120 ./Drivers/Bretts_Helper/Src/IMU/MPU9250.o
                0x000000000800208c                IMU_getMagData
 .text.VL53L0X_GetOffsetCalibrationDataMicroMeter
                0x00000000080021ac       0x26 ./Drivers/Bretts_Helper/Src/IRs/Driver/core/src/vl53l0x_api.o
                0x00000000080021ac                VL53L0X_GetOffsetCalibrationDataMicroMeter
 .text.VL53L0X_SetDeviceAddress
                0x00000000080021d2       0x30 ./Drivers/Bretts_Helper/Src/IRs/Driver/core/src/vl53l0x_api.o
                0x00000000080021d2                VL53L0X_SetDeviceAddress
 *fill*         0x0000000008002202        0x2 
 .text.VL53L0X_DataInit
                0x0000000008002204      0x30c ./Drivers/Bretts_Helper/Src/IRs/Driver/core/src/vl53l0x_api.o
                0x0000000008002204                VL53L0X_DataInit
 .text.VL53L0X_StaticInit
                0x0000000008002510      0x308 ./Drivers/Bretts_Helper/Src/IRs/Driver/core/src/vl53l0x_api.o
                0x0000000008002510                VL53L0X_StaticInit
 .text.VL53L0X_WaitDeviceBooted
                0x0000000008002818       0x1c ./Drivers/Bretts_Helper/Src/IRs/Driver/core/src/vl53l0x_api.o
                0x0000000008002818                VL53L0X_WaitDeviceBooted
 .text.VL53L0X_GetDeviceParameters
                0x0000000008002834      0x16a ./Drivers/Bretts_Helper/Src/IRs/Driver/core/src/vl53l0x_api.o
                0x0000000008002834                VL53L0X_GetDeviceParameters
 *fill*         0x000000000800299e        0x2 
 .text.VL53L0X_SetDeviceMode
                0x00000000080029a0       0x58 ./Drivers/Bretts_Helper/Src/IRs/Driver/core/src/vl53l0x_api.o
                0x00000000080029a0                VL53L0X_SetDeviceMode
 .text.VL53L0X_GetDeviceMode
                0x00000000080029f8       0x26 ./Drivers/Bretts_Helper/Src/IRs/Driver/core/src/vl53l0x_api.o
                0x00000000080029f8                VL53L0X_GetDeviceMode
 .text.VL53L0X_GetFractionEnable
                0x0000000008002a1e       0x3e ./Drivers/Bretts_Helper/Src/IRs/Driver/core/src/vl53l0x_api.o
                0x0000000008002a1e                VL53L0X_GetFractionEnable
 .text.VL53L0X_SetMeasurementTimingBudgetMicroSeconds
                0x0000000008002a5c       0x26 ./Drivers/Bretts_Helper/Src/IRs/Driver/core/src/vl53l0x_api.o
                0x0000000008002a5c                VL53L0X_SetMeasurementTimingBudgetMicroSeconds
 .text.VL53L0X_GetMeasurementTimingBudgetMicroSeconds
                0x0000000008002a82       0x26 ./Drivers/Bretts_Helper/Src/IRs/Driver/core/src/vl53l0x_api.o
                0x0000000008002a82                VL53L0X_GetMeasurementTimingBudgetMicroSeconds
 .text.VL53L0X_SetVcselPulsePeriod
                0x0000000008002aa8       0x30 ./Drivers/Bretts_Helper/Src/IRs/Driver/core/src/vl53l0x_api.o
                0x0000000008002aa8                VL53L0X_SetVcselPulsePeriod
 .text.VL53L0X_GetVcselPulsePeriod
                0x0000000008002ad8       0x2e ./Drivers/Bretts_Helper/Src/IRs/Driver/core/src/vl53l0x_api.o
                0x0000000008002ad8                VL53L0X_GetVcselPulsePeriod
 *fill*         0x0000000008002b06        0x2 
 .text.VL53L0X_SetSequenceStepEnable
                0x0000000008002b08      0x144 ./Drivers/Bretts_Helper/Src/IRs/Driver/core/src/vl53l0x_api.o
                0x0000000008002b08                VL53L0X_SetSequenceStepEnable
 .text.sequence_step_enabled
                0x0000000008002c4c       0xa4 ./Drivers/Bretts_Helper/Src/IRs/Driver/core/src/vl53l0x_api.o
                0x0000000008002c4c                sequence_step_enabled
 .text.VL53L0X_GetSequenceStepEnables
                0x0000000008002cf0       0xb0 ./Drivers/Bretts_Helper/Src/IRs/Driver/core/src/vl53l0x_api.o
                0x0000000008002cf0                VL53L0X_GetSequenceStepEnables
 .text.VL53L0X_GetInterMeasurementPeriodMilliSeconds
                0x0000000008002da0       0x68 ./Drivers/Bretts_Helper/Src/IRs/Driver/core/src/vl53l0x_api.o
                0x0000000008002da0                VL53L0X_GetInterMeasurementPeriodMilliSeconds
 .text.VL53L0X_GetXTalkCompensationEnable
                0x0000000008002e08       0x2a ./Drivers/Bretts_Helper/Src/IRs/Driver/core/src/vl53l0x_api.o
                0x0000000008002e08                VL53L0X_GetXTalkCompensationEnable
 .text.VL53L0X_GetXTalkCompensationRateMegaCps
                0x0000000008002e32       0x66 ./Drivers/Bretts_Helper/Src/IRs/Driver/core/src/vl53l0x_api.o
                0x0000000008002e32                VL53L0X_GetXTalkCompensationRateMegaCps
 .text.VL53L0X_SetLimitCheckEnable
                0x0000000008002e98      0x118 ./Drivers/Bretts_Helper/Src/IRs/Driver/core/src/vl53l0x_api.o
                0x0000000008002e98                VL53L0X_SetLimitCheckEnable
 .text.VL53L0X_GetLimitCheckEnable
                0x0000000008002fb0       0x46 ./Drivers/Bretts_Helper/Src/IRs/Driver/core/src/vl53l0x_api.o
                0x0000000008002fb0                VL53L0X_GetLimitCheckEnable
 *fill*         0x0000000008002ff6        0x2 
 .text.VL53L0X_SetLimitCheckValue
                0x0000000008002ff8       0xc4 ./Drivers/Bretts_Helper/Src/IRs/Driver/core/src/vl53l0x_api.o
                0x0000000008002ff8                VL53L0X_SetLimitCheckValue
 .text.VL53L0X_GetLimitCheckValue
                0x00000000080030bc      0x11c ./Drivers/Bretts_Helper/Src/IRs/Driver/core/src/vl53l0x_api.o
                0x00000000080030bc                VL53L0X_GetLimitCheckValue
 .text.VL53L0X_GetWrapAroundCheckEnable
                0x00000000080031d8       0x64 ./Drivers/Bretts_Helper/Src/IRs/Driver/core/src/vl53l0x_api.o
                0x00000000080031d8                VL53L0X_GetWrapAroundCheckEnable
 .text.VL53L0X_PerformSingleMeasurement
                0x000000000800323c       0x68 ./Drivers/Bretts_Helper/Src/IRs/Driver/core/src/vl53l0x_api.o
                0x000000000800323c                VL53L0X_PerformSingleMeasurement
 .text.VL53L0X_PerformRefCalibration
                0x00000000080032a4       0x2c ./Drivers/Bretts_Helper/Src/IRs/Driver/core/src/vl53l0x_api.o
                0x00000000080032a4                VL53L0X_PerformRefCalibration
 .text.VL53L0X_CheckAndLoadInterruptSettings
                0x00000000080032d0      0x1e4 ./Drivers/Bretts_Helper/Src/IRs/Driver/core/src/vl53l0x_api.o
                0x00000000080032d0                VL53L0X_CheckAndLoadInterruptSettings
 .text.VL53L0X_StartMeasurement
                0x00000000080034b4      0x184 ./Drivers/Bretts_Helper/Src/IRs/Driver/core/src/vl53l0x_api.o
                0x00000000080034b4                VL53L0X_StartMeasurement
 .text.VL53L0X_GetMeasurementDataReady
                0x0000000008003638       0x80 ./Drivers/Bretts_Helper/Src/IRs/Driver/core/src/vl53l0x_api.o
                0x0000000008003638                VL53L0X_GetMeasurementDataReady
 .text.VL53L0X_GetRangingMeasurementData
                0x00000000080036b8      0x248 ./Drivers/Bretts_Helper/Src/IRs/Driver/core/src/vl53l0x_api.o
                0x00000000080036b8                VL53L0X_GetRangingMeasurementData
 .text.VL53L0X_PerformSingleRangingMeasurement
                0x0000000008003900       0x60 ./Drivers/Bretts_Helper/Src/IRs/Driver/core/src/vl53l0x_api.o
                0x0000000008003900                VL53L0X_PerformSingleRangingMeasurement
 .text.VL53L0X_SetGpioConfig
                0x0000000008003960      0x248 ./Drivers/Bretts_Helper/Src/IRs/Driver/core/src/vl53l0x_api.o
                0x0000000008003960                VL53L0X_SetGpioConfig
 .text.VL53L0X_GetInterruptThresholds
                0x0000000008003ba8       0x6c ./Drivers/Bretts_Helper/Src/IRs/Driver/core/src/vl53l0x_api.o
                0x0000000008003ba8                VL53L0X_GetInterruptThresholds
 .text.VL53L0X_ClearInterruptMask
                0x0000000008003c14       0x80 ./Drivers/Bretts_Helper/Src/IRs/Driver/core/src/vl53l0x_api.o
                0x0000000008003c14                VL53L0X_ClearInterruptMask
 .text.VL53L0X_GetInterruptMaskStatus
                0x0000000008003c94       0x44 ./Drivers/Bretts_Helper/Src/IRs/Driver/core/src/vl53l0x_api.o
                0x0000000008003c94                VL53L0X_GetInterruptMaskStatus
 .text.VL53L0X_PerformRefSpadManagement
                0x0000000008003cd8       0x2a ./Drivers/Bretts_Helper/Src/IRs/Driver/core/src/vl53l0x_api.o
                0x0000000008003cd8                VL53L0X_PerformRefSpadManagement
 .text.VL53L0X_get_offset_calibration_data_micro_meter
                0x0000000008003d02       0x7e ./Drivers/Bretts_Helper/Src/IRs/Driver/core/src/vl53l0x_api_calibration.o
                0x0000000008003d02                VL53L0X_get_offset_calibration_data_micro_meter
 .text.get_next_good_spad
                0x0000000008003d80       0xbc ./Drivers/Bretts_Helper/Src/IRs/Driver/core/src/vl53l0x_api_calibration.o
                0x0000000008003d80                get_next_good_spad
 .text.is_aperture
                0x0000000008003e3c       0x34 ./Drivers/Bretts_Helper/Src/IRs/Driver/core/src/vl53l0x_api_calibration.o
                0x0000000008003e3c                is_aperture
 .text.enable_spad_bit
                0x0000000008003e70       0x70 ./Drivers/Bretts_Helper/Src/IRs/Driver/core/src/vl53l0x_api_calibration.o
                0x0000000008003e70                enable_spad_bit
 .text.set_ref_spad_map
                0x0000000008003ee0       0x26 ./Drivers/Bretts_Helper/Src/IRs/Driver/core/src/vl53l0x_api_calibration.o
                0x0000000008003ee0                set_ref_spad_map
 .text.get_ref_spad_map
                0x0000000008003f06       0x26 ./Drivers/Bretts_Helper/Src/IRs/Driver/core/src/vl53l0x_api_calibration.o
                0x0000000008003f06                get_ref_spad_map
 .text.enable_ref_spads
                0x0000000008003f2c       0xf8 ./Drivers/Bretts_Helper/Src/IRs/Driver/core/src/vl53l0x_api_calibration.o
                0x0000000008003f2c                enable_ref_spads
 .text.perform_ref_signal_measurement
                0x0000000008004024       0xd4 ./Drivers/Bretts_Helper/Src/IRs/Driver/core/src/vl53l0x_api_calibration.o
                0x0000000008004024                perform_ref_signal_measurement
 .text.VL53L0X_perform_ref_spad_management
                0x00000000080040f8      0x418 ./Drivers/Bretts_Helper/Src/IRs/Driver/core/src/vl53l0x_api_calibration.o
                0x00000000080040f8                VL53L0X_perform_ref_spad_management
 .text.VL53L0X_set_reference_spads
                0x0000000008004510      0x14a ./Drivers/Bretts_Helper/Src/IRs/Driver/core/src/vl53l0x_api_calibration.o
                0x0000000008004510                VL53L0X_set_reference_spads
 .text.VL53L0X_perform_single_ref_calibration
                0x000000000800465a       0x76 ./Drivers/Bretts_Helper/Src/IRs/Driver/core/src/vl53l0x_api_calibration.o
                0x000000000800465a                VL53L0X_perform_single_ref_calibration
 .text.VL53L0X_ref_calibration_io
                0x00000000080046d0      0x132 ./Drivers/Bretts_Helper/Src/IRs/Driver/core/src/vl53l0x_api_calibration.o
                0x00000000080046d0                VL53L0X_ref_calibration_io
 .text.VL53L0X_perform_vhv_calibration
                0x0000000008004802       0xce ./Drivers/Bretts_Helper/Src/IRs/Driver/core/src/vl53l0x_api_calibration.o
                0x0000000008004802                VL53L0X_perform_vhv_calibration
 .text.VL53L0X_perform_phase_calibration
                0x00000000080048d0       0xca ./Drivers/Bretts_Helper/Src/IRs/Driver/core/src/vl53l0x_api_calibration.o
                0x00000000080048d0                VL53L0X_perform_phase_calibration
 .text.VL53L0X_perform_ref_calibration
                0x000000000800499a       0x7a ./Drivers/Bretts_Helper/Src/IRs/Driver/core/src/vl53l0x_api_calibration.o
                0x000000000800499a                VL53L0X_perform_ref_calibration
 .text.VL53L0X_measurement_poll_for_completion
                0x0000000008004a14       0x60 ./Drivers/Bretts_Helper/Src/IRs/Driver/core/src/vl53l0x_api_core.o
                0x0000000008004a14                VL53L0X_measurement_poll_for_completion
 .text.VL53L0X_decode_vcsel_period
                0x0000000008004a74       0x26 ./Drivers/Bretts_Helper/Src/IRs/Driver/core/src/vl53l0x_api_core.o
                0x0000000008004a74                VL53L0X_decode_vcsel_period
 .text.VL53L0X_encode_vcsel_period
                0x0000000008004a9a       0x26 ./Drivers/Bretts_Helper/Src/IRs/Driver/core/src/vl53l0x_api_core.o
                0x0000000008004a9a                VL53L0X_encode_vcsel_period
 .text.VL53L0X_isqrt
                0x0000000008004ac0       0x68 ./Drivers/Bretts_Helper/Src/IRs/Driver/core/src/vl53l0x_api_core.o
                0x0000000008004ac0                VL53L0X_isqrt
 .text.VL53L0X_device_read_strobe
                0x0000000008004b28       0x86 ./Drivers/Bretts_Helper/Src/IRs/Driver/core/src/vl53l0x_api_core.o
                0x0000000008004b28                VL53L0X_device_read_strobe
 .text.VL53L0X_get_info_from_device
                0x0000000008004bae      0x99c ./Drivers/Bretts_Helper/Src/IRs/Driver/core/src/vl53l0x_api_core.o
                0x0000000008004bae                VL53L0X_get_info_from_device
 .text.VL53L0X_calc_macro_period_ps
                0x000000000800554a       0x3c ./Drivers/Bretts_Helper/Src/IRs/Driver/core/src/vl53l0x_api_core.o
                0x000000000800554a                VL53L0X_calc_macro_period_ps
 .text.VL53L0X_encode_timeout
                0x0000000008005586       0x58 ./Drivers/Bretts_Helper/Src/IRs/Driver/core/src/vl53l0x_api_core.o
                0x0000000008005586                VL53L0X_encode_timeout
 .text.VL53L0X_decode_timeout
                0x00000000080055de       0x2c ./Drivers/Bretts_Helper/Src/IRs/Driver/core/src/vl53l0x_api_core.o
                0x00000000080055de                VL53L0X_decode_timeout
 *fill*         0x000000000800560a        0x2 
 .text.VL53L0X_calc_timeout_mclks
                0x000000000800560c       0x54 ./Drivers/Bretts_Helper/Src/IRs/Driver/core/src/vl53l0x_api_core.o
                0x000000000800560c                VL53L0X_calc_timeout_mclks
 .text.VL53L0X_calc_timeout_us
                0x0000000008005660       0x54 ./Drivers/Bretts_Helper/Src/IRs/Driver/core/src/vl53l0x_api_core.o
                0x0000000008005660                VL53L0X_calc_timeout_us
 .text.get_sequence_step_timeout
                0x00000000080056b4      0x1c2 ./Drivers/Bretts_Helper/Src/IRs/Driver/core/src/vl53l0x_api_core.o
                0x00000000080056b4                get_sequence_step_timeout
 .text.set_sequence_step_timeout
                0x0000000008005876      0x1e4 ./Drivers/Bretts_Helper/Src/IRs/Driver/core/src/vl53l0x_api_core.o
                0x0000000008005876                set_sequence_step_timeout
 .text.VL53L0X_set_vcsel_pulse_period
                0x0000000008005a5a      0x512 ./Drivers/Bretts_Helper/Src/IRs/Driver/core/src/vl53l0x_api_core.o
                0x0000000008005a5a                VL53L0X_set_vcsel_pulse_period
 .text.VL53L0X_get_vcsel_pulse_period
                0x0000000008005f6c       0x6e ./Drivers/Bretts_Helper/Src/IRs/Driver/core/src/vl53l0x_api_core.o
                0x0000000008005f6c                VL53L0X_get_vcsel_pulse_period
 .text.VL53L0X_set_measurement_timing_budget_micro_seconds
                0x0000000008005fda      0x1a6 ./Drivers/Bretts_Helper/Src/IRs/Driver/core/src/vl53l0x_api_core.o
                0x0000000008005fda                VL53L0X_set_measurement_timing_budget_micro_seconds
 .text.VL53L0X_get_measurement_timing_budget_micro_seconds
                0x0000000008006180      0x162 ./Drivers/Bretts_Helper/Src/IRs/Driver/core/src/vl53l0x_api_core.o
                0x0000000008006180                VL53L0X_get_measurement_timing_budget_micro_seconds
 *fill*         0x00000000080062e2        0x2 
 .text.VL53L0X_load_tuning_settings
                0x00000000080062e4      0x1c4 ./Drivers/Bretts_Helper/Src/IRs/Driver/core/src/vl53l0x_api_core.o
                0x00000000080062e4                VL53L0X_load_tuning_settings
 .text.VL53L0X_get_total_xtalk_rate
                0x00000000080064a8       0x5e ./Drivers/Bretts_Helper/Src/IRs/Driver/core/src/vl53l0x_api_core.o
                0x00000000080064a8                VL53L0X_get_total_xtalk_rate
 .text.VL53L0X_get_total_signal_rate
                0x0000000008006506       0x4a ./Drivers/Bretts_Helper/Src/IRs/Driver/core/src/vl53l0x_api_core.o
                0x0000000008006506                VL53L0X_get_total_signal_rate
 .text.get_dmax_lut_points
                0x0000000008006550       0x8e ./Drivers/Bretts_Helper/Src/IRs/Driver/core/src/vl53l0x_api_core.o
                0x0000000008006550                get_dmax_lut_points
 .text.VL53L0X_calc_dmax
                0x00000000080065de      0x156 ./Drivers/Bretts_Helper/Src/IRs/Driver/core/src/vl53l0x_api_core.o
                0x00000000080065de                VL53L0X_calc_dmax
 .text.VL53L0X_calc_sigma_estimate
                0x0000000008006734      0x45c ./Drivers/Bretts_Helper/Src/IRs/Driver/core/src/vl53l0x_api_core.o
                0x0000000008006734                VL53L0X_calc_sigma_estimate
 .text.VL53L0X_get_pal_range_status
                0x0000000008006b90      0x3c4 ./Drivers/Bretts_Helper/Src/IRs/Driver/core/src/vl53l0x_api_core.o
                0x0000000008006b90                VL53L0X_get_pal_range_status
 .text._I2CWrite
                0x0000000008006f54       0x40 ./Drivers/Bretts_Helper/Src/IRs/Driver/platform/src/vl53l0x_platform.o
                0x0000000008006f54                _I2CWrite
 .text._I2CRead
                0x0000000008006f94       0x44 ./Drivers/Bretts_Helper/Src/IRs/Driver/platform/src/vl53l0x_platform.o
                0x0000000008006f94                _I2CRead
 .text.VL53L0X_WriteMulti
                0x0000000008006fd8       0x60 ./Drivers/Bretts_Helper/Src/IRs/Driver/platform/src/vl53l0x_platform.o
                0x0000000008006fd8                VL53L0X_WriteMulti
 .text.VL53L0X_ReadMulti
                0x0000000008007038       0x56 ./Drivers/Bretts_Helper/Src/IRs/Driver/platform/src/vl53l0x_platform.o
                0x0000000008007038                VL53L0X_ReadMulti
 *fill*         0x000000000800708e        0x2 
 .text.VL53L0X_WrByte
                0x0000000008007090       0x48 ./Drivers/Bretts_Helper/Src/IRs/Driver/platform/src/vl53l0x_platform.o
                0x0000000008007090                VL53L0X_WrByte
 .text.VL53L0X_WrWord
                0x00000000080070d8       0x54 ./Drivers/Bretts_Helper/Src/IRs/Driver/platform/src/vl53l0x_platform.o
                0x00000000080070d8                VL53L0X_WrWord
 .text.VL53L0X_UpdateByte
                0x000000000800712c       0x68 ./Drivers/Bretts_Helper/Src/IRs/Driver/platform/src/vl53l0x_platform.o
                0x000000000800712c                VL53L0X_UpdateByte
 .text.VL53L0X_RdByte
                0x0000000008007194       0x54 ./Drivers/Bretts_Helper/Src/IRs/Driver/platform/src/vl53l0x_platform.o
                0x0000000008007194                VL53L0X_RdByte
 .text.VL53L0X_RdWord
                0x00000000080071e8       0x70 ./Drivers/Bretts_Helper/Src/IRs/Driver/platform/src/vl53l0x_platform.o
                0x00000000080071e8                VL53L0X_RdWord
 .text.VL53L0X_RdDWord
                0x0000000008007258       0x78 ./Drivers/Bretts_Helper/Src/IRs/Driver/platform/src/vl53l0x_platform.o
                0x0000000008007258                VL53L0X_RdDWord
 .text.VL53L0X_PollingDelay
                0x00000000080072d0       0x1e ./Drivers/Bretts_Helper/Src/IRs/Driver/platform/src/vl53l0x_platform.o
                0x00000000080072d0                VL53L0X_PollingDelay
 .text.OuterRing_init
                0x00000000080072ee       0x16 ./Drivers/Bretts_Helper/Src/ObjectDetection/OuterRing.o
                0x00000000080072ee                OuterRing_init
 .text.OuterRing_control
                0x0000000008007304       0xce ./Drivers/Bretts_Helper/Src/ObjectDetection/OuterRing.o
                0x0000000008007304                OuterRing_control
 .text.Brett_VL53L0X_StartMultiSensing
                0x00000000080073d2       0x36 ./Drivers/Bretts_Helper/Src/bretts_helper.o
                0x00000000080073d2                Brett_VL53L0X_StartMultiSensing
 .text.Brett_VL53L0X_FinishMultiSensing
                0x0000000008007408       0x7a ./Drivers/Bretts_Helper/Src/bretts_helper.o
                0x0000000008007408                Brett_VL53L0X_FinishMultiSensing
 .text.Brett_IR_StartMulti
                0x0000000008007482       0xde ./Drivers/Bretts_Helper/Src/bretts_helper.o
                0x0000000008007482                Brett_IR_StartMulti
 .text.Brett_IR_InitIrSensors
                0x0000000008007560      0x2c8 ./Drivers/Bretts_Helper/Src/bretts_helper.o
                0x0000000008007560                Brett_IR_InitIrSensors
 .text.Brett_GetTime
                0x0000000008007828      0x100 ./Drivers/Bretts_Helper/Src/clock_rtc.o
                0x0000000008007828                Brett_GetTime
 .text.WrByte   0x0000000008007928       0x48 ./Drivers/Bretts_Helper/Src/helpful_i2c.o
                0x0000000008007928                WrByte
 .text.Brett_I2CWrite
                0x0000000008007970       0x40 ./Drivers/Bretts_Helper/Src/helpful_i2c.o
                0x0000000008007970                Brett_I2CWrite
 .text.RdByte   0x00000000080079b0       0x48 ./Drivers/Bretts_Helper/Src/helpful_i2c.o
                0x00000000080079b0                RdByte
 .text.Brett_I2CRead
                0x00000000080079f8       0x46 ./Drivers/Bretts_Helper/Src/helpful_i2c.o
                0x00000000080079f8                Brett_I2CRead
 .text.ReadMulti
                0x0000000008007a3e       0x48 ./Drivers/Bretts_Helper/Src/helpful_i2c.o
                0x0000000008007a3e                ReadMulti
 .text.TurnRight
                0x0000000008007a86       0x24 ./Drivers/Bretts_Helper/Src/motor_test.o
                0x0000000008007a86                TurnRight
 .text.TurnLeft
                0x0000000008007aaa       0x24 ./Drivers/Bretts_Helper/Src/motor_test.o
                0x0000000008007aaa                TurnLeft
 .text.MoveForward
                0x0000000008007ace       0x24 ./Drivers/Bretts_Helper/Src/motor_test.o
                0x0000000008007ace                MoveForward
 .text.Stop     0x0000000008007af2       0x24 ./Drivers/Bretts_Helper/Src/motor_test.o
                0x0000000008007af2                Stop
 .text.TurnDirection
                0x0000000008007b16       0xd6 ./Drivers/Bretts_Helper/Src/motor_test.o
                0x0000000008007b16                TurnDirection
 .text.HAL_Init
                0x0000000008007bec       0x44 ./Drivers/STM32F4xx_HAL_Driver/Src/stm32f4xx_hal.o
                0x0000000008007bec                HAL_Init
 .text.HAL_InitTick
                0x0000000008007c30       0x60 ./Drivers/STM32F4xx_HAL_Driver/Src/stm32f4xx_hal.o
                0x0000000008007c30                HAL_InitTick
 .text.HAL_IncTick
                0x0000000008007c90       0x28 ./Drivers/STM32F4xx_HAL_Driver/Src/stm32f4xx_hal.o
                0x0000000008007c90                HAL_IncTick
 .text.HAL_GetTick
                0x0000000008007cb8       0x18 ./Drivers/STM32F4xx_HAL_Driver/Src/stm32f4xx_hal.o
                0x0000000008007cb8                HAL_GetTick
 .text.HAL_Delay
                0x0000000008007cd0       0x48 ./Drivers/STM32F4xx_HAL_Driver/Src/stm32f4xx_hal.o
                0x0000000008007cd0                HAL_Delay
 .text.__NVIC_SetPriorityGrouping
                0x0000000008007d18       0x48 ./Drivers/STM32F4xx_HAL_Driver/Src/stm32f4xx_hal_cortex.o
 .text.__NVIC_GetPriorityGrouping
                0x0000000008007d60       0x1c ./Drivers/STM32F4xx_HAL_Driver/Src/stm32f4xx_hal_cortex.o
 .text.__NVIC_SetPriority
                0x0000000008007d7c       0x54 ./Drivers/STM32F4xx_HAL_Driver/Src/stm32f4xx_hal_cortex.o
 .text.NVIC_EncodePriority
                0x0000000008007dd0       0x66 ./Drivers/STM32F4xx_HAL_Driver/Src/stm32f4xx_hal_cortex.o
 *fill*         0x0000000008007e36        0x2 
 .text.SysTick_Config
                0x0000000008007e38       0x44 ./Drivers/STM32F4xx_HAL_Driver/Src/stm32f4xx_hal_cortex.o
 .text.HAL_NVIC_SetPriorityGrouping
                0x0000000008007e7c       0x16 ./Drivers/STM32F4xx_HAL_Driver/Src/stm32f4xx_hal_cortex.o
                0x0000000008007e7c                HAL_NVIC_SetPriorityGrouping
 .text.HAL_NVIC_SetPriority
                0x0000000008007e92       0x38 ./Drivers/STM32F4xx_HAL_Driver/Src/stm32f4xx_hal_cortex.o
                0x0000000008007e92                HAL_NVIC_SetPriority
 .text.HAL_SYSTICK_Config
                0x0000000008007eca       0x18 ./Drivers/STM32F4xx_HAL_Driver/Src/stm32f4xx_hal_cortex.o
                0x0000000008007eca                HAL_SYSTICK_Config
 *fill*         0x0000000008007ee2        0x2 
 .text.HAL_GPIO_Init
                0x0000000008007ee4      0x328 ./Drivers/STM32F4xx_HAL_Driver/Src/stm32f4xx_hal_gpio.o
                0x0000000008007ee4                HAL_GPIO_Init
 .text.HAL_GPIO_WritePin
                0x000000000800820c       0x32 ./Drivers/STM32F4xx_HAL_Driver/Src/stm32f4xx_hal_gpio.o
                0x000000000800820c                HAL_GPIO_WritePin
 *fill*         0x000000000800823e        0x2 
 .text.HAL_I2C_Init
                0x0000000008008240      0x288 ./Drivers/STM32F4xx_HAL_Driver/Src/stm32f4xx_hal_i2c.o
                0x0000000008008240                HAL_I2C_Init
 .text.HAL_I2C_Master_Transmit
                0x00000000080084c8      0x1fc ./Drivers/STM32F4xx_HAL_Driver/Src/stm32f4xx_hal_i2c.o
                0x00000000080084c8                HAL_I2C_Master_Transmit
 .text.HAL_I2C_Master_Receive
                0x00000000080086c4      0x44c ./Drivers/STM32F4xx_HAL_Driver/Src/stm32f4xx_hal_i2c.o
                0x00000000080086c4                HAL_I2C_Master_Receive
 .text.I2C_MasterRequestWrite
                0x0000000008008b10      0x104 ./Drivers/STM32F4xx_HAL_Driver/Src/stm32f4xx_hal_i2c.o
 .text.I2C_MasterRequestRead
                0x0000000008008c14      0x19c ./Drivers/STM32F4xx_HAL_Driver/Src/stm32f4xx_hal_i2c.o
 .text.I2C_WaitOnFlagUntilTimeout
                0x0000000008008db0       0xae ./Drivers/STM32F4xx_HAL_Driver/Src/stm32f4xx_hal_i2c.o
 .text.I2C_WaitOnMasterAddressFlagUntilTimeout
                0x0000000008008e5e       0xfe ./Drivers/STM32F4xx_HAL_Driver/Src/stm32f4xx_hal_i2c.o
 .text.I2C_WaitOnTXEFlagUntilTimeout
                0x0000000008008f5c       0x82 ./Drivers/STM32F4xx_HAL_Driver/Src/stm32f4xx_hal_i2c.o
 .text.I2C_WaitOnBTFFlagUntilTimeout
                0x0000000008008fde       0x82 ./Drivers/STM32F4xx_HAL_Driver/Src/stm32f4xx_hal_i2c.o
 .text.I2C_WaitOnRXNEFlagUntilTimeout
                0x0000000008009060       0xac ./Drivers/STM32F4xx_HAL_Driver/Src/stm32f4xx_hal_i2c.o
 .text.I2C_IsAcknowledgeFailed
                0x000000000800910c       0x5e ./Drivers/STM32F4xx_HAL_Driver/Src/stm32f4xx_hal_i2c.o
 *fill*         0x000000000800916a        0x2 
 .text.HAL_RCC_ClockConfig
                0x000000000800916c      0x1cc ./Drivers/STM32F4xx_HAL_Driver/Src/stm32f4xx_hal_rcc.o
                0x000000000800916c                HAL_RCC_ClockConfig
 .text.HAL_RCC_GetHCLKFreq
                0x0000000008009338       0x18 ./Drivers/STM32F4xx_HAL_Driver/Src/stm32f4xx_hal_rcc.o
                0x0000000008009338                HAL_RCC_GetHCLKFreq
 .text.HAL_RCC_GetPCLK1Freq
                0x0000000008009350       0x28 ./Drivers/STM32F4xx_HAL_Driver/Src/stm32f4xx_hal_rcc.o
                0x0000000008009350                HAL_RCC_GetPCLK1Freq
 .text.HAL_RCC_GetPCLK2Freq
                0x0000000008009378       0x28 ./Drivers/STM32F4xx_HAL_Driver/Src/stm32f4xx_hal_rcc.o
                0x0000000008009378                HAL_RCC_GetPCLK2Freq
 .text.HAL_RCCEx_PeriphCLKConfig
                0x00000000080093a0      0x654 ./Drivers/STM32F4xx_HAL_Driver/Src/stm32f4xx_hal_rcc_ex.o
                0x00000000080093a0                HAL_RCCEx_PeriphCLKConfig
 .text.HAL_RCC_GetSysClockFreq
                0x00000000080099f4      0x364 ./Drivers/STM32F4xx_HAL_Driver/Src/stm32f4xx_hal_rcc_ex.o
                0x00000000080099f4                HAL_RCC_GetSysClockFreq
 .text.HAL_RCC_OscConfig
                0x0000000008009d58      0x53c ./Drivers/STM32F4xx_HAL_Driver/Src/stm32f4xx_hal_rcc_ex.o
                0x0000000008009d58                HAL_RCC_OscConfig
 .text.HAL_RTC_Init
                0x000000000800a294      0x122 ./Drivers/STM32F4xx_HAL_Driver/Src/stm32f4xx_hal_rtc.o
                0x000000000800a294                HAL_RTC_Init
 .text.HAL_RTC_SetTime
                0x000000000800a3b6      0x17a ./Drivers/STM32F4xx_HAL_Driver/Src/stm32f4xx_hal_rtc.o
                0x000000000800a3b6                HAL_RTC_SetTime
 .text.HAL_RTC_GetTime
                0x000000000800a530       0xbc ./Drivers/STM32F4xx_HAL_Driver/Src/stm32f4xx_hal_rtc.o
                0x000000000800a530                HAL_RTC_GetTime
 .text.HAL_RTC_SetDate
                0x000000000800a5ec      0x14e ./Drivers/STM32F4xx_HAL_Driver/Src/stm32f4xx_hal_rtc.o
                0x000000000800a5ec                HAL_RTC_SetDate
 .text.HAL_RTC_GetDate
                0x000000000800a73a       0x9e ./Drivers/STM32F4xx_HAL_Driver/Src/stm32f4xx_hal_rtc.o
                0x000000000800a73a                HAL_RTC_GetDate
 .text.HAL_RTC_WaitForSynchro
                0x000000000800a7d8       0x50 ./Drivers/STM32F4xx_HAL_Driver/Src/stm32f4xx_hal_rtc.o
                0x000000000800a7d8                HAL_RTC_WaitForSynchro
 .text.RTC_EnterInitMode
                0x000000000800a828       0x58 ./Drivers/STM32F4xx_HAL_Driver/Src/stm32f4xx_hal_rtc.o
                0x000000000800a828                RTC_EnterInitMode
 .text.RTC_ByteToBcd2
                0x000000000800a880       0x3c ./Drivers/STM32F4xx_HAL_Driver/Src/stm32f4xx_hal_rtc.o
                0x000000000800a880                RTC_ByteToBcd2
 .text.RTC_Bcd2ToByte
                0x000000000800a8bc       0x3c ./Drivers/STM32F4xx_HAL_Driver/Src/stm32f4xx_hal_rtc.o
                0x000000000800a8bc                RTC_Bcd2ToByte
 .text.HAL_UART_Init
                0x000000000800a8f8       0x9a ./Drivers/STM32F4xx_HAL_Driver/Src/stm32f4xx_hal_uart.o
                0x000000000800a8f8                HAL_UART_Init
 .text.HAL_UART_Transmit
                0x000000000800a992      0x124 ./Drivers/STM32F4xx_HAL_Driver/Src/stm32f4xx_hal_uart.o
                0x000000000800a992                HAL_UART_Transmit
 .text.UART_WaitOnFlagUntilTimeout
                0x000000000800aab6       0xdc ./Drivers/STM32F4xx_HAL_Driver/Src/stm32f4xx_hal_uart.o
 *fill*         0x000000000800ab92        0x2 
 .text.UART_SetConfig
                0x000000000800ab94      0x390 ./Drivers/STM32F4xx_HAL_Driver/Src/stm32f4xx_hal_uart.o
 .text.__errno  0x000000000800af24        0xc d:/st/stm32cubeide_1.8.0/stm32cubeide/plugins/com.st.stm32cube.ide.mcu.externaltools.gnu-tools-for-stm32.9-2020-q2-update.win32_2.0.0.202105311346/tools/bin/../lib/gcc/arm-none-eabi/9.3.1/../../../../arm-none-eabi/lib/thumb/v7e-m+fp/hard\libc_nano.a(lib_a-errno.o)
                0x000000000800af24                __errno
 .text.__sflush_r
                0x000000000800af30      0x10c d:/st/stm32cubeide_1.8.0/stm32cubeide/plugins/com.st.stm32cube.ide.mcu.externaltools.gnu-tools-for-stm32.9-2020-q2-update.win32_2.0.0.202105311346/tools/bin/../lib/gcc/arm-none-eabi/9.3.1/../../../../arm-none-eabi/lib/thumb/v7e-m+fp/hard\libc_nano.a(lib_a-fflush.o)
                0x000000000800af30                __sflush_r
 .text._fflush_r
                0x000000000800b03c       0x78 d:/st/stm32cubeide_1.8.0/stm32cubeide/plugins/com.st.stm32cube.ide.mcu.externaltools.gnu-tools-for-stm32.9-2020-q2-update.win32_2.0.0.202105311346/tools/bin/../lib/gcc/arm-none-eabi/9.3.1/../../../../arm-none-eabi/lib/thumb/v7e-m+fp/hard\libc_nano.a(lib_a-fflush.o)
                0x000000000800b03c                _fflush_r
 .text.std      0x000000000800b0b4       0x48 d:/st/stm32cubeide_1.8.0/stm32cubeide/plugins/com.st.stm32cube.ide.mcu.externaltools.gnu-tools-for-stm32.9-2020-q2-update.win32_2.0.0.202105311346/tools/bin/../lib/gcc/arm-none-eabi/9.3.1/../../../../arm-none-eabi/lib/thumb/v7e-m+fp/hard\libc_nano.a(lib_a-findfp.o)
 .text._cleanup_r
                0x000000000800b0fc        0xc d:/st/stm32cubeide_1.8.0/stm32cubeide/plugins/com.st.stm32cube.ide.mcu.externaltools.gnu-tools-for-stm32.9-2020-q2-update.win32_2.0.0.202105311346/tools/bin/../lib/gcc/arm-none-eabi/9.3.1/../../../../arm-none-eabi/lib/thumb/v7e-m+fp/hard\libc_nano.a(lib_a-findfp.o)
                0x000000000800b0fc                _cleanup_r
 .text.__sfmoreglue
                0x000000000800b108       0x2c d:/st/stm32cubeide_1.8.0/stm32cubeide/plugins/com.st.stm32cube.ide.mcu.externaltools.gnu-tools-for-stm32.9-2020-q2-update.win32_2.0.0.202105311346/tools/bin/../lib/gcc/arm-none-eabi/9.3.1/../../../../arm-none-eabi/lib/thumb/v7e-m+fp/hard\libc_nano.a(lib_a-findfp.o)
                0x000000000800b108                __sfmoreglue
 .text.__sfp_lock_acquire
                0x000000000800b134        0xc d:/st/stm32cubeide_1.8.0/stm32cubeide/plugins/com.st.stm32cube.ide.mcu.externaltools.gnu-tools-for-stm32.9-2020-q2-update.win32_2.0.0.202105311346/tools/bin/../lib/gcc/arm-none-eabi/9.3.1/../../../../arm-none-eabi/lib/thumb/v7e-m+fp/hard\libc_nano.a(lib_a-findfp.o)
                0x000000000800b134                __sfp_lock_acquire
 .text.__sfp_lock_release
                0x000000000800b140        0xc d:/st/stm32cubeide_1.8.0/stm32cubeide/plugins/com.st.stm32cube.ide.mcu.externaltools.gnu-tools-for-stm32.9-2020-q2-update.win32_2.0.0.202105311346/tools/bin/../lib/gcc/arm-none-eabi/9.3.1/../../../../arm-none-eabi/lib/thumb/v7e-m+fp/hard\libc_nano.a(lib_a-findfp.o)
                0x000000000800b140                __sfp_lock_release
 .text.__sinit_lock_acquire
                0x000000000800b14c        0xc d:/st/stm32cubeide_1.8.0/stm32cubeide/plugins/com.st.stm32cube.ide.mcu.externaltools.gnu-tools-for-stm32.9-2020-q2-update.win32_2.0.0.202105311346/tools/bin/../lib/gcc/arm-none-eabi/9.3.1/../../../../arm-none-eabi/lib/thumb/v7e-m+fp/hard\libc_nano.a(lib_a-findfp.o)
                0x000000000800b14c                __sinit_lock_acquire
 .text.__sinit_lock_release
                0x000000000800b158        0xc d:/st/stm32cubeide_1.8.0/stm32cubeide/plugins/com.st.stm32cube.ide.mcu.externaltools.gnu-tools-for-stm32.9-2020-q2-update.win32_2.0.0.202105311346/tools/bin/../lib/gcc/arm-none-eabi/9.3.1/../../../../arm-none-eabi/lib/thumb/v7e-m+fp/hard\libc_nano.a(lib_a-findfp.o)
                0x000000000800b158                __sinit_lock_release
 .text.__sinit  0x000000000800b164       0x70 d:/st/stm32cubeide_1.8.0/stm32cubeide/plugins/com.st.stm32cube.ide.mcu.externaltools.gnu-tools-for-stm32.9-2020-q2-update.win32_2.0.0.202105311346/tools/bin/../lib/gcc/arm-none-eabi/9.3.1/../../../../arm-none-eabi/lib/thumb/v7e-m+fp/hard\libc_nano.a(lib_a-findfp.o)
                0x000000000800b164                __sinit
 .text.__sfp    0x000000000800b1d4       0x8c d:/st/stm32cubeide_1.8.0/stm32cubeide/plugins/com.st.stm32cube.ide.mcu.externaltools.gnu-tools-for-stm32.9-2020-q2-update.win32_2.0.0.202105311346/tools/bin/../lib/gcc/arm-none-eabi/9.3.1/../../../../arm-none-eabi/lib/thumb/v7e-m+fp/hard\libc_nano.a(lib_a-findfp.o)
                0x000000000800b1d4                __sfp
 .text.fprintf  0x000000000800b260       0x24 d:/st/stm32cubeide_1.8.0/stm32cubeide/plugins/com.st.stm32cube.ide.mcu.externaltools.gnu-tools-for-stm32.9-2020-q2-update.win32_2.0.0.202105311346/tools/bin/../lib/gcc/arm-none-eabi/9.3.1/../../../../arm-none-eabi/lib/thumb/v7e-m+fp/hard\libc_nano.a(lib_a-fprintf.o)
                0x000000000800b260                fiprintf
                0x000000000800b260                fprintf
 .text._fwalk_reent
                0x000000000800b284       0x3e d:/st/stm32cubeide_1.8.0/stm32cubeide/plugins/com.st.stm32cube.ide.mcu.externaltools.gnu-tools-for-stm32.9-2020-q2-update.win32_2.0.0.202105311346/tools/bin/../lib/gcc/arm-none-eabi/9.3.1/../../../../arm-none-eabi/lib/thumb/v7e-m+fp/hard\libc_nano.a(lib_a-fwalk.o)
                0x000000000800b284                _fwalk_reent
 *fill*         0x000000000800b2c2        0x2 
 .text.__libc_init_array
                0x000000000800b2c4       0x48 d:/st/stm32cubeide_1.8.0/stm32cubeide/plugins/com.st.stm32cube.ide.mcu.externaltools.gnu-tools-for-stm32.9-2020-q2-update.win32_2.0.0.202105311346/tools/bin/../lib/gcc/arm-none-eabi/9.3.1/../../../../arm-none-eabi/lib/thumb/v7e-m+fp/hard\libc_nano.a(lib_a-init.o)
                0x000000000800b2c4                __libc_init_array
 .text.__retarget_lock_init_recursive
                0x000000000800b30c        0x2 d:/st/stm32cubeide_1.8.0/stm32cubeide/plugins/com.st.stm32cube.ide.mcu.externaltools.gnu-tools-for-stm32.9-2020-q2-update.win32_2.0.0.202105311346/tools/bin/../lib/gcc/arm-none-eabi/9.3.1/../../../../arm-none-eabi/lib/thumb/v7e-m+fp/hard\libc_nano.a(lib_a-lock.o)
                0x000000000800b30c                __retarget_lock_init_recursive
 .text.__retarget_lock_acquire_recursive
                0x000000000800b30e        0x2 d:/st/stm32cubeide_1.8.0/stm32cubeide/plugins/com.st.stm32cube.ide.mcu.externaltools.gnu-tools-for-stm32.9-2020-q2-update.win32_2.0.0.202105311346/tools/bin/../lib/gcc/arm-none-eabi/9.3.1/../../../../arm-none-eabi/lib/thumb/v7e-m+fp/hard\libc_nano.a(lib_a-lock.o)
                0x000000000800b30e                __retarget_lock_acquire_recursive
 .text.__retarget_lock_release_recursive
                0x000000000800b310        0x2 d:/st/stm32cubeide_1.8.0/stm32cubeide/plugins/com.st.stm32cube.ide.mcu.externaltools.gnu-tools-for-stm32.9-2020-q2-update.win32_2.0.0.202105311346/tools/bin/../lib/gcc/arm-none-eabi/9.3.1/../../../../arm-none-eabi/lib/thumb/v7e-m+fp/hard\libc_nano.a(lib_a-lock.o)
                0x000000000800b310                __retarget_lock_release_recursive
 .text.__swhatbuf_r
                0x000000000800b312       0x48 d:/st/stm32cubeide_1.8.0/stm32cubeide/plugins/com.st.stm32cube.ide.mcu.externaltools.gnu-tools-for-stm32.9-2020-q2-update.win32_2.0.0.202105311346/tools/bin/../lib/gcc/arm-none-eabi/9.3.1/../../../../arm-none-eabi/lib/thumb/v7e-m+fp/hard\libc_nano.a(lib_a-makebuf.o)
                0x000000000800b312                __swhatbuf_r
 *fill*         0x000000000800b35a        0x2 
 .text.__smakebuf_r
                0x000000000800b35c       0x80 d:/st/stm32cubeide_1.8.0/stm32cubeide/plugins/com.st.stm32cube.ide.mcu.externaltools.gnu-tools-for-stm32.9-2020-q2-update.win32_2.0.0.202105311346/tools/bin/../lib/gcc/arm-none-eabi/9.3.1/../../../../arm-none-eabi/lib/thumb/v7e-m+fp/hard\libc_nano.a(lib_a-makebuf.o)
                0x000000000800b35c                __smakebuf_r
 .text.malloc   0x000000000800b3dc       0x10 d:/st/stm32cubeide_1.8.0/stm32cubeide/plugins/com.st.stm32cube.ide.mcu.externaltools.gnu-tools-for-stm32.9-2020-q2-update.win32_2.0.0.202105311346/tools/bin/../lib/gcc/arm-none-eabi/9.3.1/../../../../arm-none-eabi/lib/thumb/v7e-m+fp/hard\libc_nano.a(lib_a-malloc.o)
                0x000000000800b3dc                malloc
 .text.memcpy   0x000000000800b3ec       0x1c d:/st/stm32cubeide_1.8.0/stm32cubeide/plugins/com.st.stm32cube.ide.mcu.externaltools.gnu-tools-for-stm32.9-2020-q2-update.win32_2.0.0.202105311346/tools/bin/../lib/gcc/arm-none-eabi/9.3.1/../../../../arm-none-eabi/lib/thumb/v7e-m+fp/hard\libc_nano.a(lib_a-memcpy-stub.o)
                0x000000000800b3ec                memcpy
 .text.memset   0x000000000800b408       0x10 d:/st/stm32cubeide_1.8.0/stm32cubeide/plugins/com.st.stm32cube.ide.mcu.externaltools.gnu-tools-for-stm32.9-2020-q2-update.win32_2.0.0.202105311346/tools/bin/../lib/gcc/arm-none-eabi/9.3.1/../../../../arm-none-eabi/lib/thumb/v7e-m+fp/hard\libc_nano.a(lib_a-memset.o)
                0x000000000800b408                memset
 .text._free_r  0x000000000800b418       0xa0 d:/st/stm32cubeide_1.8.0/stm32cubeide/plugins/com.st.stm32cube.ide.mcu.externaltools.gnu-tools-for-stm32.9-2020-q2-update.win32_2.0.0.202105311346/tools/bin/../lib/gcc/arm-none-eabi/9.3.1/../../../../arm-none-eabi/lib/thumb/v7e-m+fp/hard\libc_nano.a(lib_a-nano-freer.o)
                0x000000000800b418                _free_r
 .text._malloc_r
                0x000000000800b4b8       0xb4 d:/st/stm32cubeide_1.8.0/stm32cubeide/plugins/com.st.stm32cube.ide.mcu.externaltools.gnu-tools-for-stm32.9-2020-q2-update.win32_2.0.0.202105311346/tools/bin/../lib/gcc/arm-none-eabi/9.3.1/../../../../arm-none-eabi/lib/thumb/v7e-m+fp/hard\libc_nano.a(lib_a-nano-mallocr.o)
                0x000000000800b4b8                _malloc_r
 .text.__sfputc_r
                0x000000000800b56c       0x2e d:/st/stm32cubeide_1.8.0/stm32cubeide/plugins/com.st.stm32cube.ide.mcu.externaltools.gnu-tools-for-stm32.9-2020-q2-update.win32_2.0.0.202105311346/tools/bin/../lib/gcc/arm-none-eabi/9.3.1/../../../../arm-none-eabi/lib/thumb/v7e-m+fp/hard\libc_nano.a(lib_a-nano-vfprintf.o)
 .text.__sfputs_r
                0x000000000800b59a       0x24 d:/st/stm32cubeide_1.8.0/stm32cubeide/plugins/com.st.stm32cube.ide.mcu.externaltools.gnu-tools-for-stm32.9-2020-q2-update.win32_2.0.0.202105311346/tools/bin/../lib/gcc/arm-none-eabi/9.3.1/../../../../arm-none-eabi/lib/thumb/v7e-m+fp/hard\libc_nano.a(lib_a-nano-vfprintf.o)
                0x000000000800b59a                __sfputs_r
 *fill*         0x000000000800b5be        0x2 
 .text._vfprintf_r
                0x000000000800b5c0      0x260 d:/st/stm32cubeide_1.8.0/stm32cubeide/plugins/com.st.stm32cube.ide.mcu.externaltools.gnu-tools-for-stm32.9-2020-q2-update.win32_2.0.0.202105311346/tools/bin/../lib/gcc/arm-none-eabi/9.3.1/../../../../arm-none-eabi/lib/thumb/v7e-m+fp/hard\libc_nano.a(lib_a-nano-vfprintf.o)
                0x000000000800b5c0                _vfprintf_r
                0x000000000800b5c0                _vfiprintf_r
 .text.__cvt    0x000000000800b820       0xc4 d:/st/stm32cubeide_1.8.0/stm32cubeide/plugins/com.st.stm32cube.ide.mcu.externaltools.gnu-tools-for-stm32.9-2020-q2-update.win32_2.0.0.202105311346/tools/bin/../lib/gcc/arm-none-eabi/9.3.1/../../../../arm-none-eabi/lib/thumb/v7e-m+fp/hard\libc_nano.a(lib_a-nano-vfprintf_float.o)
                0x000000000800b820                __cvt
 .text.__exponent
                0x000000000800b8e4       0x7c d:/st/stm32cubeide_1.8.0/stm32cubeide/plugins/com.st.stm32cube.ide.mcu.externaltools.gnu-tools-for-stm32.9-2020-q2-update.win32_2.0.0.202105311346/tools/bin/../lib/gcc/arm-none-eabi/9.3.1/../../../../arm-none-eabi/lib/thumb/v7e-m+fp/hard\libc_nano.a(lib_a-nano-vfprintf_float.o)
                0x000000000800b8e4                __exponent
 .text._printf_float
                0x000000000800b960      0x46c d:/st/stm32cubeide_1.8.0/stm32cubeide/plugins/com.st.stm32cube.ide.mcu.externaltools.gnu-tools-for-stm32.9-2020-q2-update.win32_2.0.0.202105311346/tools/bin/../lib/gcc/arm-none-eabi/9.3.1/../../../../arm-none-eabi/lib/thumb/v7e-m+fp/hard\libc_nano.a(lib_a-nano-vfprintf_float.o)
                0x000000000800b960                _printf_float
 .text._printf_common
                0x000000000800bdcc       0xda d:/st/stm32cubeide_1.8.0/stm32cubeide/plugins/com.st.stm32cube.ide.mcu.externaltools.gnu-tools-for-stm32.9-2020-q2-update.win32_2.0.0.202105311346/tools/bin/../lib/gcc/arm-none-eabi/9.3.1/../../../../arm-none-eabi/lib/thumb/v7e-m+fp/hard\libc_nano.a(lib_a-nano-vfprintf_i.o)
                0x000000000800bdcc                _printf_common
 *fill*         0x000000000800bea6        0x2 
 .text._printf_i
                0x000000000800bea8      0x24c d:/st/stm32cubeide_1.8.0/stm32cubeide/plugins/com.st.stm32cube.ide.mcu.externaltools.gnu-tools-for-stm32.9-2020-q2-update.win32_2.0.0.202105311346/tools/bin/../lib/gcc/arm-none-eabi/9.3.1/../../../../arm-none-eabi/lib/thumb/v7e-m+fp/hard\libc_nano.a(lib_a-nano-vfprintf_i.o)
                0x000000000800bea8                _printf_i
 .text.printf   0x000000000800c0f4       0x30 d:/st/stm32cubeide_1.8.0/stm32cubeide/plugins/com.st.stm32cube.ide.mcu.externaltools.gnu-tools-for-stm32.9-2020-q2-update.win32_2.0.0.202105311346/tools/bin/../lib/gcc/arm-none-eabi/9.3.1/../../../../arm-none-eabi/lib/thumb/v7e-m+fp/hard\libc_nano.a(lib_a-printf.o)
                0x000000000800c0f4                iprintf
                0x000000000800c0f4                printf
 .text._sbrk_r  0x000000000800c124       0x20 d:/st/stm32cubeide_1.8.0/stm32cubeide/plugins/com.st.stm32cube.ide.mcu.externaltools.gnu-tools-for-stm32.9-2020-q2-update.win32_2.0.0.202105311346/tools/bin/../lib/gcc/arm-none-eabi/9.3.1/../../../../arm-none-eabi/lib/thumb/v7e-m+fp/hard\libc_nano.a(lib_a-sbrkr.o)
                0x000000000800c124                _sbrk_r
 .text.__sread  0x000000000800c144       0x22 d:/st/stm32cubeide_1.8.0/stm32cubeide/plugins/com.st.stm32cube.ide.mcu.externaltools.gnu-tools-for-stm32.9-2020-q2-update.win32_2.0.0.202105311346/tools/bin/../lib/gcc/arm-none-eabi/9.3.1/../../../../arm-none-eabi/lib/thumb/v7e-m+fp/hard\libc_nano.a(lib_a-stdio.o)
                0x000000000800c144                __sread
 .text.__swrite
                0x000000000800c166       0x38 d:/st/stm32cubeide_1.8.0/stm32cubeide/plugins/com.st.stm32cube.ide.mcu.externaltools.gnu-tools-for-stm32.9-2020-q2-update.win32_2.0.0.202105311346/tools/bin/../lib/gcc/arm-none-eabi/9.3.1/../../../../arm-none-eabi/lib/thumb/v7e-m+fp/hard\libc_nano.a(lib_a-stdio.o)
                0x000000000800c166                __swrite
 .text.__sseek  0x000000000800c19e       0x24 d:/st/stm32cubeide_1.8.0/stm32cubeide/plugins/com.st.stm32cube.ide.mcu.externaltools.gnu-tools-for-stm32.9-2020-q2-update.win32_2.0.0.202105311346/tools/bin/../lib/gcc/arm-none-eabi/9.3.1/../../../../arm-none-eabi/lib/thumb/v7e-m+fp/hard\libc_nano.a(lib_a-stdio.o)
                0x000000000800c19e                __sseek
 .text.__sclose
                0x000000000800c1c2        0x8 d:/st/stm32cubeide_1.8.0/stm32cubeide/plugins/com.st.stm32cube.ide.mcu.externaltools.gnu-tools-for-stm32.9-2020-q2-update.win32_2.0.0.202105311346/tools/bin/../lib/gcc/arm-none-eabi/9.3.1/../../../../arm-none-eabi/lib/thumb/v7e-m+fp/hard\libc_nano.a(lib_a-stdio.o)
                0x000000000800c1c2                __sclose
 .text.strcpy   0x000000000800c1ca       0x10 d:/st/stm32cubeide_1.8.0/stm32cubeide/plugins/com.st.stm32cube.ide.mcu.externaltools.gnu-tools-for-stm32.9-2020-q2-update.win32_2.0.0.202105311346/tools/bin/../lib/gcc/arm-none-eabi/9.3.1/../../../../arm-none-eabi/lib/thumb/v7e-m+fp/hard\libc_nano.a(lib_a-strcpy.o)
                0x000000000800c1ca                strcpy
 *fill*         0x000000000800c1da        0x2 
 .text.__swbuf_r
                0x000000000800c1dc       0xa4 d:/st/stm32cubeide_1.8.0/stm32cubeide/plugins/com.st.stm32cube.ide.mcu.externaltools.gnu-tools-for-stm32.9-2020-q2-update.win32_2.0.0.202105311346/tools/bin/../lib/gcc/arm-none-eabi/9.3.1/../../../../arm-none-eabi/lib/thumb/v7e-m+fp/hard\libc_nano.a(lib_a-wbuf.o)
                0x000000000800c1dc                __swbuf_r
 .text._write_r
                0x000000000800c280       0x24 d:/st/stm32cubeide_1.8.0/stm32cubeide/plugins/com.st.stm32cube.ide.mcu.externaltools.gnu-tools-for-stm32.9-2020-q2-update.win32_2.0.0.202105311346/tools/bin/../lib/gcc/arm-none-eabi/9.3.1/../../../../arm-none-eabi/lib/thumb/v7e-m+fp/hard\libc_nano.a(lib_a-writer.o)
                0x000000000800c280                _write_r
 .text.__swsetup_r
                0x000000000800c2a4       0xdc d:/st/stm32cubeide_1.8.0/stm32cubeide/plugins/com.st.stm32cube.ide.mcu.externaltools.gnu-tools-for-stm32.9-2020-q2-update.win32_2.0.0.202105311346/tools/bin/../lib/gcc/arm-none-eabi/9.3.1/../../../../arm-none-eabi/lib/thumb/v7e-m+fp/hard\libc_nano.a(lib_a-wsetup.o)
                0x000000000800c2a4                __swsetup_r
 .text._close_r
                0x000000000800c380       0x20 d:/st/stm32cubeide_1.8.0/stm32cubeide/plugins/com.st.stm32cube.ide.mcu.externaltools.gnu-tools-for-stm32.9-2020-q2-update.win32_2.0.0.202105311346/tools/bin/../lib/gcc/arm-none-eabi/9.3.1/../../../../arm-none-eabi/lib/thumb/v7e-m+fp/hard\libc_nano.a(lib_a-closer.o)
                0x000000000800c380                _close_r
 .text.quorem   0x000000000800c3a0      0x116 d:/st/stm32cubeide_1.8.0/stm32cubeide/plugins/com.st.stm32cube.ide.mcu.externaltools.gnu-tools-for-stm32.9-2020-q2-update.win32_2.0.0.202105311346/tools/bin/../lib/gcc/arm-none-eabi/9.3.1/../../../../arm-none-eabi/lib/thumb/v7e-m+fp/hard\libc_nano.a(lib_a-dtoa.o)
 *fill*         0x000000000800c4b6        0x2 
 .text._dtoa_r  0x000000000800c4b8      0xbd8 d:/st/stm32cubeide_1.8.0/stm32cubeide/plugins/com.st.stm32cube.ide.mcu.externaltools.gnu-tools-for-stm32.9-2020-q2-update.win32_2.0.0.202105311346/tools/bin/../lib/gcc/arm-none-eabi/9.3.1/../../../../arm-none-eabi/lib/thumb/v7e-m+fp/hard\libc_nano.a(lib_a-dtoa.o)
                0x000000000800c4b8                _dtoa_r
 .text._fstat_r
                0x000000000800d090       0x24 d:/st/stm32cubeide_1.8.0/stm32cubeide/plugins/com.st.stm32cube.ide.mcu.externaltools.gnu-tools-for-stm32.9-2020-q2-update.win32_2.0.0.202105311346/tools/bin/../lib/gcc/arm-none-eabi/9.3.1/../../../../arm-none-eabi/lib/thumb/v7e-m+fp/hard\libc_nano.a(lib_a-fstatr.o)
                0x000000000800d090                _fstat_r
 .text._isatty_r
                0x000000000800d0b4       0x20 d:/st/stm32cubeide_1.8.0/stm32cubeide/plugins/com.st.stm32cube.ide.mcu.externaltools.gnu-tools-for-stm32.9-2020-q2-update.win32_2.0.0.202105311346/tools/bin/../lib/gcc/arm-none-eabi/9.3.1/../../../../arm-none-eabi/lib/thumb/v7e-m+fp/hard\libc_nano.a(lib_a-isattyr.o)
                0x000000000800d0b4                _isatty_r
 .text._localeconv_r
                0x000000000800d0d4        0x8 d:/st/stm32cubeide_1.8.0/stm32cubeide/plugins/com.st.stm32cube.ide.mcu.externaltools.gnu-tools-for-stm32.9-2020-q2-update.win32_2.0.0.202105311346/tools/bin/../lib/gcc/arm-none-eabi/9.3.1/../../../../arm-none-eabi/lib/thumb/v7e-m+fp/hard\libc_nano.a(lib_a-localeconv.o)
                0x000000000800d0d4                _localeconv_r
 .text._lseek_r
                0x000000000800d0dc       0x24 d:/st/stm32cubeide_1.8.0/stm32cubeide/plugins/com.st.stm32cube.ide.mcu.externaltools.gnu-tools-for-stm32.9-2020-q2-update.win32_2.0.0.202105311346/tools/bin/../lib/gcc/arm-none-eabi/9.3.1/../../../../arm-none-eabi/lib/thumb/v7e-m+fp/hard\libc_nano.a(lib_a-lseekr.o)
                0x000000000800d0dc                _lseek_r
 .text.__malloc_lock
                0x000000000800d100        0xc d:/st/stm32cubeide_1.8.0/stm32cubeide/plugins/com.st.stm32cube.ide.mcu.externaltools.gnu-tools-for-stm32.9-2020-q2-update.win32_2.0.0.202105311346/tools/bin/../lib/gcc/arm-none-eabi/9.3.1/../../../../arm-none-eabi/lib/thumb/v7e-m+fp/hard\libc_nano.a(lib_a-mlock.o)
                0x000000000800d100                __malloc_lock
 .text.__malloc_unlock
                0x000000000800d10c        0xc d:/st/stm32cubeide_1.8.0/stm32cubeide/plugins/com.st.stm32cube.ide.mcu.externaltools.gnu-tools-for-stm32.9-2020-q2-update.win32_2.0.0.202105311346/tools/bin/../lib/gcc/arm-none-eabi/9.3.1/../../../../arm-none-eabi/lib/thumb/v7e-m+fp/hard\libc_nano.a(lib_a-mlock.o)
                0x000000000800d10c                __malloc_unlock
 .text._Balloc  0x000000000800d118       0x80 d:/st/stm32cubeide_1.8.0/stm32cubeide/plugins/com.st.stm32cube.ide.mcu.externaltools.gnu-tools-for-stm32.9-2020-q2-update.win32_2.0.0.202105311346/tools/bin/../lib/gcc/arm-none-eabi/9.3.1/../../../../arm-none-eabi/lib/thumb/v7e-m+fp/hard\libc_nano.a(lib_a-mprec.o)
                0x000000000800d118                _Balloc
 .text._Bfree   0x000000000800d198       0x44 d:/st/stm32cubeide_1.8.0/stm32cubeide/plugins/com.st.stm32cube.ide.mcu.externaltools.gnu-tools-for-stm32.9-2020-q2-update.win32_2.0.0.202105311346/tools/bin/../lib/gcc/arm-none-eabi/9.3.1/../../../../arm-none-eabi/lib/thumb/v7e-m+fp/hard\libc_nano.a(lib_a-mprec.o)
                0x000000000800d198                _Bfree
 .text.__multadd
                0x000000000800d1dc       0x94 d:/st/stm32cubeide_1.8.0/stm32cubeide/plugins/com.st.stm32cube.ide.mcu.externaltools.gnu-tools-for-stm32.9-2020-q2-update.win32_2.0.0.202105311346/tools/bin/../lib/gcc/arm-none-eabi/9.3.1/../../../../arm-none-eabi/lib/thumb/v7e-m+fp/hard\libc_nano.a(lib_a-mprec.o)
                0x000000000800d1dc                __multadd
 .text.__hi0bits
                0x000000000800d270       0x40 d:/st/stm32cubeide_1.8.0/stm32cubeide/plugins/com.st.stm32cube.ide.mcu.externaltools.gnu-tools-for-stm32.9-2020-q2-update.win32_2.0.0.202105311346/tools/bin/../lib/gcc/arm-none-eabi/9.3.1/../../../../arm-none-eabi/lib/thumb/v7e-m+fp/hard\libc_nano.a(lib_a-mprec.o)
                0x000000000800d270                __hi0bits
 .text.__lo0bits
                0x000000000800d2b0       0x60 d:/st/stm32cubeide_1.8.0/stm32cubeide/plugins/com.st.stm32cube.ide.mcu.externaltools.gnu-tools-for-stm32.9-2020-q2-update.win32_2.0.0.202105311346/tools/bin/../lib/gcc/arm-none-eabi/9.3.1/../../../../arm-none-eabi/lib/thumb/v7e-m+fp/hard\libc_nano.a(lib_a-mprec.o)
                0x000000000800d2b0                __lo0bits
 .text.__i2b    0x000000000800d310       0x2c d:/st/stm32cubeide_1.8.0/stm32cubeide/plugins/com.st.stm32cube.ide.mcu.externaltools.gnu-tools-for-stm32.9-2020-q2-update.win32_2.0.0.202105311346/tools/bin/../lib/gcc/arm-none-eabi/9.3.1/../../../../arm-none-eabi/lib/thumb/v7e-m+fp/hard\libc_nano.a(lib_a-mprec.o)
                0x000000000800d310                __i2b
 .text.__multiply
                0x000000000800d33c      0x14c d:/st/stm32cubeide_1.8.0/stm32cubeide/plugins/com.st.stm32cube.ide.mcu.externaltools.gnu-tools-for-stm32.9-2020-q2-update.win32_2.0.0.202105311346/tools/bin/../lib/gcc/arm-none-eabi/9.3.1/../../../../arm-none-eabi/lib/thumb/v7e-m+fp/hard\libc_nano.a(lib_a-mprec.o)
                0x000000000800d33c                __multiply
 .text.__pow5mult
                0x000000000800d488       0xb4 d:/st/stm32cubeide_1.8.0/stm32cubeide/plugins/com.st.stm32cube.ide.mcu.externaltools.gnu-tools-for-stm32.9-2020-q2-update.win32_2.0.0.202105311346/tools/bin/../lib/gcc/arm-none-eabi/9.3.1/../../../../arm-none-eabi/lib/thumb/v7e-m+fp/hard\libc_nano.a(lib_a-mprec.o)
                0x000000000800d488                __pow5mult
 .text.__lshift
                0x000000000800d53c       0xd8 d:/st/stm32cubeide_1.8.0/stm32cubeide/plugins/com.st.stm32cube.ide.mcu.externaltools.gnu-tools-for-stm32.9-2020-q2-update.win32_2.0.0.202105311346/tools/bin/../lib/gcc/arm-none-eabi/9.3.1/../../../../arm-none-eabi/lib/thumb/v7e-m+fp/hard\libc_nano.a(lib_a-mprec.o)
                0x000000000800d53c                __lshift
 .text.__mcmp   0x000000000800d614       0x38 d:/st/stm32cubeide_1.8.0/stm32cubeide/plugins/com.st.stm32cube.ide.mcu.externaltools.gnu-tools-for-stm32.9-2020-q2-update.win32_2.0.0.202105311346/tools/bin/../lib/gcc/arm-none-eabi/9.3.1/../../../../arm-none-eabi/lib/thumb/v7e-m+fp/hard\libc_nano.a(lib_a-mprec.o)
                0x000000000800d614                __mcmp
 .text.__mdiff  0x000000000800d64c      0x110 d:/st/stm32cubeide_1.8.0/stm32cubeide/plugins/com.st.stm32cube.ide.mcu.externaltools.gnu-tools-for-stm32.9-2020-q2-update.win32_2.0.0.202105311346/tools/bin/../lib/gcc/arm-none-eabi/9.3.1/../../../../arm-none-eabi/lib/thumb/v7e-m+fp/hard\libc_nano.a(lib_a-mprec.o)
                0x000000000800d64c                __mdiff
 .text.__d2b    0x000000000800d75c       0xb8 d:/st/stm32cubeide_1.8.0/stm32cubeide/plugins/com.st.stm32cube.ide.mcu.externaltools.gnu-tools-for-stm32.9-2020-q2-update.win32_2.0.0.202105311346/tools/bin/../lib/gcc/arm-none-eabi/9.3.1/../../../../arm-none-eabi/lib/thumb/v7e-m+fp/hard\libc_nano.a(lib_a-mprec.o)
                0x000000000800d75c                __d2b
 .text._calloc_r
                0x000000000800d814       0x1e d:/st/stm32cubeide_1.8.0/stm32cubeide/plugins/com.st.stm32cube.ide.mcu.externaltools.gnu-tools-for-stm32.9-2020-q2-update.win32_2.0.0.202105311346/tools/bin/../lib/gcc/arm-none-eabi/9.3.1/../../../../arm-none-eabi/lib/thumb/v7e-m+fp/hard\libc_nano.a(lib_a-nano-callocr.o)
                0x000000000800d814                _calloc_r
 *fill*         0x000000000800d832        0x2 
 .text._read_r  0x000000000800d834       0x24 d:/st/stm32cubeide_1.8.0/stm32cubeide/plugins/com.st.stm32cube.ide.mcu.externaltools.gnu-tools-for-stm32.9-2020-q2-update.win32_2.0.0.202105311346/tools/bin/../lib/gcc/arm-none-eabi/9.3.1/../../../../arm-none-eabi/lib/thumb/v7e-m+fp/hard\libc_nano.a(lib_a-readr.o)
                0x000000000800d834                _read_r
 .text.__assert_func
                0x000000000800d858       0x3c d:/st/stm32cubeide_1.8.0/stm32cubeide/plugins/com.st.stm32cube.ide.mcu.externaltools.gnu-tools-for-stm32.9-2020-q2-update.win32_2.0.0.202105311346/tools/bin/../lib/gcc/arm-none-eabi/9.3.1/../../../../arm-none-eabi/lib/thumb/v7e-m+fp/hard\libc_nano.a(lib_a-assert.o)
                0x000000000800d858                __assert_func
 .text.__ascii_mbtowc
                0x000000000800d894       0x24 d:/st/stm32cubeide_1.8.0/stm32cubeide/plugins/com.st.stm32cube.ide.mcu.externaltools.gnu-tools-for-stm32.9-2020-q2-update.win32_2.0.0.202105311346/tools/bin/../lib/gcc/arm-none-eabi/9.3.1/../../../../arm-none-eabi/lib/thumb/v7e-m+fp/hard\libc_nano.a(lib_a-mbtowc_r.o)
                0x000000000800d894                __ascii_mbtowc
 .text.__ascii_wctomb
                0x000000000800d8b8       0x1a d:/st/stm32cubeide_1.8.0/stm32cubeide/plugins/com.st.stm32cube.ide.mcu.externaltools.gnu-tools-for-stm32.9-2020-q2-update.win32_2.0.0.202105311346/tools/bin/../lib/gcc/arm-none-eabi/9.3.1/../../../../arm-none-eabi/lib/thumb/v7e-m+fp/hard\libc_nano.a(lib_a-wctomb_r.o)
                0x000000000800d8b8                __ascii_wctomb
 .text.abort    0x000000000800d8d2        0xe d:/st/stm32cubeide_1.8.0/stm32cubeide/plugins/com.st.stm32cube.ide.mcu.externaltools.gnu-tools-for-stm32.9-2020-q2-update.win32_2.0.0.202105311346/tools/bin/../lib/gcc/arm-none-eabi/9.3.1/../../../../arm-none-eabi/lib/thumb/v7e-m+fp/hard\libc_nano.a(lib_a-abort.o)
                0x000000000800d8d2                abort
 .text._raise_r
                0x000000000800d8e0       0x50 d:/st/stm32cubeide_1.8.0/stm32cubeide/plugins/com.st.stm32cube.ide.mcu.externaltools.gnu-tools-for-stm32.9-2020-q2-update.win32_2.0.0.202105311346/tools/bin/../lib/gcc/arm-none-eabi/9.3.1/../../../../arm-none-eabi/lib/thumb/v7e-m+fp/hard\libc_nano.a(lib_a-signal.o)
                0x000000000800d8e0                _raise_r
 .text.raise    0x000000000800d930       0x10 d:/st/stm32cubeide_1.8.0/stm32cubeide/plugins/com.st.stm32cube.ide.mcu.externaltools.gnu-tools-for-stm32.9-2020-q2-update.win32_2.0.0.202105311346/tools/bin/../lib/gcc/arm-none-eabi/9.3.1/../../../../arm-none-eabi/lib/thumb/v7e-m+fp/hard\libc_nano.a(lib_a-signal.o)
                0x000000000800d930                raise
 .text._kill_r  0x000000000800d940       0x24 d:/st/stm32cubeide_1.8.0/stm32cubeide/plugins/com.st.stm32cube.ide.mcu.externaltools.gnu-tools-for-stm32.9-2020-q2-update.win32_2.0.0.202105311346/tools/bin/../lib/gcc/arm-none-eabi/9.3.1/../../../../arm-none-eabi/lib/thumb/v7e-m+fp/hard\libc_nano.a(lib_a-signalr.o)
                0x000000000800d940                _kill_r
 .text._getpid_r
                0x000000000800d964        0x4 d:/st/stm32cubeide_1.8.0/stm32cubeide/plugins/com.st.stm32cube.ide.mcu.externaltools.gnu-tools-for-stm32.9-2020-q2-update.win32_2.0.0.202105311346/tools/bin/../lib/gcc/arm-none-eabi/9.3.1/../../../../arm-none-eabi/lib/thumb/v7e-m+fp/hard\libc_nano.a(lib_a-signalr.o)
                0x000000000800d964                _getpid_r
 *(.glue_7)
 .glue_7        0x000000000800d968        0x0 linker stubs
 *(.glue_7t)
 .glue_7t       0x000000000800d968        0x0 linker stubs
 *(.eh_frame)
 .eh_frame      0x000000000800d968        0x0 d:/st/stm32cubeide_1.8.0/stm32cubeide/plugins/com.st.stm32cube.ide.mcu.externaltools.gnu-tools-for-stm32.9-2020-q2-update.win32_2.0.0.202105311346/tools/bin/../lib/gcc/arm-none-eabi/9.3.1/thumb/v7e-m+fp/hard/crtbegin.o
 *(.init)
 .init          0x000000000800d968        0x4 d:/st/stm32cubeide_1.8.0/stm32cubeide/plugins/com.st.stm32cube.ide.mcu.externaltools.gnu-tools-for-stm32.9-2020-q2-update.win32_2.0.0.202105311346/tools/bin/../lib/gcc/arm-none-eabi/9.3.1/thumb/v7e-m+fp/hard/crti.o
                0x000000000800d968                _init
 .init          0x000000000800d96c        0x8 d:/st/stm32cubeide_1.8.0/stm32cubeide/plugins/com.st.stm32cube.ide.mcu.externaltools.gnu-tools-for-stm32.9-2020-q2-update.win32_2.0.0.202105311346/tools/bin/../lib/gcc/arm-none-eabi/9.3.1/thumb/v7e-m+fp/hard/crtn.o
 *(.fini)
 .fini          0x000000000800d974        0x4 d:/st/stm32cubeide_1.8.0/stm32cubeide/plugins/com.st.stm32cube.ide.mcu.externaltools.gnu-tools-for-stm32.9-2020-q2-update.win32_2.0.0.202105311346/tools/bin/../lib/gcc/arm-none-eabi/9.3.1/thumb/v7e-m+fp/hard/crti.o
                0x000000000800d974                _fini
 .fini          0x000000000800d978        0x8 d:/st/stm32cubeide_1.8.0/stm32cubeide/plugins/com.st.stm32cube.ide.mcu.externaltools.gnu-tools-for-stm32.9-2020-q2-update.win32_2.0.0.202105311346/tools/bin/../lib/gcc/arm-none-eabi/9.3.1/thumb/v7e-m+fp/hard/crtn.o
                0x000000000800d980                . = ALIGN (0x4)
                0x000000000800d980                _etext = .

.vfp11_veneer   0x000000000800d980        0x0
 .vfp11_veneer  0x000000000800d980        0x0 linker stubs

.v4_bx          0x000000000800d980        0x0
 .v4_bx         0x000000000800d980        0x0 linker stubs

.iplt           0x000000000800d980        0x0
 .iplt          0x000000000800d980        0x0 d:/st/stm32cubeide_1.8.0/stm32cubeide/plugins/com.st.stm32cube.ide.mcu.externaltools.gnu-tools-for-stm32.9-2020-q2-update.win32_2.0.0.202105311346/tools/bin/../lib/gcc/arm-none-eabi/9.3.1/thumb/v7e-m+fp/hard/crtbegin.o

.rodata         0x000000000800d980      0x624
                0x000000000800d980                . = ALIGN (0x4)
 *(.rodata)
 .rodata        0x000000000800d980       0x91 ./Core/Src/main.o
 *fill*         0x000000000800da11        0x3 
 .rodata        0x000000000800da14       0x7e ./Drivers/Bretts_Helper/Src/IMU/MPU9250.o
 *fill*         0x000000000800da92        0x2 
 .rodata        0x000000000800da94      0x10d ./Drivers/Bretts_Helper/Src/bretts_helper.o
 *(.rodata*)
 *fill*         0x000000000800dba1        0x3 
 .rodata.AHBPrescTable
                0x000000000800dba4       0x10 ./Core/Src/system_stm32f4xx.o
                0x000000000800dba4                AHBPrescTable
 .rodata.APBPrescTable
                0x000000000800dbb4        0x8 ./Core/Src/system_stm32f4xx.o
                0x000000000800dbb4                APBPrescTable
 .rodata.__sf_fake_stderr
                0x000000000800dbbc       0x20 d:/st/stm32cubeide_1.8.0/stm32cubeide/plugins/com.st.stm32cube.ide.mcu.externaltools.gnu-tools-for-stm32.9-2020-q2-update.win32_2.0.0.202105311346/tools/bin/../lib/gcc/arm-none-eabi/9.3.1/../../../../arm-none-eabi/lib/thumb/v7e-m+fp/hard\libc_nano.a(lib_a-findfp.o)
                0x000000000800dbbc                __sf_fake_stderr
 .rodata.__sf_fake_stdin
                0x000000000800dbdc       0x20 d:/st/stm32cubeide_1.8.0/stm32cubeide/plugins/com.st.stm32cube.ide.mcu.externaltools.gnu-tools-for-stm32.9-2020-q2-update.win32_2.0.0.202105311346/tools/bin/../lib/gcc/arm-none-eabi/9.3.1/../../../../arm-none-eabi/lib/thumb/v7e-m+fp/hard\libc_nano.a(lib_a-findfp.o)
                0x000000000800dbdc                __sf_fake_stdin
 .rodata.__sf_fake_stdout
                0x000000000800dbfc       0x20 d:/st/stm32cubeide_1.8.0/stm32cubeide/plugins/com.st.stm32cube.ide.mcu.externaltools.gnu-tools-for-stm32.9-2020-q2-update.win32_2.0.0.202105311346/tools/bin/../lib/gcc/arm-none-eabi/9.3.1/../../../../arm-none-eabi/lib/thumb/v7e-m+fp/hard\libc_nano.a(lib_a-findfp.o)
                0x000000000800dbfc                __sf_fake_stdout
 .rodata._global_impure_ptr
                0x000000000800dc1c        0x4 d:/st/stm32cubeide_1.8.0/stm32cubeide/plugins/com.st.stm32cube.ide.mcu.externaltools.gnu-tools-for-stm32.9-2020-q2-update.win32_2.0.0.202105311346/tools/bin/../lib/gcc/arm-none-eabi/9.3.1/../../../../arm-none-eabi/lib/thumb/v7e-m+fp/hard\libc_nano.a(lib_a-impure.o)
                0x000000000800dc1c                _global_impure_ptr
 .rodata._vfprintf_r.str1.1
                0x000000000800dc20       0x11 d:/st/stm32cubeide_1.8.0/stm32cubeide/plugins/com.st.stm32cube.ide.mcu.externaltools.gnu-tools-for-stm32.9-2020-q2-update.win32_2.0.0.202105311346/tools/bin/../lib/gcc/arm-none-eabi/9.3.1/../../../../arm-none-eabi/lib/thumb/v7e-m+fp/hard\libc_nano.a(lib_a-nano-vfprintf.o)
 .rodata._printf_float.str1.1
                0x000000000800dc31       0x12 d:/st/stm32cubeide_1.8.0/stm32cubeide/plugins/com.st.stm32cube.ide.mcu.externaltools.gnu-tools-for-stm32.9-2020-q2-update.win32_2.0.0.202105311346/tools/bin/../lib/gcc/arm-none-eabi/9.3.1/../../../../arm-none-eabi/lib/thumb/v7e-m+fp/hard\libc_nano.a(lib_a-nano-vfprintf_float.o)
 .rodata._printf_i.str1.1
                0x000000000800dc43       0x22 d:/st/stm32cubeide_1.8.0/stm32cubeide/plugins/com.st.stm32cube.ide.mcu.externaltools.gnu-tools-for-stm32.9-2020-q2-update.win32_2.0.0.202105311346/tools/bin/../lib/gcc/arm-none-eabi/9.3.1/../../../../arm-none-eabi/lib/thumb/v7e-m+fp/hard\libc_nano.a(lib_a-nano-vfprintf_i.o)
 .rodata._dtoa_r.str1.1
                0x000000000800dc65       0x94 d:/st/stm32cubeide_1.8.0/stm32cubeide/plugins/com.st.stm32cube.ide.mcu.externaltools.gnu-tools-for-stm32.9-2020-q2-update.win32_2.0.0.202105311346/tools/bin/../lib/gcc/arm-none-eabi/9.3.1/../../../../arm-none-eabi/lib/thumb/v7e-m+fp/hard\libc_nano.a(lib_a-dtoa.o)
                                         0x96 (size before relaxing)
 .rodata._Balloc.str1.1
                0x000000000800dcf9       0x60 d:/st/stm32cubeide_1.8.0/stm32cubeide/plugins/com.st.stm32cube.ide.mcu.externaltools.gnu-tools-for-stm32.9-2020-q2-update.win32_2.0.0.202105311346/tools/bin/../lib/gcc/arm-none-eabi/9.3.1/../../../../arm-none-eabi/lib/thumb/v7e-m+fp/hard\libc_nano.a(lib_a-mprec.o)
                                         0x77 (size before relaxing)
 .rodata.__multadd.str1.1
                0x000000000800dd59       0x11 d:/st/stm32cubeide_1.8.0/stm32cubeide/plugins/com.st.stm32cube.ide.mcu.externaltools.gnu-tools-for-stm32.9-2020-q2-update.win32_2.0.0.202105311346/tools/bin/../lib/gcc/arm-none-eabi/9.3.1/../../../../arm-none-eabi/lib/thumb/v7e-m+fp/hard\libc_nano.a(lib_a-mprec.o)
 *fill*         0x000000000800dd59        0x7 
 .rodata.__mprec_bigtens
                0x000000000800dd60       0x28 d:/st/stm32cubeide_1.8.0/stm32cubeide/plugins/com.st.stm32cube.ide.mcu.externaltools.gnu-tools-for-stm32.9-2020-q2-update.win32_2.0.0.202105311346/tools/bin/../lib/gcc/arm-none-eabi/9.3.1/../../../../arm-none-eabi/lib/thumb/v7e-m+fp/hard\libc_nano.a(lib_a-mprec.o)
                0x000000000800dd60                __mprec_bigtens
 .rodata.__mprec_tens
                0x000000000800dd88       0xc8 d:/st/stm32cubeide_1.8.0/stm32cubeide/plugins/com.st.stm32cube.ide.mcu.externaltools.gnu-tools-for-stm32.9-2020-q2-update.win32_2.0.0.202105311346/tools/bin/../lib/gcc/arm-none-eabi/9.3.1/../../../../arm-none-eabi/lib/thumb/v7e-m+fp/hard\libc_nano.a(lib_a-mprec.o)
                0x000000000800dd88                __mprec_tens
 .rodata.p05.7513
                0x000000000800de50        0xc d:/st/stm32cubeide_1.8.0/stm32cubeide/plugins/com.st.stm32cube.ide.mcu.externaltools.gnu-tools-for-stm32.9-2020-q2-update.win32_2.0.0.202105311346/tools/bin/../lib/gcc/arm-none-eabi/9.3.1/../../../../arm-none-eabi/lib/thumb/v7e-m+fp/hard\libc_nano.a(lib_a-mprec.o)
 .rodata.__assert_func.str1.1
                0x000000000800de5c       0x3c d:/st/stm32cubeide_1.8.0/stm32cubeide/plugins/com.st.stm32cube.ide.mcu.externaltools.gnu-tools-for-stm32.9-2020-q2-update.win32_2.0.0.202105311346/tools/bin/../lib/gcc/arm-none-eabi/9.3.1/../../../../arm-none-eabi/lib/thumb/v7e-m+fp/hard\libc_nano.a(lib_a-assert.o)
                                         0x3d (size before relaxing)
 .rodata._setlocale_r.str1.1
                0x000000000800de98        0x8 d:/st/stm32cubeide_1.8.0/stm32cubeide/plugins/com.st.stm32cube.ide.mcu.externaltools.gnu-tools-for-stm32.9-2020-q2-update.win32_2.0.0.202105311346/tools/bin/../lib/gcc/arm-none-eabi/9.3.1/../../../../arm-none-eabi/lib/thumb/v7e-m+fp/hard\libc_nano.a(lib_a-locale.o)
                                          0x9 (size before relaxing)
 .rodata.str1.1
                0x000000000800dea0        0x2 d:/st/stm32cubeide_1.8.0/stm32cubeide/plugins/com.st.stm32cube.ide.mcu.externaltools.gnu-tools-for-stm32.9-2020-q2-update.win32_2.0.0.202105311346/tools/bin/../lib/gcc/arm-none-eabi/9.3.1/../../../../arm-none-eabi/lib/thumb/v7e-m+fp/hard\libc_nano.a(lib_a-locale.o)
 .rodata._ctype_
                0x000000000800dea2      0x101 d:/st/stm32cubeide_1.8.0/stm32cubeide/plugins/com.st.stm32cube.ide.mcu.externaltools.gnu-tools-for-stm32.9-2020-q2-update.win32_2.0.0.202105311346/tools/bin/../lib/gcc/arm-none-eabi/9.3.1/../../../../arm-none-eabi/lib/thumb/v7e-m+fp/hard\libc_nano.a(lib_a-ctype_.o)
                0x000000000800dea2                _ctype_
                0x000000000800dfa4                . = ALIGN (0x4)
 *fill*         0x000000000800dfa3        0x1 

.ARM.extab      0x000000000800dfa4        0x0
                0x000000000800dfa4                . = ALIGN (0x4)
 *(.ARM.extab* .gnu.linkonce.armextab.*)
                0x000000000800dfa4                . = ALIGN (0x4)

.ARM            0x000000000800dfa4        0x8